
Allocating common symbols
Common symbol       size              file

netbufpool          0x4               binaries/net.o
readylist           0x2               binaries/ready.o
rfltab              0x5a0             binaries/rflinit.o
netportseed         0x8               binaries/net.o
sleepq              0x2               binaries/clkinit.o
b_cnt               0x4               binaries/main.o
nnames              0x4               binaries/naminit.o
prC                 0x4               binaries/main.o
udptab              0x168             binaries/udp.o
minheap             0x4               binaries/meminit.o
marks               0x50              binaries/mark.o
currpid             0x4               binaries/initialize.o
Lf_data             0x20c             binaries/lfsinit.o
porttab             0x2d0             binaries/ptinit.o
girmask             0x2               binaries/evec.o
ttytab              0x110             binaries/ttyinit.o
ptcopy              0x4               binaries/Lottery_scheduler.o
proctab             0x20d0            binaries/initialize.o
prcount             0x4               binaries/initialize.o
d_cnt               0x4               binaries/main.o
lfltab              0xf00             binaries/lflinit.o
ptnew               0x4               binaries/Lottery_scheduler.o
prA                 0x4               binaries/main.o
rdstab              0x7c              binaries/rdsinit.o
ethertab            0x130             binaries/ethinit.o
prD                 0x4               binaries/main.o
NetData             0xb0              binaries/net.o
nmarks              0x4               binaries/mark.o
initsp              0x4               binaries/i386.o
Defer               0x8               binaries/resched.o
semtab              0x4b0             binaries/initialize.o
maxheap             0x4               binaries/meminit.o
preempt             0x4               binaries/clkinit.o
buftab              0xf0              binaries/bufinit.o
Rf_data             0x18              binaries/rfsinit.o
current             0x4               binaries/Lottery_scheduler.o
a_cnt               0x4               binaries/main.o
mkmutex             0x4               binaries/mark.o
c_cnt               0x4               binaries/main.o
clktime             0x4               binaries/clkinit.o
user_list           0x2               binaries/ready.o
arpcache            0x140             binaries/arp.o
icmptab             0x230             binaries/icmp.o
nbpools             0x4               binaries/bufinit.o
queuetab            0x990             binaries/queue.o
ptnextid            0x4               binaries/ptinit.o
Ram                 0x19000           binaries/raminit.o
ipoqueue            0x2c              binaries/ip.o
prB                 0x4               binaries/main.o
pid_is              0x4               binaries/Lottery_scheduler.o
memlist             0x8               binaries/initialize.o
nametab             0x5200            binaries/naminit.o
ptfree              0x4               binaries/ptinit.o

Memory Configuration

Name             Origin             Length             Attributes
*default*        0x0000000000000000 0xffffffffffffffff

Linker script and memory map

                0x0000000000100000                physbase = 0x100000
                0x0000000000100000                . = physbase
                0x0000000000100000                . = ALIGN (0x1000)

.text           0x0000000000100000    0x1d000
                0x0000000000100000                text = ABSOLUTE (.)
 *(.text .text.*)
 .text          0x0000000000100000      0x165 binaries/start.o
                0x0000000000100020                entry
                0x000000000010003d                start
                0x00000000001000a5                inb
                0x00000000001000ad                inw
                0x00000000001000b6                inl
                0x00000000001000be                outb
                0x00000000001000c8                outw
                0x00000000001000d3                outl
                0x00000000001000dd                _rtcin
                0x00000000001000e8                ___udivsi3
                0x00000000001000f3                ___divsi3
                0x00000000001000ff                sbzero
                0x000000000010010f                bcopy
                0x0000000000100123                insw
                0x0000000000100139                outsw
                0x000000000010014f                lidt
                0x0000000000100157                jumptocode
                0x000000000010015e                jumptobootcode
 .text          0x0000000000100165      0x405 binaries/ascdate.o
                0x0000000000100165                ascdate
 .text          0x000000000010056a       0x14 binaries/bufinit.o
                0x000000000010056a                bufinit
 .text          0x000000000010057e       0x91 binaries/chprio.o
                0x000000000010057e                chprio
 .text          0x000000000010060f       0xea binaries/clkhandler.o
                0x000000000010060f                clkhandler
 .text          0x00000000001006f9       0x89 binaries/clkinit.o
                0x00000000001006f9                clkinit
 .text          0x0000000000100782       0x6a binaries/close.o
                0x0000000000100782                close
 .text          0x00000000001007ec        0x0 binaries/conf.o
 .text          0x00000000001007ec       0x7f binaries/control.o
                0x00000000001007ec                control
 .text          0x000000000010086b      0x2b9 binaries/create.o
                0x000000000010086b                create
                0x0000000000100ab1                newpid
 .text          0x0000000000100b24      0x311 binaries/create_user_process.o
                0x0000000000100b24                set_tickets
                0x0000000000100b6c                burst_execution
                0x0000000000100bc0                create_user_process
 .text          0x0000000000100e35      0x36f binaries/evec.o
                0x0000000000100e35                initevec
                0x0000000000100e8b                set_evec
                0x0000000000100f2d                trap
 .text          0x00000000001011a4       0x15 binaries/exit.o
                0x00000000001011a4                exit
 .text          0x00000000001011b9       0x82 binaries/freebuf.o
                0x00000000001011b9                freebuf
 .text          0x000000000010123b      0x167 binaries/freemem.o
                0x000000000010123b                freemem
 .text          0x00000000001013a2       0x80 binaries/getbuf.o
                0x00000000001013a2                getbuf
 .text          0x0000000000101422       0x6a binaries/getc.o
                0x0000000000101422                getc
 .text          0x000000000010148c       0x72 binaries/getdev.o
                0x000000000010148c                getdev
 .text          0x00000000001014fe       0xc8 binaries/getitem.o
                0x00000000001014fe                getfirst
                0x000000000010153f                getlast
                0x0000000000101582                getitem
 .text          0x00000000001015c6       0xfb binaries/getmem.o
                0x00000000001015c6                getmem
 .text          0x00000000001016c1        0xa binaries/getpid.o
                0x00000000001016c1                getpid
 .text          0x00000000001016cb       0x79 binaries/getprio.o
                0x00000000001016cb                getprio
 .text          0x0000000000101744       0xf2 binaries/getstk.o
                0x0000000000101744                getstk
 .text          0x0000000000101836       0x16 binaries/getticks.o
                0x0000000000101836                getticks
 .text          0x000000000010184c       0x36 binaries/gettime.o
                0x000000000010184c                gettime
 .text          0x0000000000101882      0x1ff binaries/getutime.o
                0x0000000000101882                getutime
 .text          0x0000000000101a81      0x409 binaries/i386.o
                0x0000000000101a81                setsegs
                0x0000000000101b98                init8259
                0x0000000000101c6d                pseg
                0x0000000000101e30                setirmask
 .text          0x0000000000101e8a       0x6a binaries/init.o
                0x0000000000101e8a                init
 .text          0x0000000000101ef4      0x401 binaries/initialize.o
                0x0000000000101ef4                nulluser
                0x00000000001022a0                stop
                0x00000000001022c7                delay
 .text          0x00000000001022f5       0xdf binaries/insert.o
                0x00000000001022f5                insert
 .text          0x00000000001023d4      0x111 binaries/insertd.o
                0x00000000001023d4                insertd
 .text          0x00000000001024e5        0xa binaries/ioerr.o
                0x00000000001024e5                ioerr
 .text          0x00000000001024ef        0xa binaries/ionull.o
                0x00000000001024ef                ionull
 .text          0x00000000001024f9      0x1aa binaries/kill.o
                0x00000000001024f9                kill
 .text          0x00000000001026a3      0x17b binaries/kprintf.o
                0x00000000001026a3                kputc
                0x000000000010274c                kgetc
                0x00000000001027f1                kprintf
 .text          0x000000000010281e      0x3e0 binaries/Lottery_scheduler.o
                0x000000000010281e                Find_winner
                0x00000000001028bb                Lottery_scheduler
                0x0000000000102ab3                Create_list_of_tickets
                0x0000000000102b83                printList
 .text          0x0000000000102bfe      0x27e binaries/main.o
                0x0000000000102bfe                compute
                0x0000000000102c60                main
 .text          0x0000000000102e7c       0xac binaries/mark.o
                0x0000000000102e7c                markinit
                0x0000000000102e9f                mark
 .text          0x0000000000102f28       0xca binaries/meminit.o
                0x0000000000102f28                meminit
 .text          0x0000000000102ff2      0x15f binaries/mkbufpool.o
                0x0000000000102ff2                mkbufpool
 .text          0x0000000000103151       0x94 binaries/newqueue.o
                0x0000000000103151                newqueue
 .text          0x00000000001031e5       0x78 binaries/open.o
                0x00000000001031e5                open
 .text          0x000000000010325d       0x20 binaries/panic.o
                0x000000000010325d                panic
 .text          0x000000000010327d      0x498 binaries/pci.o
                0x000000000010327d                pci_init
                0x0000000000103549                find_pci_device
                0x0000000000103597                pci_bios_read_config_byte
                0x00000000001035d6                pci_bios_read_config_word
                0x0000000000103618                pci_bios_read_config_dword
                0x0000000000103657                pci_bios_write_config_byte
                0x0000000000103698                pci_bios_write_config_word
                0x00000000001036da                pci_bios_write_config_dword
 .text          0x0000000000103715       0xe6 binaries/ptclear.o
                0x0000000000103715                _ptclear
 .text          0x00000000001037fb       0x8f binaries/ptcount.o
                0x00000000001037fb                ptcount
 .text          0x000000000010388a      0x105 binaries/ptcreate.o
                0x000000000010388a                ptcreate
 .text          0x000000000010398f       0x80 binaries/ptdelete.o
                0x000000000010398f                ptdelete
 .text          0x0000000000103a0f       0xb7 binaries/ptinit.o
                0x0000000000103a0f                ptinit
 .text          0x0000000000103ac6      0x10a binaries/ptrecv.o
                0x0000000000103ac6                ptrecv
 .text          0x0000000000103bd0       0x78 binaries/ptreset.o
                0x0000000000103bd0                ptreset
 .text          0x0000000000103c48      0x128 binaries/ptsend.o
                0x0000000000103c48                ptsend
 .text          0x0000000000103d70       0x78 binaries/putc.o
                0x0000000000103d70                putc
 .text          0x0000000000103de8      0x1b5 binaries/queue.o
                0x0000000000103de8                enqueue
                0x0000000000103e8d                dequeue
                0x0000000000103ef6                print_queue
 .text          0x0000000000103f9d       0x78 binaries/read.o
                0x0000000000103f9d                read
 .text          0x0000000000104015      0x13d binaries/ready.o
                0x0000000000104015                print_ready_list
                0x0000000000104077                ready
 .text          0x0000000000104152       0x62 binaries/receive.o
                0x0000000000104152                receive
 .text          0x00000000001041b4       0x5e binaries/recvclr.o
                0x00000000001041b4                recvclr
 .text          0x0000000000104212       0xbd binaries/recvtime.o
                0x0000000000104212                recvtime
 .text          0x00000000001042cf      0x32a binaries/resched.o
                0x00000000001042cf                resched
                0x0000000000104584                resched_cntl
 .text          0x00000000001045f9       0xa8 binaries/resume.o
                0x00000000001045f9                resume
 .text          0x00000000001046a1       0x71 binaries/seek.o
                0x00000000001046a1                seek
 .text          0x0000000000104712       0x69 binaries/semcount.o
                0x0000000000104712                semcount
 .text          0x000000000010477b       0xcf binaries/semcreate.o
                0x000000000010477b                semcreate
 .text          0x000000000010484a       0xba binaries/semdelete.o
                0x000000000010484a                semdelete
 .text          0x0000000000104904       0xbc binaries/semreset.o
                0x0000000000104904                semreset
 .text          0x00000000001049c0       0xde binaries/send.o
                0x00000000001049c0                send
 .text          0x0000000000104a9e       0x97 binaries/signal.o
                0x0000000000104a9e                signal
 .text          0x0000000000104b35       0xc3 binaries/signaln.o
                0x0000000000104b35                signaln
 .text          0x0000000000104bf8       0xe8 binaries/sleep.o
                0x0000000000104bf8                sleep
                0x0000000000104c42                sleepms
 .text          0x0000000000104ce0      0x1b5 binaries/stacktrace.o
                0x0000000000104ce0                stacktrace
 .text          0x0000000000104e95       0xde binaries/suspend.o
                0x0000000000104e95                suspend
 .text          0x0000000000104f73       0xe0 binaries/unsleep.o
                0x0000000000104f73                unsleep
 .text          0x0000000000105053       0x15 binaries/userret.o
                0x0000000000105053                userret
 .text          0x0000000000105068       0xd6 binaries/wait.o
                0x0000000000105068                wait
 .text          0x000000000010513e       0x68 binaries/wakeup.o
                0x000000000010513e                wakeup
 .text          0x00000000001051a6       0x78 binaries/write.o
                0x00000000001051a6                write
 .text          0x000000000010521e       0x19 binaries/xdone.o
                0x000000000010521e                xdone
 .text          0x0000000000105237       0x25 binaries/yield.o
                0x0000000000105237                yield
 .text          0x000000000010525c       0x11 binaries/abs.o
                0x000000000010525c                abs
 .text          0x000000000010526d       0x8f binaries/atoi.o
                0x000000000010526d                atoi
 .text          0x00000000001052fc       0x8f binaries/atol.o
                0x00000000001052fc                atol
 .text          0x000000000010538b       0x31 binaries/bzero.o
                0x000000000010538b                bzero
 .text          0x00000000001053bc        0x0 binaries/ctype_.o
 .text          0x00000000001053bc      0x8f8 binaries/doprnt.o
                0x00000000001053bc                _doprnt
 .text          0x0000000000105cb4      0x6a2 binaries/doscan.o
                0x0000000000105cb4                _doscan
 .text          0x0000000000106356      0x723 binaries/fdoprnt.o
                0x0000000000106356                _fdoprnt
 .text          0x0000000000106a79       0x26 binaries/fgetc.o
                0x0000000000106a79                fgetc
 .text          0x0000000000106a9f       0x72 binaries/fgets.o
                0x0000000000106a9f                fgets
 .text          0x0000000000106b11       0x34 binaries/fprintf.o
                0x0000000000106b11                fprintf
 .text          0x0000000000106b45       0x2c binaries/fputc.o
                0x0000000000106b45                fputc
 .text          0x0000000000106b71       0x43 binaries/fputs.o
                0x0000000000106b71                fputs
 .text          0x0000000000106bb4       0x92 binaries/fscanf.o
                0x0000000000106bb4                fscanf
 .text          0x0000000000106c46       0x2f binaries/getchar.o
                0x0000000000106c46                getchar
 .text          0x0000000000106c75       0x11 binaries/labs.o
                0x0000000000106c75                labs
 .text          0x0000000000106c86       0x51 binaries/memcmp.o
                0x0000000000106c86                memcmp
 .text          0x0000000000106cd7       0x3f binaries/memcpy.o
                0x0000000000106cd7                memcpy
 .text          0x0000000000106d16       0x30 binaries/memset.o
                0x0000000000106d16                memset
 .text          0x0000000000106d46       0x52 binaries/printf.o
                0x0000000000106d46                printf
 .text          0x0000000000106d98       0x36 binaries/putchar.o
                0x0000000000106d98                putchar
 .text          0x0000000000106dce      0x28c binaries/qsort.o
                0x0000000000106dce                qsort
 .text          0x000000000010705a       0x5f binaries/rand.o
                0x000000000010705a                rand
                0x000000000010706e                rand_r
                0x00000000001070ac                srand
 .text          0x00000000001070b9       0x6f binaries/sprintf.o
                0x00000000001070b9                sprintf
 .text          0x0000000000107128       0x7f binaries/sscanf.o
                0x0000000000107128                sscanf
 .text          0x00000000001071a7       0x3c binaries/strchr.o
                0x00000000001071a7                strchr
 .text          0x00000000001071e3       0x45 binaries/strcmp.o
                0x00000000001071e3                strcmp
 .text          0x0000000000107228       0x27 binaries/strcpy.o
                0x0000000000107228                strcpy
 .text          0x000000000010724f       0x26 binaries/strlen.o
                0x000000000010724f                strlen
 .text          0x0000000000107275       0x56 binaries/strncat.o
                0x0000000000107275                strncat
 .text          0x00000000001072cb       0x5e binaries/strncmp.o
                0x00000000001072cb                strncmp
 .text          0x0000000000107329       0x4f binaries/strncpy.o
                0x0000000000107329                strncpy
 .text          0x0000000000107378       0x2e binaries/strnlen.o
                0x0000000000107378                strnlen
 .text          0x00000000001073a6       0x45 binaries/strrchr.o
                0x00000000001073a6                strrchr
 .text          0x00000000001073eb       0x6d binaries/strstr.o
                0x00000000001073eb                strstr
 .text          0x0000000000107458       0xd8 binaries/ttycontrol.o
                0x0000000000107458                ttycontrol
 .text          0x0000000000107530       0x93 binaries/ttygetc.o
                0x0000000000107530                ttygetc
 .text          0x00000000001075c3      0x756 binaries/ttyhandle_in.o
                0x00000000001075c3                ttyhandle_in
 .text          0x0000000000107d19      0x19f binaries/ttyhandle_out.o
                0x0000000000107d19                ttyhandle_out
 .text          0x0000000000107eb8       0xc6 binaries/ttyhandler.o
                0x0000000000107eb8                ttyhandler
 .text          0x0000000000107f7e      0x22b binaries/ttyinit.o
                0x0000000000107f7e                ttyinit
 .text          0x00000000001081a9       0x1d binaries/ttykickout.o
                0x00000000001081a9                ttykickout
 .text          0x00000000001081c6       0xb2 binaries/ttyputc.o
                0x00000000001081c6                ttyputc
 .text          0x0000000000108278      0x10f binaries/ttyread.o
                0x0000000000108278                ttyread
 .text          0x0000000000108387       0x4f binaries/ttywrite.o
                0x0000000000108387                ttywrite
 .text          0x00000000001083d6      0x16a binaries/mount.o
                0x00000000001083d6                mount
                0x000000000010850a                namlen
 .text          0x0000000000108540      0x229 binaries/naminit.o
                0x0000000000108540                naminit
 .text          0x0000000000108769      0x216 binaries/nammap.o
                0x0000000000108769                nammap
                0x00000000001087fa                namrepl
                0x000000000010892f                namcpy
 .text          0x000000000010897f       0x55 binaries/namopen.o
                0x000000000010897f                namopen
 .text          0x00000000001089d4      0xfa3 binaries/82545EMInit.o
                0x0000000000108a2b                _82545EMInit
                0x00000000001097d1                _82545EM_read_phy_reg
                0x00000000001098a0                _82545EM_write_phy_reg
 .text          0x0000000000109977      0x24c binaries/ethcontrol.o
                0x00000000001099ce                ethcontrol
                0x0000000000109b4b                ethIrqDisable
                0x0000000000109b87                ethIrqEnable
 .text          0x0000000000109bc3      0x241 binaries/ethhandler.o
                0x0000000000109d34                ethhandler
 .text          0x0000000000109e04      0x122 binaries/ethinit.o
                0x0000000000109e04                ethinit
 .text          0x0000000000109f26      0x1f0 binaries/ethread.o
                0x0000000000109f7d                ethread
 .text          0x000000000010a116      0x19a binaries/ethwrite.o
                0x000000000010a16d                ethwrite
 .text          0x000000000010a2b0      0x2c1 binaries/rdscomm.o
                0x000000000010a2b0                rdscomm
 .text          0x000000000010a571      0x21b binaries/rdscontrol.o
                0x000000000010a571                rdscontrol
 .text          0x000000000010a78c       0x4e binaries/rdsinit.o
                0x000000000010a78c                rdsinit
 .text          0x000000000010a7da      0x385 binaries/rdsopen.o
                0x000000000010a7da                rdsopen
 .text          0x000000000010ab5f      0x40d binaries/rdsprocess.o
                0x000000000010ab5f                rdsprocess
 .text          0x000000000010af6c      0x5b2 binaries/rdsqfcns.o
                0x000000000010af6c                rdqunlink
                0x000000000010b00e                rdqinsert
                0x000000000010b063                rdcunlink
                0x000000000010b10d                rdcinsert
                0x000000000010b1ee                edqdump
                0x000000000010b3aa                edcdump
 .text          0x000000000010b51e      0x1d7 binaries/rdsread.o
                0x000000000010b51e                rdsread
 .text          0x000000000010b6f5       0x5d binaries/rdssetprio.o
                0x000000000010b6f5                rdssetprio
 .text          0x000000000010b752      0x117 binaries/rdswrite.o
                0x000000000010b752                rdswrite
 .text          0x000000000010b869        0xa binaries/ramclose.o
                0x000000000010b869                ramclose
 .text          0x000000000010b873       0x45 binaries/raminit.o
                0x000000000010b873                raminit
 .text          0x000000000010b8b8        0xa binaries/ramopen.o
                0x000000000010b8b8                ramopen
 .text          0x000000000010b8c2       0x35 binaries/ramread.o
                0x000000000010b8c2                ramread
 .text          0x000000000010b8f7       0x36 binaries/ramwrite.o
                0x000000000010b8f7                ramwrite
 .text          0x000000000010b92d       0x9e binaries/lfdballoc.o
                0x000000000010b92d                lfdballoc
 .text          0x000000000010b9cb       0x62 binaries/lfdbfree.o
                0x000000000010b9cb                lfdbfree
 .text          0x000000000010ba2d       0xbf binaries/lfflush.o
                0x000000000010ba2d                lfflush
 .text          0x000000000010baec       0xd8 binaries/lfgetmode.o
                0x000000000010baec                lfgetmode
 .text          0x000000000010bbc4       0x6c binaries/lfiballoc.o
                0x000000000010bbc4                lfiballoc
 .text          0x000000000010bc30       0x3b binaries/lfibclear.o
                0x000000000010bc30                lfibclear
 .text          0x000000000010bc6b       0xae binaries/lfibget.o
                0x000000000010bc6b                lfibget
 .text          0x000000000010bd19       0xe0 binaries/lfibput.o
                0x000000000010bd19                lfibput
 .text          0x000000000010bdf9       0x93 binaries/lflclose.o
                0x000000000010bdf9                lflclose
 .text          0x000000000010be8c       0xb5 binaries/lflcontrol.o
                0x000000000010be8c                lflcontrol
 .text          0x000000000010bf41       0xdf binaries/lflgetc.o
                0x000000000010bf41                lflgetc
 .text          0x000000000010c020       0xfb binaries/lflinit.o
                0x000000000010c020                lflinit
 .text          0x000000000010c11b      0x10f binaries/lflputc.o
                0x000000000010c11b                lflputc
 .text          0x000000000010c22a       0x6d binaries/lflread.o
                0x000000000010c22a                lflread
 .text          0x000000000010c297       0x9c binaries/lflseek.o
                0x000000000010c297                lflseek
 .text          0x000000000010c333       0x55 binaries/lflwrite.o
                0x000000000010c333                lflwrite
 .text          0x000000000010c388       0x62 binaries/lfscheck.o
                0x000000000010c388                lfscheck
 .text          0x000000000010c3ea      0x176 binaries/lfsckfmt.o
                0x000000000010c3ea                lfsckfmt
 .text          0x000000000010c560      0x221 binaries/lfscreate.o
                0x000000000010c560                lfscreate
 .text          0x000000000010c781      0x282 binaries/lfsetup.o
                0x000000000010c781                lfsetup
 .text          0x000000000010ca03       0x55 binaries/lfsinit.o
                0x000000000010ca03                lfsinit
 .text          0x000000000010ca58      0x3cb binaries/lfsopen.o
                0x000000000010ca58                lfsopen
 .text          0x000000000010ce23      0x161 binaries/lftruncate.o
                0x000000000010ce23                lftruncate
 .text          0x000000000010cf84      0x1a5 binaries/rflclose.o
                0x000000000010cf84                rflclose
 .text          0x000000000010d129       0x5d binaries/rflgetc.o
                0x000000000010d129                rflgetc
 .text          0x000000000010d186       0x76 binaries/rflinit.o
                0x000000000010d186                rflinit
 .text          0x000000000010d1fc       0x39 binaries/rflputc.o
                0x000000000010d1fc                rflputc
 .text          0x000000000010d235      0x386 binaries/rflread.o
                0x000000000010d235                rflread
 .text          0x000000000010d5bb       0x68 binaries/rflseek.o
                0x000000000010d5bb                rflseek
 .text          0x000000000010d623      0x336 binaries/rflwrite.o
                0x000000000010d623                rflwrite
 .text          0x000000000010d959      0x22f binaries/rfscomm.o
                0x000000000010d959                rfscomm
 .text          0x000000000010db88      0x258 binaries/rfscontrol.o
                0x000000000010db88                rfscontrol
 .text          0x000000000010dde0       0xd8 binaries/rfsgetmode.o
                0x000000000010dde0                rfsgetmode
 .text          0x000000000010deb8       0x61 binaries/rfsinit.o
                0x000000000010deb8                rfsinit
 .text          0x000000000010df19      0x128 binaries/rfsndmsg.o
                0x000000000010df19                rfsndmsg
 .text          0x000000000010e041      0x28d binaries/rfsopen.o
                0x000000000010e041                rfsopen
 .text          0x000000000010e2ce      0x855 binaries/arp.o
                0x000000000010e2ce                arp_init
                0x000000000010e300                arp_resolve
                0x000000000010e5cd                arp_in
                0x000000000010e87f                arp_alloc
                0x000000000010e94b                arp_ntoh
                0x000000000010ea37                arp_hton
 .text          0x000000000010eb23      0x947 binaries/dhcp.o
                0x000000000010eb23                dhcp_get_opt_val
                0x000000000010eb7c                dhcp_bld_bootp_msg
                0x000000000010eca6                dhcp_bld_disc
                0x000000000010ed8c                dhcp_bld_req
                0x000000000010ef09                getlocalip
 .text          0x000000000010f46a      0x6e3 binaries/dns.o
                0x000000000010f46a                dnslookup
 .text          0x000000000010fb4d       0xe0 binaries/dot2ip.o
                0x000000000010fb4d                dot2ip
 .text          0x000000000010fc2d      0x468 binaries/hexdump.o
                0x000000000010fc2d                hexdump
                0x000000000010fdb0                hexadump
 .text          0x0000000000110095      0x8c4 binaries/icmp.o
                0x0000000000110095                icmp_init
                0x00000000001100cb                icmp_in
                0x00000000001102d3                icmp_register
                0x00000000001103c5                icmp_recv
                0x000000000011053e                icmp_send
                0x00000000001105d3                icmp_mkpkt
                0x00000000001106ee                icmp_release
                0x00000000001107de                icmp_cksum
                0x0000000000110871                icmp_hton
                0x00000000001108e5                icmp_ntoh
 .text          0x0000000000110959      0x81d binaries/ip.o
                0x0000000000110959                ip_in
                0x0000000000110aa5                ip_send
                0x0000000000110be7                ip_local
                0x0000000000110c2a                ip_out
                0x0000000000110d57                ipcksum
                0x0000000000110ddd                ip_ntoh
                0x0000000000110ec9                ip_hton
                0x0000000000110fb5                ipout
                0x00000000001110d7                ip_enqueue
 .text          0x0000000000111176      0x2ed binaries/net.o
                0x0000000000111176                net_init
                0x00000000001112ce                netin
                0x000000000011137a                eth_hton
                0x00000000001113a4                eth_ntoh
                0x00000000001113ce                getport
 .text          0x0000000000111463     0x1539 binaries/pdump.o
                0x0000000000111463                pdump
                0x000000000011227f                pdumph
 .text          0x000000000011299c      0x64a binaries/tftp.o
                0x000000000011299c                tftp_send1
                0x0000000000112b2c                tftpget
                0x0000000000112b6e                tftpget_mb
 .text          0x0000000000112fe6      0xb08 binaries/udp.o
                0x0000000000112fe6                udp_init
                0x000000000011301a                udp_in
                0x0000000000113155                udp_register
                0x0000000000113289                udp_recv
                0x000000000011340f                udp_recvaddr
                0x00000000001135ad                udp_send
                0x000000000011377c                udp_sendto
                0x0000000000113917                udp_release
                0x0000000000113a04                udp_ntoh
                0x0000000000113a79                udp_hton
 .text          0x0000000000113aee      0x139 binaries/addargs.o
                0x0000000000113aee                addargs
 .text          0x0000000000113c27      0x2c9 binaries/lexan.o
                0x0000000000113c27                lexan
 .text          0x0000000000113ef0      0x6f1 binaries/shell.o
                0x0000000000113ef0                shell
 .text          0x00000000001145e1       0x68 binaries/xsh_argecho.o
                0x00000000001145e1                xsh_argecho
 .text          0x0000000000114649      0x23a binaries/xsh_arp.o
                0x0000000000114649                xsh_arp
 .text          0x0000000000114883      0x263 binaries/xsh_cat.o
                0x0000000000114883                xsh_cat
 .text          0x0000000000114ae6       0x5e binaries/xsh_clear.o
                0x0000000000114ae6                xsh_clear
 .text          0x0000000000114b44      0x2f9 binaries/xsh_date.o
                0x0000000000114b44                xsh_date
 .text          0x0000000000114e3d       0xb0 binaries/xsh_devdump.o
                0x0000000000114e3d                xsh_devdump
 .text          0x0000000000114eed       0x6c binaries/xsh_echo.o
                0x0000000000114eed                xsh_echo
 .text          0x0000000000114f59        0xa binaries/xsh_exit.o
                0x0000000000114f59                xsh_exit
 .text          0x0000000000114f63      0x372 binaries/xsh_help.o
                0x0000000000114f63                xsh_help
 .text          0x00000000001152d5      0x24b binaries/xsh_kill.o
                0x00000000001152d5                xsh_kill
 .text          0x0000000000115520      0x563 binaries/xsh_ls.o
                0x0000000000115520                xsh_ls
 .text          0x0000000000115a83      0x528 binaries/xsh_memdump.o
                0x0000000000115a83                xsh_memdump
 .text          0x0000000000115fab      0x2a5 binaries/xsh_memstat.o
                0x0000000000115fab                xsh_memstat
 .text          0x0000000000116250      0x5c2 binaries/xsh_netinfo.o
                0x0000000000116250                xsh_netinfo
 .text          0x0000000000116812      0x610 binaries/xsh_ns.o
                0x0000000000116812                xsh_ns
 .text          0x0000000000116e22      0x3ef binaries/xsh_ping.o
                0x0000000000116e22                xsh_ping
 .text          0x0000000000117211      0x268 binaries/xsh_ps.o
                0x0000000000117211                xsh_ps
 .text          0x0000000000117479      0x228 binaries/xsh_sleep.o
                0x0000000000117479                xsh_sleep
 .text          0x00000000001176a1      0x2bc binaries/xsh_udpdump.o
                0x00000000001176a1                xsh_udpdump
 .text          0x000000000011795d      0x5b4 binaries/xsh_udpecho.o
                0x000000000011795d                xsh_udpecho
 .text          0x0000000000117f11      0x2e7 binaries/xsh_udpserver.o
                0x0000000000117f11                xsh_udpeserver
 .text          0x00000000001181f8      0x1e7 binaries/xsh_uptime.o
                0x00000000001181f8                xsh_uptime
 .text          0x00000000001183df        0xe binaries/clkdisp.o
                0x00000000001183df                clkdisp
 .text          0x00000000001183ed       0x19 binaries/ctxsw.o
                0x00000000001183ed                ctxsw
 .text          0x0000000000118406      0x368 binaries/intr.o
                0x0000000000118406                disable
                0x000000000011840f                restore
                0x000000000011841d                enable
                0x000000000011841f                pause
                0x0000000000118426                halt
                0x0000000000118429                spurious_irq7
                0x000000000011842e                spurious_irq15
                0x000000000011843d                _Xint0
                0x0000000000118448                _Xint1
                0x0000000000118453                _Xint2
                0x000000000011845e                _Xint3
                0x0000000000118469                _Xint4
                0x0000000000118474                _Xint5
                0x000000000011847f                _Xint6
                0x000000000011848a                _Xint7
                0x0000000000118495                _Xint8
                0x00000000001184a0                _Xint9
                0x00000000001184ab                _Xint10
                0x00000000001184b6                _Xint11
                0x00000000001184c4                _Xint12
                0x00000000001184d2                _Xint13
                0x00000000001184e0                _Xint14
                0x00000000001184ee                _Xint15
                0x00000000001184fc                _Xint16
                0x000000000011850a                _Xint17
                0x0000000000118518                _Xint18
                0x0000000000118526                _Xint19
                0x0000000000118534                _Xint20
                0x0000000000118542                _Xint21
                0x0000000000118550                _Xint22
                0x000000000011855e                _Xint23
                0x000000000011856c                _Xint24
                0x000000000011857a                _Xint25
                0x0000000000118588                _Xint26
                0x0000000000118596                _Xint27
                0x00000000001185a4                _Xint28
                0x00000000001185b2                _Xint29
                0x00000000001185c0                _Xint30
                0x00000000001185ce                _Xint31
                0x00000000001185dc                _Xint32
                0x00000000001185ea                _Xint33
                0x00000000001185f8                _Xint34
                0x0000000000118606                _Xint35
                0x0000000000118614                _Xint36
                0x0000000000118622                _Xint37
                0x0000000000118630                _Xint38
                0x000000000011863e                _Xint39
                0x000000000011864c                _Xint40
                0x000000000011865a                _Xint41
                0x0000000000118668                _Xint42
                0x0000000000118676                _Xint43
                0x0000000000118684                _Xint44
                0x0000000000118692                _Xint45
                0x00000000001186a0                _Xint46
                0x00000000001186ae                defevec
 .text          0x000000000011876e        0xf binaries/ttydispatch.o
                0x000000000011876e                ttydispatch
 .text          0x000000000011877d       0x13 binaries/ethdispatch.o
                0x000000000011877d                ethdispatch
 *(.rodata .rodata.*)
 .rodata        0x0000000000118790       0x8e binaries/ascdate.o
 .rodata        0x000000000011881e       0xae binaries/conf.o
 .rodata        0x00000000001188cc      0x22f binaries/evec.o
 *fill*         0x0000000000118afb        0x1 
 .rodata        0x0000000000118afc       0x61 binaries/getutime.o
 *fill*         0x0000000000118b5d        0x3 
 .rodata        0x0000000000118b60       0x90 binaries/i386.o
 .rodata        0x0000000000118bf0      0x186 binaries/initialize.o
 *fill*         0x0000000000118d76        0x2 
 .rodata        0x0000000000118d78       0x20 binaries/kill.o
 .rodata        0x0000000000118d98       0xd2 binaries/Lottery_scheduler.o
 *fill*         0x0000000000118e6a        0x6 
 .rodata        0x0000000000118e70       0xb8 binaries/main.o
 .rodata        0x0000000000118f28        0xf binaries/panic.o
 *fill*         0x0000000000118f37        0x1 
 .rodata        0x0000000000118f38      0x1ec binaries/pci.o
 .rodata        0x0000000000119124       0x1d binaries/ptinit.o
 *fill*         0x0000000000119141        0x3 
 .rodata        0x0000000000119144       0x25 binaries/ptsend.o
 .rodata        0x0000000000119169       0x52 binaries/queue.o
 *fill*         0x00000000001191bb        0x1 
 .rodata        0x00000000001191bc       0x5f binaries/ready.o
 *fill*         0x000000000011921b        0x1 
 .rodata        0x000000000011921c       0x5f binaries/resched.o
 *fill*         0x000000000011927b        0x1 
 .rodata        0x000000000011927c       0xb7 binaries/stacktrace.o
 *fill*         0x0000000000119333        0x1 
 .rodata        0x0000000000119334       0x27 binaries/xdone.o
 *fill*         0x000000000011935b        0x5 
 .rodata        0x0000000000119360       0x81 binaries/ctype_.o
                0x0000000000119360                _ctype_
 *fill*         0x00000000001193e1        0x3 
 .rodata        0x00000000001193e4       0xee binaries/doprnt.o
 *fill*         0x00000000001194d2        0x2 
 .rodata        0x00000000001194d4       0x98 binaries/doscan.o
 .rodata        0x000000000011956c       0xae binaries/fdoprnt.o
 *fill*         0x000000000011961a        0x2 
 .rodata        0x000000000011961c       0x20 binaries/ttycontrol.o
 .rodata        0x000000000011963c       0x34 binaries/ttyhandler.o
 .rodata        0x0000000000119670       0x14 binaries/mount.o
 .rodata        0x0000000000119684       0x82 binaries/naminit.o
 *fill*         0x0000000000119706        0x2 
 .rodata        0x0000000000119708       0x2e binaries/82545EMInit.o
 *fill*         0x0000000000119736        0x2 
 .rodata        0x0000000000119738       0x78 binaries/ethinit.o
 .rodata        0x00000000001197b0       0x18 binaries/ethread.o
 .rodata        0x00000000001197c8       0x76 binaries/rdscomm.o
 *fill*         0x000000000011983e        0x2 
 .rodata        0x0000000000119840       0x21 binaries/rdscontrol.o
 *fill*         0x0000000000119861        0x3 
 .rodata        0x0000000000119864       0xae binaries/rdsopen.o
 *fill*         0x0000000000119912        0x2 
 .rodata        0x0000000000119914       0x3e binaries/rdsprocess.o
 *fill*         0x0000000000119952        0x2 
 .rodata        0x0000000000119954       0xe2 binaries/rdsqfcns.o
 .rodata        0x0000000000119a36        0x9 binaries/raminit.o
 *fill*         0x0000000000119a3f        0x1 
 .rodata        0x0000000000119a40       0x36 binaries/lfdballoc.o
 .rodata        0x0000000000119a76       0x14 binaries/lfiballoc.o
 *fill*         0x0000000000119a8a        0x2 
 .rodata        0x0000000000119a8c       0x22 binaries/lflcontrol.o
 *fill*         0x0000000000119aae        0x2 
 .rodata        0x0000000000119ab0      0x118 binaries/lfsckfmt.o
 .rodata        0x0000000000119bc8       0x66 binaries/lfsopen.o
 *fill*         0x0000000000119c2e        0x2 
 .rodata        0x0000000000119c30       0x21 binaries/rflclose.o
 *fill*         0x0000000000119c51        0x3 
 .rodata        0x0000000000119c54       0x21 binaries/rflread.o
 *fill*         0x0000000000119c75        0x3 
 .rodata        0x0000000000119c78       0x21 binaries/rflwrite.o
 *fill*         0x0000000000119c99        0x3 
 .rodata        0x0000000000119c9c       0xa1 binaries/rfscomm.o
 *fill*         0x0000000000119d3d        0x3 
 .rodata        0x0000000000119d40       0x3c binaries/rfscontrol.o
 .rodata        0x0000000000119d7c       0x2b binaries/rfsinit.o
 *fill*         0x0000000000119da7        0x1 
 .rodata        0x0000000000119da8       0x2a binaries/rfsndmsg.o
 *fill*         0x0000000000119dd2        0x2 
 .rodata        0x0000000000119dd4       0x21 binaries/rfsopen.o
 *fill*         0x0000000000119df5        0x3 
 .rodata        0x0000000000119df8       0x3a binaries/arp.o
 *fill*         0x0000000000119e32        0x2 
 .rodata        0x0000000000119e34       0xcf binaries/dhcp.o
 .rodata        0x0000000000119f03       0x24 binaries/dns.o
 *fill*         0x0000000000119f27        0x1 
 .rodata        0x0000000000119f28       0xc9 binaries/hexdump.o
 *fill*         0x0000000000119ff1        0x3 
 .rodata        0x0000000000119ff4       0x29 binaries/icmp.o
 *fill*         0x000000000011a01d        0x3 
 .rodata        0x000000000011a020       0x52 binaries/ip.o
 *fill*         0x000000000011a072        0x2 
 .rodata        0x000000000011a074       0x4f binaries/net.o
 *fill*         0x000000000011a0c3        0x1 
 .rodata        0x000000000011a0c4      0x26f binaries/pdump.o
 *fill*         0x000000000011a333        0x1 
 .rodata        0x000000000011a334      0x154 binaries/tftp.o
 *fill*         0x000000000011a488       0x18 
 .rodata        0x000000000011a4a0      0x3f9 binaries/shell.o
                0x000000000011a540                cmdtab
 .rodata        0x000000000011a899       0x28 binaries/xsh_argecho.o
 *fill*         0x000000000011a8c1        0x3 
 .rodata        0x000000000011a8c4      0x123 binaries/xsh_arp.o
 *fill*         0x000000000011a9e7        0x1 
 .rodata        0x000000000011a9e8       0xc9 binaries/xsh_cat.o
 .rodata        0x000000000011aab1       0x19 binaries/xsh_clear.o
 *fill*         0x000000000011aaca        0x2 
 .rodata        0x000000000011aacc      0x1c3 binaries/xsh_date.o
 .rodata        0x000000000011ac8f       0x5d binaries/xsh_devdump.o
 .rodata        0x000000000011acec        0x9 binaries/xsh_echo.o
 *fill*         0x000000000011acf5        0x3 
 .rodata        0x000000000011acf8      0x169 binaries/xsh_help.o
 *fill*         0x000000000011ae61        0x3 
 .rodata        0x000000000011ae64      0x12e binaries/xsh_kill.o
 *fill*         0x000000000011af92        0x2 
 .rodata        0x000000000011af94      0x190 binaries/xsh_ls.o
 .rodata        0x000000000011b124      0x266 binaries/xsh_memdump.o
 *fill*         0x000000000011b38a        0x2 
 .rodata        0x000000000011b38c      0x225 binaries/xsh_memstat.o
 *fill*         0x000000000011b5b1        0x3 
 .rodata        0x000000000011b5b4      0x1b0 binaries/xsh_netinfo.o
 *fill*         0x000000000011b764       0x1c 
 .rodata        0x000000000011b780      0x340 binaries/xsh_ns.o
 .rodata        0x000000000011bac0      0x19d binaries/xsh_ping.o
 *fill*         0x000000000011bc5d        0x3 
 .rodata        0x000000000011bc60      0x1e0 binaries/xsh_ps.o
 .rodata        0x000000000011be40       0xeb binaries/xsh_sleep.o
 *fill*         0x000000000011bf2b        0x1 
 .rodata        0x000000000011bf2c      0x1b8 binaries/xsh_udpdump.o
 .rodata        0x000000000011c0e4      0x27d binaries/xsh_udpecho.o
 *fill*         0x000000000011c361        0x3 
 .rodata        0x000000000011c364      0x12b binaries/xsh_udpserver.o
 *fill*         0x000000000011c48f        0x1 
 .rodata        0x000000000011c490      0x105 binaries/xsh_uptime.o
                0x000000000011c595                etext = ABSOLUTE (.)
                0x000000000011d000                . = ALIGN (0x1000)
 *fill*         0x000000000011c595      0xa6b 

.eh_frame       0x000000000011d000     0x2e8c
 .eh_frame      0x000000000011d000       0x40 binaries/ascdate.o
 .eh_frame      0x000000000011d040       0x20 binaries/bufinit.o
                                         0x38 (size before relaxing)
 .eh_frame      0x000000000011d060       0x20 binaries/chprio.o
                                         0x38 (size before relaxing)
 .eh_frame      0x000000000011d080       0x20 binaries/clkhandler.o
                                         0x38 (size before relaxing)
 .eh_frame      0x000000000011d0a0       0x20 binaries/clkinit.o
                                         0x38 (size before relaxing)
 .eh_frame      0x000000000011d0c0       0x20 binaries/close.o
                                         0x38 (size before relaxing)
 .eh_frame      0x000000000011d0e0       0x20 binaries/control.o
                                         0x38 (size before relaxing)
 .eh_frame      0x000000000011d100       0x40 binaries/create.o
                                         0x58 (size before relaxing)
 .eh_frame      0x000000000011d140       0x60 binaries/create_user_process.o
                                         0x78 (size before relaxing)
 .eh_frame      0x000000000011d1a0       0x60 binaries/evec.o
                                         0x78 (size before relaxing)
 .eh_frame      0x000000000011d200       0x20 binaries/exit.o
                                         0x38 (size before relaxing)
 .eh_frame      0x000000000011d220       0x20 binaries/freebuf.o
                                         0x38 (size before relaxing)
 .eh_frame      0x000000000011d240       0x20 binaries/freemem.o
                                         0x38 (size before relaxing)
 .eh_frame      0x000000000011d260       0x20 binaries/getbuf.o
                                         0x38 (size before relaxing)
 .eh_frame      0x000000000011d280       0x20 binaries/getc.o
                                         0x38 (size before relaxing)
 .eh_frame      0x000000000011d2a0       0x20 binaries/getdev.o
                                         0x38 (size before relaxing)
 .eh_frame      0x000000000011d2c0       0x60 binaries/getitem.o
                                         0x78 (size before relaxing)
 .eh_frame      0x000000000011d320       0x20 binaries/getmem.o
                                         0x38 (size before relaxing)
 .eh_frame      0x000000000011d340       0x20 binaries/getpid.o
                                         0x38 (size before relaxing)
 .eh_frame      0x000000000011d360       0x20 binaries/getprio.o
                                         0x38 (size before relaxing)
 .eh_frame      0x000000000011d380       0x20 binaries/getstk.o
                                         0x38 (size before relaxing)
 .eh_frame      0x000000000011d3a0       0x20 binaries/getticks.o
                                         0x38 (size before relaxing)
 .eh_frame      0x000000000011d3c0       0x20 binaries/gettime.o
                                         0x38 (size before relaxing)
 .eh_frame      0x000000000011d3e0       0x20 binaries/getutime.o
                                         0x38 (size before relaxing)
 .eh_frame      0x000000000011d400       0x8c binaries/i386.o
                                         0xa4 (size before relaxing)
 .eh_frame      0x000000000011d48c       0x20 binaries/init.o
                                         0x38 (size before relaxing)
 .eh_frame      0x000000000011d4ac       0xa0 binaries/initialize.o
                                         0xb8 (size before relaxing)
 .eh_frame      0x000000000011d54c       0x20 binaries/insert.o
                                         0x38 (size before relaxing)
 .eh_frame      0x000000000011d56c       0x20 binaries/insertd.o
                                         0x38 (size before relaxing)
 .eh_frame      0x000000000011d58c       0x20 binaries/ioerr.o
                                         0x38 (size before relaxing)
 .eh_frame      0x000000000011d5ac       0x20 binaries/ionull.o
                                         0x38 (size before relaxing)
 .eh_frame      0x000000000011d5cc       0x20 binaries/kill.o
                                         0x38 (size before relaxing)
 .eh_frame      0x000000000011d5ec       0x60 binaries/kprintf.o
                                         0x78 (size before relaxing)
 .eh_frame      0x000000000011d64c       0x80 binaries/Lottery_scheduler.o
                                         0x98 (size before relaxing)
 .eh_frame      0x000000000011d6cc       0x40 binaries/main.o
                                         0x58 (size before relaxing)
 .eh_frame      0x000000000011d70c       0x40 binaries/mark.o
                                         0x58 (size before relaxing)
 .eh_frame      0x000000000011d74c       0x20 binaries/meminit.o
                                         0x38 (size before relaxing)
 .eh_frame      0x000000000011d76c       0x20 binaries/mkbufpool.o
                                         0x38 (size before relaxing)
 .eh_frame      0x000000000011d78c       0x20 binaries/newqueue.o
                                         0x38 (size before relaxing)
 .eh_frame      0x000000000011d7ac       0x20 binaries/open.o
                                         0x38 (size before relaxing)
 .eh_frame      0x000000000011d7cc       0x1c binaries/panic.o
                                         0x34 (size before relaxing)
 .eh_frame      0x000000000011d7e8      0x1c8 binaries/pci.o
                                        0x1e0 (size before relaxing)
 .eh_frame      0x000000000011d9b0       0x20 binaries/ptclear.o
                                         0x38 (size before relaxing)
 .eh_frame      0x000000000011d9d0       0x20 binaries/ptcount.o
                                         0x38 (size before relaxing)
 .eh_frame      0x000000000011d9f0       0x20 binaries/ptcreate.o
                                         0x38 (size before relaxing)
 .eh_frame      0x000000000011da10       0x20 binaries/ptdelete.o
                                         0x38 (size before relaxing)
 .eh_frame      0x000000000011da30       0x20 binaries/ptinit.o
                                         0x38 (size before relaxing)
 .eh_frame      0x000000000011da50       0x20 binaries/ptrecv.o
                                         0x38 (size before relaxing)
 .eh_frame      0x000000000011da70       0x20 binaries/ptreset.o
                                         0x38 (size before relaxing)
 .eh_frame      0x000000000011da90       0x20 binaries/ptsend.o
                                         0x38 (size before relaxing)
 .eh_frame      0x000000000011dab0       0x20 binaries/putc.o
                                         0x38 (size before relaxing)
 .eh_frame      0x000000000011dad0       0x60 binaries/queue.o
                                         0x78 (size before relaxing)
 .eh_frame      0x000000000011db30       0x20 binaries/read.o
                                         0x38 (size before relaxing)
 .eh_frame      0x000000000011db50       0x48 binaries/ready.o
                                         0x60 (size before relaxing)
 .eh_frame      0x000000000011db98       0x20 binaries/receive.o
                                         0x38 (size before relaxing)
 .eh_frame      0x000000000011dbb8       0x20 binaries/recvclr.o
                                         0x38 (size before relaxing)
 .eh_frame      0x000000000011dbd8       0x20 binaries/recvtime.o
                                         0x38 (size before relaxing)
 .eh_frame      0x000000000011dbf8       0x40 binaries/resched.o
                                         0x58 (size before relaxing)
 .eh_frame      0x000000000011dc38       0x20 binaries/resume.o
                                         0x38 (size before relaxing)
 .eh_frame      0x000000000011dc58       0x20 binaries/seek.o
                                         0x38 (size before relaxing)
 .eh_frame      0x000000000011dc78       0x20 binaries/semcount.o
                                         0x38 (size before relaxing)
 .eh_frame      0x000000000011dc98       0x40 binaries/semcreate.o
                                         0x58 (size before relaxing)
 .eh_frame      0x000000000011dcd8       0x20 binaries/semdelete.o
                                         0x38 (size before relaxing)
 .eh_frame      0x000000000011dcf8       0x20 binaries/semreset.o
                                         0x38 (size before relaxing)
 .eh_frame      0x000000000011dd18       0x20 binaries/send.o
                                         0x38 (size before relaxing)
 .eh_frame      0x000000000011dd38       0x20 binaries/signal.o
                                         0x38 (size before relaxing)
 .eh_frame      0x000000000011dd58       0x20 binaries/signaln.o
                                         0x38 (size before relaxing)
 .eh_frame      0x000000000011dd78       0x40 binaries/sleep.o
                                         0x58 (size before relaxing)
 .eh_frame      0x000000000011ddb8       0x20 binaries/stacktrace.o
                                         0x38 (size before relaxing)
 .eh_frame      0x000000000011ddd8       0x20 binaries/suspend.o
                                         0x38 (size before relaxing)
 .eh_frame      0x000000000011ddf8       0x20 binaries/unsleep.o
                                         0x38 (size before relaxing)
 .eh_frame      0x000000000011de18       0x20 binaries/userret.o
                                         0x38 (size before relaxing)
 .eh_frame      0x000000000011de38       0x20 binaries/wait.o
                                         0x38 (size before relaxing)
 .eh_frame      0x000000000011de58       0x20 binaries/wakeup.o
                                         0x38 (size before relaxing)
 .eh_frame      0x000000000011de78       0x20 binaries/write.o
                                         0x38 (size before relaxing)
 .eh_frame      0x000000000011de98       0x20 binaries/xdone.o
                                         0x38 (size before relaxing)
 .eh_frame      0x000000000011deb8       0x20 binaries/yield.o
                                         0x38 (size before relaxing)
 .eh_frame      0x000000000011ded8       0x20 binaries/abs.o
                                         0x38 (size before relaxing)
 .eh_frame      0x000000000011def8       0x20 binaries/atoi.o
                                         0x38 (size before relaxing)
 .eh_frame      0x000000000011df18       0x20 binaries/atol.o
                                         0x38 (size before relaxing)
 .eh_frame      0x000000000011df38       0x20 binaries/bzero.o
                                         0x38 (size before relaxing)
 .eh_frame      0x000000000011df58       0xe4 binaries/doprnt.o
                                         0xfc (size before relaxing)
 .eh_frame      0x000000000011e03c       0xb0 binaries/doscan.o
                                         0xc8 (size before relaxing)
 .eh_frame      0x000000000011e0ec       0xc0 binaries/fdoprnt.o
                                         0xd8 (size before relaxing)
 .eh_frame      0x000000000011e1ac       0x20 binaries/fgetc.o
                                         0x38 (size before relaxing)
 .eh_frame      0x000000000011e1cc       0x20 binaries/fgets.o
                                         0x38 (size before relaxing)
 .eh_frame      0x000000000011e1ec       0x20 binaries/fprintf.o
                                         0x38 (size before relaxing)
 .eh_frame      0x000000000011e20c       0x20 binaries/fputc.o
                                         0x38 (size before relaxing)
 .eh_frame      0x000000000011e22c       0x20 binaries/fputs.o
                                         0x38 (size before relaxing)
 .eh_frame      0x000000000011e24c       0x60 binaries/fscanf.o
                                         0x78 (size before relaxing)
 .eh_frame      0x000000000011e2ac       0x20 binaries/getchar.o
                                         0x38 (size before relaxing)
 .eh_frame      0x000000000011e2cc       0x20 binaries/labs.o
                                         0x38 (size before relaxing)
 .eh_frame      0x000000000011e2ec       0x20 binaries/memcmp.o
                                         0x38 (size before relaxing)
 .eh_frame      0x000000000011e30c       0x24 binaries/memcpy.o
                                         0x3c (size before relaxing)
 .eh_frame      0x000000000011e330       0x24 binaries/memset.o
                                         0x3c (size before relaxing)
 .eh_frame      0x000000000011e354       0x20 binaries/printf.o
                                         0x38 (size before relaxing)
 .eh_frame      0x000000000011e374       0x20 binaries/putchar.o
                                         0x38 (size before relaxing)
 .eh_frame      0x000000000011e394       0xa8 binaries/qsort.o
                                         0xc0 (size before relaxing)
 .eh_frame      0x000000000011e43c       0x60 binaries/rand.o
                                         0x78 (size before relaxing)
 .eh_frame      0x000000000011e49c       0x40 binaries/sprintf.o
                                         0x58 (size before relaxing)
 .eh_frame      0x000000000011e4dc       0x60 binaries/sscanf.o
                                         0x78 (size before relaxing)
 .eh_frame      0x000000000011e53c       0x20 binaries/strchr.o
                                         0x38 (size before relaxing)
 .eh_frame      0x000000000011e55c       0x20 binaries/strcmp.o
                                         0x38 (size before relaxing)
 .eh_frame      0x000000000011e57c       0x20 binaries/strcpy.o
                                         0x38 (size before relaxing)
 .eh_frame      0x000000000011e59c       0x20 binaries/strlen.o
                                         0x38 (size before relaxing)
 .eh_frame      0x000000000011e5bc       0x20 binaries/strncat.o
                                         0x38 (size before relaxing)
 .eh_frame      0x000000000011e5dc       0x20 binaries/strncmp.o
                                         0x38 (size before relaxing)
 .eh_frame      0x000000000011e5fc       0x28 binaries/strncpy.o
                                         0x40 (size before relaxing)
 .eh_frame      0x000000000011e624       0x20 binaries/strnlen.o
                                         0x38 (size before relaxing)
 .eh_frame      0x000000000011e644       0x20 binaries/strrchr.o
                                         0x38 (size before relaxing)
 .eh_frame      0x000000000011e664       0x20 binaries/strstr.o
                                         0x38 (size before relaxing)
 .eh_frame      0x000000000011e684       0x20 binaries/ttycontrol.o
                                         0x38 (size before relaxing)
 .eh_frame      0x000000000011e6a4       0x20 binaries/ttygetc.o
                                         0x38 (size before relaxing)
 .eh_frame      0x000000000011e6c4       0x80 binaries/ttyhandle_in.o
                                         0x98 (size before relaxing)
 .eh_frame      0x000000000011e744       0x20 binaries/ttyhandle_out.o
                                         0x38 (size before relaxing)
 .eh_frame      0x000000000011e764       0x20 binaries/ttyhandler.o
                                         0x38 (size before relaxing)
 .eh_frame      0x000000000011e784       0x20 binaries/ttyinit.o
                                         0x38 (size before relaxing)
 .eh_frame      0x000000000011e7a4       0x20 binaries/ttykickout.o
                                         0x38 (size before relaxing)
 .eh_frame      0x000000000011e7c4       0x20 binaries/ttyputc.o
                                         0x38 (size before relaxing)
 .eh_frame      0x000000000011e7e4       0x28 binaries/ttyread.o
                                         0x40 (size before relaxing)
 .eh_frame      0x000000000011e80c       0x20 binaries/ttywrite.o
                                         0x38 (size before relaxing)
 .eh_frame      0x000000000011e82c       0x40 binaries/mount.o
                                         0x58 (size before relaxing)
 .eh_frame      0x000000000011e86c       0x20 binaries/naminit.o
                                         0x38 (size before relaxing)
 .eh_frame      0x000000000011e88c       0x60 binaries/nammap.o
                                         0x78 (size before relaxing)
 .eh_frame      0x000000000011e8ec       0x20 binaries/namopen.o
                                         0x38 (size before relaxing)
 .eh_frame      0x000000000011e90c      0x150 binaries/82545EMInit.o
                                        0x168 (size before relaxing)
 .eh_frame      0x000000000011ea5c       0xa0 binaries/ethcontrol.o
                                         0xb8 (size before relaxing)
 .eh_frame      0x000000000011eafc       0x80 binaries/ethhandler.o
                                         0x98 (size before relaxing)
 .eh_frame      0x000000000011eb7c       0x20 binaries/ethinit.o
                                         0x38 (size before relaxing)
 .eh_frame      0x000000000011eb9c       0x60 binaries/ethread.o
                                         0x78 (size before relaxing)
 .eh_frame      0x000000000011ebfc       0x60 binaries/ethwrite.o
                                         0x78 (size before relaxing)
 .eh_frame      0x000000000011ec5c       0x20 binaries/rdscomm.o
                                         0x38 (size before relaxing)
 .eh_frame      0x000000000011ec7c       0x20 binaries/rdscontrol.o
                                         0x38 (size before relaxing)
 .eh_frame      0x000000000011ec9c       0x20 binaries/rdsinit.o
                                         0x38 (size before relaxing)
 .eh_frame      0x000000000011ecbc       0x20 binaries/rdsopen.o
                                         0x38 (size before relaxing)
 .eh_frame      0x000000000011ecdc       0x1c binaries/rdsprocess.o
                                         0x34 (size before relaxing)
 .eh_frame      0x000000000011ecf8       0xc0 binaries/rdsqfcns.o
                                         0xd8 (size before relaxing)
 .eh_frame      0x000000000011edb8       0x20 binaries/rdsread.o
                                         0x38 (size before relaxing)
 .eh_frame      0x000000000011edd8       0x20 binaries/rdssetprio.o
                                         0x38 (size before relaxing)
 .eh_frame      0x000000000011edf8       0x20 binaries/rdswrite.o
                                         0x38 (size before relaxing)
 .eh_frame      0x000000000011ee18       0x20 binaries/ramclose.o
                                         0x38 (size before relaxing)
 .eh_frame      0x000000000011ee38       0x20 binaries/raminit.o
                                         0x38 (size before relaxing)
 .eh_frame      0x000000000011ee58       0x20 binaries/ramopen.o
                                         0x38 (size before relaxing)
 .eh_frame      0x000000000011ee78       0x20 binaries/ramread.o
                                         0x38 (size before relaxing)
 .eh_frame      0x000000000011ee98       0x20 binaries/ramwrite.o
                                         0x38 (size before relaxing)
 .eh_frame      0x000000000011eeb8       0x20 binaries/lfdballoc.o
                                         0x38 (size before relaxing)
 .eh_frame      0x000000000011eed8       0x20 binaries/lfdbfree.o
                                         0x38 (size before relaxing)
 .eh_frame      0x000000000011eef8       0x20 binaries/lfflush.o
                                         0x38 (size before relaxing)
 .eh_frame      0x000000000011ef18       0x20 binaries/lfgetmode.o
                                         0x38 (size before relaxing)
 .eh_frame      0x000000000011ef38       0x20 binaries/lfiballoc.o
                                         0x38 (size before relaxing)
 .eh_frame      0x000000000011ef58       0x20 binaries/lfibclear.o
                                         0x38 (size before relaxing)
 .eh_frame      0x000000000011ef78       0x20 binaries/lfibget.o
                                         0x38 (size before relaxing)
 .eh_frame      0x000000000011ef98       0x20 binaries/lfibput.o
                                         0x38 (size before relaxing)
 .eh_frame      0x000000000011efb8       0x20 binaries/lflclose.o
                                         0x38 (size before relaxing)
 .eh_frame      0x000000000011efd8       0x20 binaries/lflcontrol.o
                                         0x38 (size before relaxing)
 .eh_frame      0x000000000011eff8       0x20 binaries/lflgetc.o
                                         0x38 (size before relaxing)
 .eh_frame      0x000000000011f018       0x20 binaries/lflinit.o
                                         0x38 (size before relaxing)
 .eh_frame      0x000000000011f038       0x20 binaries/lflputc.o
                                         0x38 (size before relaxing)
 .eh_frame      0x000000000011f058       0x20 binaries/lflread.o
                                         0x38 (size before relaxing)
 .eh_frame      0x000000000011f078       0x20 binaries/lflseek.o
                                         0x38 (size before relaxing)
 .eh_frame      0x000000000011f098       0x20 binaries/lflwrite.o
                                         0x38 (size before relaxing)
 .eh_frame      0x000000000011f0b8       0x20 binaries/lfscheck.o
                                         0x38 (size before relaxing)
 .eh_frame      0x000000000011f0d8       0x20 binaries/lfsckfmt.o
                                         0x38 (size before relaxing)
 .eh_frame      0x000000000011f0f8       0x20 binaries/lfscreate.o
                                         0x38 (size before relaxing)
 .eh_frame      0x000000000011f118       0x20 binaries/lfsetup.o
                                         0x38 (size before relaxing)
 .eh_frame      0x000000000011f138       0x20 binaries/lfsinit.o
                                         0x38 (size before relaxing)
 .eh_frame      0x000000000011f158       0x20 binaries/lfsopen.o
                                         0x38 (size before relaxing)
 .eh_frame      0x000000000011f178       0x20 binaries/lftruncate.o
                                         0x38 (size before relaxing)
 .eh_frame      0x000000000011f198       0x20 binaries/rflclose.o
                                         0x38 (size before relaxing)
 .eh_frame      0x000000000011f1b8       0x20 binaries/rflgetc.o
                                         0x38 (size before relaxing)
 .eh_frame      0x000000000011f1d8       0x20 binaries/rflinit.o
                                         0x38 (size before relaxing)
 .eh_frame      0x000000000011f1f8       0x20 binaries/rflputc.o
                                         0x38 (size before relaxing)
 .eh_frame      0x000000000011f218       0x20 binaries/rflread.o
                                         0x38 (size before relaxing)
 .eh_frame      0x000000000011f238       0x20 binaries/rflseek.o
                                         0x38 (size before relaxing)
 .eh_frame      0x000000000011f258       0x20 binaries/rflwrite.o
                                         0x38 (size before relaxing)
 .eh_frame      0x000000000011f278       0x20 binaries/rfscomm.o
                                         0x38 (size before relaxing)
 .eh_frame      0x000000000011f298       0x20 binaries/rfscontrol.o
                                         0x38 (size before relaxing)
 .eh_frame      0x000000000011f2b8       0x20 binaries/rfsgetmode.o
                                         0x38 (size before relaxing)
 .eh_frame      0x000000000011f2d8       0x20 binaries/rfsinit.o
                                         0x38 (size before relaxing)
 .eh_frame      0x000000000011f2f8       0x20 binaries/rfsndmsg.o
                                         0x38 (size before relaxing)
 .eh_frame      0x000000000011f318       0x20 binaries/rfsopen.o
                                         0x38 (size before relaxing)
 .eh_frame      0x000000000011f338       0xc0 binaries/arp.o
                                         0xd8 (size before relaxing)
 .eh_frame      0x000000000011f3f8       0xa0 binaries/dhcp.o
                                         0xb8 (size before relaxing)
 .eh_frame      0x000000000011f498       0x80 binaries/dns.o
                                         0x98 (size before relaxing)
 .eh_frame      0x000000000011f518       0x20 binaries/dot2ip.o
                                         0x38 (size before relaxing)
 .eh_frame      0x000000000011f538       0x40 binaries/hexdump.o
                                         0x58 (size before relaxing)
 .eh_frame      0x000000000011f578      0x150 binaries/icmp.o
                                        0x168 (size before relaxing)
 .eh_frame      0x000000000011f6c8      0x11c binaries/ip.o
                                        0x134 (size before relaxing)
 .eh_frame      0x000000000011f7e4       0xa0 binaries/net.o
                                         0xb8 (size before relaxing)
 .eh_frame      0x000000000011f884       0x60 binaries/pdump.o
                                         0x78 (size before relaxing)
 .eh_frame      0x000000000011f8e4       0x60 binaries/tftp.o
                                         0x78 (size before relaxing)
 .eh_frame      0x000000000011f944      0x140 binaries/udp.o
                                        0x158 (size before relaxing)
 .eh_frame      0x000000000011fa84       0x20 binaries/addargs.o
                                         0x38 (size before relaxing)
 .eh_frame      0x000000000011faa4       0x20 binaries/lexan.o
                                         0x38 (size before relaxing)
 .eh_frame      0x000000000011fac4       0x20 binaries/shell.o
                                         0x38 (size before relaxing)
 .eh_frame      0x000000000011fae4       0x20 binaries/xsh_argecho.o
                                         0x38 (size before relaxing)
 .eh_frame      0x000000000011fb04       0x40 binaries/xsh_arp.o
                                         0x58 (size before relaxing)
 .eh_frame      0x000000000011fb44       0x20 binaries/xsh_cat.o
                                         0x38 (size before relaxing)
 .eh_frame      0x000000000011fb64       0x20 binaries/xsh_clear.o
                                         0x38 (size before relaxing)
 .eh_frame      0x000000000011fb84       0x20 binaries/xsh_date.o
                                         0x38 (size before relaxing)
 .eh_frame      0x000000000011fba4       0x20 binaries/xsh_devdump.o
                                         0x38 (size before relaxing)
 .eh_frame      0x000000000011fbc4       0x20 binaries/xsh_echo.o
                                         0x38 (size before relaxing)
 .eh_frame      0x000000000011fbe4       0x20 binaries/xsh_exit.o
                                         0x38 (size before relaxing)
 .eh_frame      0x000000000011fc04       0x2c binaries/xsh_help.o
                                         0x44 (size before relaxing)
 .eh_frame      0x000000000011fc30       0x20 binaries/xsh_kill.o
                                         0x38 (size before relaxing)
 .eh_frame      0x000000000011fc50       0x2c binaries/xsh_ls.o
                                         0x44 (size before relaxing)
 .eh_frame      0x000000000011fc7c       0x40 binaries/xsh_memdump.o
                                         0x58 (size before relaxing)
 .eh_frame      0x000000000011fcbc       0x60 binaries/xsh_memstat.o
                                         0x78 (size before relaxing)
 .eh_frame      0x000000000011fd1c       0x30 binaries/xsh_netinfo.o
                                         0x48 (size before relaxing)
 .eh_frame      0x000000000011fd4c       0x30 binaries/xsh_ns.o
                                         0x48 (size before relaxing)
 .eh_frame      0x000000000011fd7c       0x28 binaries/xsh_ping.o
                                         0x40 (size before relaxing)
 .eh_frame      0x000000000011fda4       0x30 binaries/xsh_ps.o
                                         0x48 (size before relaxing)
 .eh_frame      0x000000000011fdd4       0x20 binaries/xsh_sleep.o
                                         0x38 (size before relaxing)
 .eh_frame      0x000000000011fdf4       0x20 binaries/xsh_udpdump.o
                                         0x38 (size before relaxing)
 .eh_frame      0x000000000011fe14       0x30 binaries/xsh_udpecho.o
                                         0x48 (size before relaxing)
 .eh_frame      0x000000000011fe44       0x28 binaries/xsh_udpserver.o
                                         0x40 (size before relaxing)
 .eh_frame      0x000000000011fe6c       0x20 binaries/xsh_uptime.o
                                         0x38 (size before relaxing)

.iplt           0x000000000011fe8c        0x0
 .iplt          0x000000000011fe8c        0x0 binaries/start.o

.rel.dyn        0x000000000011fe8c        0x0
 .rel.got       0x000000000011fe8c        0x0 binaries/start.o
 .rel.iplt      0x000000000011fe8c        0x0 binaries/start.o
 .rel.text      0x000000000011fe8c        0x0 binaries/start.o

.data           0x000000000011fea0     0x1160
                0x000000000011fea0                data = ABSOLUTE (.)
 *(.data .data.*)
 .data          0x000000000011fea0      0x460 binaries/start.o
                0x000000000011fea0                gdt
                0x000000000011fee0                gdtr
                0x000000000011fee6                idt
                0x00000000001202e6                idtr
                0x00000000001202ec                cpudelay
                0x00000000001202f0                _bootdev
                0x00000000001202f4                _cyloffset
 .data          0x0000000000120300       0x88 binaries/ascdate.o
                0x0000000000120300                Date
 .data          0x0000000000120388        0x0 binaries/bufinit.o
 .data          0x0000000000120388        0x0 binaries/chprio.o
 .data          0x0000000000120388        0x4 binaries/clkhandler.o
 .data          0x000000000012038c        0x0 binaries/clkinit.o
 .data          0x000000000012038c        0x0 binaries/close.o
 *fill*         0x000000000012038c       0x14 
 .data          0x00000000001203a0      0x5a0 binaries/conf.o
                0x00000000001203a0                devtab
 .data          0x0000000000120940        0x0 binaries/control.o
 .data          0x0000000000120940        0x4 binaries/create.o
 .data          0x0000000000120944        0x0 binaries/create_user_process.o
 *fill*         0x0000000000120944       0x1c 
 .data          0x0000000000120960       0x40 binaries/evec.o
                0x0000000000120960                inames
 .data          0x00000000001209a0        0x0 binaries/exit.o
 .data          0x00000000001209a0        0x0 binaries/freebuf.o
 .data          0x00000000001209a0        0x0 binaries/freemem.o
 .data          0x00000000001209a0        0x0 binaries/getbuf.o
 .data          0x00000000001209a0        0x0 binaries/getc.o
 .data          0x00000000001209a0        0x0 binaries/getdev.o
[...]
 .comment       0x0000000000000023       0x24 binaries/ip.o
 .comment       0x0000000000000023       0x24 binaries/net.o
 .comment       0x0000000000000023       0x24 binaries/pdump.o
 .comment       0x0000000000000023       0x24 binaries/tftp.o
 .comment       0x0000000000000023       0x24 binaries/udp.o
 .comment       0x0000000000000023       0x24 binaries/addargs.o
 .comment       0x0000000000000023       0x24 binaries/lexan.o
 .comment       0x0000000000000023       0x24 binaries/shell.o
 .comment       0x0000000000000023       0x24 binaries/xsh_argecho.o
 .comment       0x0000000000000023       0x24 binaries/xsh_arp.o
 .comment       0x0000000000000023       0x24 binaries/xsh_cat.o
 .comment       0x0000000000000023       0x24 binaries/xsh_clear.o
 .comment       0x0000000000000023       0x24 binaries/xsh_date.o
 .comment       0x0000000000000023       0x24 binaries/xsh_devdump.o
 .comment       0x0000000000000023       0x24 binaries/xsh_echo.o
 .comment       0x0000000000000023       0x24 binaries/xsh_exit.o
 .comment       0x0000000000000023       0x24 binaries/xsh_help.o
 .comment       0x0000000000000023       0x24 binaries/xsh_kill.o
 .comment       0x0000000000000023       0x24 binaries/xsh_ls.o
 .comment       0x0000000000000023       0x24 binaries/xsh_memdump.o
 .comment       0x0000000000000023       0x24 binaries/xsh_memstat.o
 .comment       0x0000000000000023       0x24 binaries/xsh_netinfo.o
 .comment       0x0000000000000023       0x24 binaries/xsh_ns.o
 .comment       0x0000000000000023       0x24 binaries/xsh_ping.o
 .comment       0x0000000000000023       0x24 binaries/xsh_ps.o
 .comment       0x0000000000000023       0x24 binaries/xsh_sleep.o
 .comment       0x0000000000000023       0x24 binaries/xsh_udpdump.o
 .comment       0x0000000000000023       0x24 binaries/xsh_udpecho.o
 .comment       0x0000000000000023       0x24 binaries/xsh_udpserver.o
 .comment       0x0000000000000023       0x24 binaries/xsh_uptime.o

.note.GNU-stack
                0x0000000000000000        0x0
 .note.GNU-stack
                0x0000000000000000        0x0 binaries/ascdate.o
 .note.GNU-stack
                0x0000000000000000        0x0 binaries/bufinit.o
 .note.GNU-stack
                0x0000000000000000        0x0 binaries/chprio.o
 .note.GNU-stack
                0x0000000000000000        0x0 binaries/clkhandler.o
 .note.GNU-stack
                0x0000000000000000        0x0 binaries/clkinit.o
 .note.GNU-stack
                0x0000000000000000        0x0 binaries/close.o
 .note.GNU-stack
                0x0000000000000000        0x0 binaries/conf.o
 .note.GNU-stack
                0x0000000000000000        0x0 binaries/control.o
 .note.GNU-stack
                0x0000000000000000        0x0 binaries/create.o
 .note.GNU-stack
                0x0000000000000000        0x0 binaries/create_user_process.o
 .note.GNU-stack
                0x0000000000000000        0x0 binaries/evec.o
 .note.GNU-stack
                0x0000000000000000        0x0 binaries/exit.o
 .note.GNU-stack
                0x0000000000000000        0x0 binaries/freebuf.o
 .note.GNU-stack
                0x0000000000000000        0x0 binaries/freemem.o
 .note.GNU-stack
                0x0000000000000000        0x0 binaries/getbuf.o
 .note.GNU-stack
                0x0000000000000000        0x0 binaries/getc.o
 .note.GNU-stack
                0x0000000000000000        0x0 binaries/getdev.o
 .note.GNU-stack
                0x0000000000000000        0x0 binaries/getitem.o
 .note.GNU-stack
                0x0000000000000000        0x0 binaries/getmem.o
 .note.GNU-stack
                0x0000000000000000        0x0 binaries/getpid.o
 .note.GNU-stack
                0x0000000000000000        0x0 binaries/getprio.o
 .note.GNU-stack
                0x0000000000000000        0x0 binaries/getstk.o
 .note.GNU-stack
                0x0000000000000000        0x0 binaries/getticks.o
 .note.GNU-stack
                0x0000000000000000        0x0 binaries/gettime.o
 .note.GNU-stack
                0x0000000000000000        0x0 binaries/getutime.o
 .note.GNU-stack
                0x0000000000000000        0x0 binaries/i386.o
 .note.GNU-stack
                0x0000000000000000        0x0 binaries/init.o
 .note.GNU-stack
                0x0000000000000000        0x0 binaries/initialize.o
 .note.GNU-stack
                0x0000000000000000        0x0 binaries/insert.o
 .note.GNU-stack
                0x0000000000000000        0x0 binaries/insertd.o
 .note.GNU-stack
                0x0000000000000000        0x0 binaries/ioerr.o
 .note.GNU-stack
                0x0000000000000000        0x0 binaries/ionull.o
 .note.GNU-stack
                0x0000000000000000        0x0 binaries/kill.o
 .note.GNU-stack
                0x0000000000000000        0x0 binaries/kprintf.o
 .note.GNU-stack
                0x0000000000000000        0x0 binaries/Lottery_scheduler.o
 .note.GNU-stack
                0x0000000000000000        0x0 binaries/main.o
 .note.GNU-stack
                0x0000000000000000        0x0 binaries/mark.o
 .note.GNU-stack
                0x0000000000000000        0x0 binaries/meminit.o
 .note.GNU-stack
                0x0000000000000000        0x0 binaries/mkbufpool.o
 .note.GNU-stack
                0x0000000000000000        0x0 binaries/newqueue.o
 .note.GNU-stack
                0x0000000000000000        0x0 binaries/open.o
 .note.GNU-stack
                0x0000000000000000        0x0 binaries/panic.o
 .note.GNU-stack
                0x0000000000000000        0x0 binaries/pci.o
 .note.GNU-stack
                0x0000000000000000        0x0 binaries/ptclear.o
 .note.GNU-stack
                0x0000000000000000        0x0 binaries/ptcount.o
 .note.GNU-stack
                0x0000000000000000        0x0 binaries/ptcreate.o
 .note.GNU-stack
                0x0000000000000000        0x0 binaries/ptdelete.o
 .note.GNU-stack
                0x0000000000000000        0x0 binaries/ptinit.o
 .note.GNU-stack
                0x0000000000000000        0x0 binaries/ptrecv.o
 .note.GNU-stack
                0x0000000000000000        0x0 binaries/ptreset.o
 .note.GNU-stack
                0x0000000000000000        0x0 binaries/ptsend.o
 .note.GNU-stack
                0x0000000000000000        0x0 binaries/putc.o
 .note.GNU-stack
                0x0000000000000000        0x0 binaries/queue.o
 .note.GNU-stack
                0x0000000000000000        0x0 binaries/read.o
 .note.GNU-stack
                0x0000000000000000        0x0 binaries/ready.o
 .note.GNU-stack
                0x0000000000000000        0x0 binaries/receive.o
 .note.GNU-stack
                0x0000000000000000        0x0 binaries/recvclr.o
 .note.GNU-stack
                0x0000000000000000        0x0 binaries/recvtime.o
 .note.GNU-stack
                0x0000000000000000        0x0 binaries/resched.o
 .note.GNU-stack
                0x0000000000000000        0x0 binaries/resume.o
 .note.GNU-stack
                0x0000000000000000        0x0 binaries/seek.o
 .note.GNU-stack
                0x0000000000000000        0x0 binaries/semcount.o
 .note.GNU-stack
                0x0000000000000000        0x0 binaries/semcreate.o
 .note.GNU-stack
                0x0000000000000000        0x0 binaries/semdelete.o
 .note.GNU-stack
                0x0000000000000000        0x0 binaries/semreset.o
 .note.GNU-stack
                0x0000000000000000        0x0 binaries/send.o
 .note.GNU-stack
                0x0000000000000000        0x0 binaries/signal.o
 .note.GNU-stack
                0x0000000000000000        0x0 binaries/signaln.o
 .note.GNU-stack
                0x0000000000000000        0x0 binaries/sleep.o
 .note.GNU-stack
                0x0000000000000000        0x0 binaries/stacktrace.o
 .note.GNU-stack
                0x0000000000000000        0x0 binaries/suspend.o
 .note.GNU-stack
                0x0000000000000000        0x0 binaries/unsleep.o
 .note.GNU-stack
                0x0000000000000000        0x0 binaries/userret.o
 .note.GNU-stack
                0x0000000000000000        0x0 binaries/wait.o
 .note.GNU-stack
                0x0000000000000000        0x0 binaries/wakeup.o
 .note.GNU-stack
                0x0000000000000000        0x0 binaries/write.o
 .note.GNU-stack
                0x0000000000000000        0x0 binaries/xdone.o
 .note.GNU-stack
                0x0000000000000000        0x0 binaries/yield.o
 .note.GNU-stack
                0x0000000000000000        0x0 binaries/abs.o
 .note.GNU-stack
                0x0000000000000000        0x0 binaries/atoi.o
 .note.GNU-stack
                0x0000000000000000        0x0 binaries/atol.o
 .note.GNU-stack
                0x0000000000000000        0x0 binaries/bzero.o
 .note.GNU-stack
                0x0000000000000000        0x0 binaries/ctype_.o
 .note.GNU-stack
                0x0000000000000000        0x0 binaries/doprnt.o
 .note.GNU-stack
                0x0000000000000000        0x0 binaries/doscan.o
 .note.GNU-stack
                0x0000000000000000        0x0 binaries/fdoprnt.o
 .note.GNU-stack
                0x0000000000000000        0x0 binaries/fgetc.o
 .note.GNU-stack
                0x0000000000000000        0x0 binaries/fgets.o
 .note.GNU-stack
                0x0000000000000000        0x0 binaries/fprintf.o
 .note.GNU-stack
                0x0000000000000000        0x0 binaries/fputc.o
 .note.GNU-stack
                0x0000000000000000        0x0 binaries/fputs.o
 .note.GNU-stack
                0x0000000000000000        0x0 binaries/fscanf.o
 .note.GNU-stack
                0x0000000000000000        0x0 binaries/getchar.o
 .note.GNU-stack
                0x0000000000000000        0x0 binaries/labs.o
 .note.GNU-stack
                0x0000000000000000        0x0 binaries/memcmp.o
 .note.GNU-stack
                0x0000000000000000        0x0 binaries/memcpy.o
 .note.GNU-stack
                0x0000000000000000        0x0 binaries/memset.o
 .note.GNU-stack
                0x0000000000000000        0x0 binaries/printf.o
 .note.GNU-stack
                0x0000000000000000        0x0 binaries/putchar.o
 .note.GNU-stack
                0x0000000000000000        0x0 binaries/qsort.o
 .note.GNU-stack
                0x0000000000000000        0x0 binaries/rand.o
 .note.GNU-stack
                0x0000000000000000        0x0 binaries/sprintf.o
 .note.GNU-stack
                0x0000000000000000        0x0 binaries/sscanf.o
 .note.GNU-stack
                0x0000000000000000        0x0 binaries/strchr.o
 .note.GNU-stack
                0x0000000000000000        0x0 binaries/strcmp.o
 .note.GNU-stack
                0x0000000000000000        0x0 binaries/strcpy.o
 .note.GNU-stack
                0x0000000000000000        0x0 binaries/strlen.o
 .note.GNU-stack
                0x0000000000000000        0x0 binaries/strncat.o
 .note.GNU-stack
                0x0000000000000000        0x0 binaries/strncmp.o
 .note.GNU-stack
                0x0000000000000000        0x0 binaries/strncpy.o
 .note.GNU-stack
                0x0000000000000000        0x0 binaries/strnlen.o
 .note.GNU-stack
                0x0000000000000000        0x0 binaries/strrchr.o
 .note.GNU-stack
                0x0000000000000000        0x0 binaries/strstr.o
 .note.GNU-stack
                0x0000000000000000        0x0 binaries/ttycontrol.o
 .note.GNU-stack
                0x0000000000000000        0x0 binaries/ttygetc.o
 .note.GNU-stack
                0x0000000000000000        0x0 binaries/ttyhandle_in.o
 .note.GNU-stack
                0x0000000000000000        0x0 binaries/ttyhandle_out.o
 .note.GNU-stack
                0x0000000000000000        0x0 binaries/ttyhandler.o
 .note.GNU-stack
                0x0000000000000000        0x0 binaries/ttyinit.o
 .note.GNU-stack
                0x0000000000000000        0x0 binaries/ttykickout.o
 .note.GNU-stack
                0x0000000000000000        0x0 binaries/ttyputc.o
 .note.GNU-stack
                0x0000000000000000        0x0 binaries/ttyread.o
 .note.GNU-stack
                0x0000000000000000        0x0 binaries/ttywrite.o
 .note.GNU-stack
                0x0000000000000000        0x0 binaries/mount.o
 .note.GNU-stack
                0x0000000000000000        0x0 binaries/naminit.o
 .note.GNU-stack
                0x0000000000000000        0x0 binaries/nammap.o
 .note.GNU-stack
                0x0000000000000000        0x0 binaries/namopen.o
 .note.GNU-stack
                0x0000000000000000        0x0 binaries/82545EMInit.o
 .note.GNU-stack
                0x0000000000000000        0x0 binaries/ethcontrol.o
 .note.GNU-stack
                0x0000000000000000        0x0 binaries/ethhandler.o
 .note.GNU-stack
                0x0000000000000000        0x0 binaries/ethinit.o
 .note.GNU-stack
                0x0000000000000000        0x0 binaries/ethread.o
 .note.GNU-stack
                0x0000000000000000        0x0 binaries/ethwrite.o
 .note.GNU-stack
                0x0000000000000000        0x0 binaries/rdscomm.o
 .note.GNU-stack
                0x0000000000000000        0x0 binaries/rdscontrol.o
 .note.GNU-stack
                0x0000000000000000        0x0 binaries/rdsinit.o
 .note.GNU-stack
                0x0000000000000000        0x0 binaries/rdsopen.o
 .note.GNU-stack
                0x0000000000000000        0x0 binaries/rdsprocess.o
 .note.GNU-stack
                0x0000000000000000        0x0 binaries/rdsqfcns.o
 .note.GNU-stack
                0x0000000000000000        0x0 binaries/rdsread.o
 .note.GNU-stack
                0x0000000000000000        0x0 binaries/rdssetprio.o
 .note.GNU-stack
                0x0000000000000000        0x0 binaries/rdswrite.o
 .note.GNU-stack
                0x0000000000000000        0x0 binaries/ramclose.o
 .note.GNU-stack
                0x0000000000000000        0x0 binaries/raminit.o
 .note.GNU-stack
                0x0000000000000000        0x0 binaries/ramopen.o
 .note.GNU-stack
                0x0000000000000000        0x0 binaries/ramread.o
 .note.GNU-stack
                0x0000000000000000        0x0 binaries/ramwrite.o
 .note.GNU-stack
                0x0000000000000000        0x0 binaries/lfdballoc.o
 .note.GNU-stack
                0x0000000000000000        0x0 binaries/lfdbfree.o
 .note.GNU-stack
                0x0000000000000000        0x0 binaries/lfflush.o
 .note.GNU-stack
                0x0000000000000000        0x0 binaries/lfgetmode.o
 .note.GNU-stack
                0x0000000000000000        0x0 binaries/lfiballoc.o
 .note.GNU-stack
                0x0000000000000000        0x0 binaries/lfibclear.o
 .note.GNU-stack
                0x0000000000000000        0x0 binaries/lfibget.o
 .note.GNU-stack
                0x0000000000000000        0x0 binaries/lfibput.o
 .note.GNU-stack
                0x0000000000000000        0x0 binaries/lflclose.o
 .note.GNU-stack
                0x0000000000000000        0x0 binaries/lflcontrol.o
 .note.GNU-stack
                0x0000000000000000        0x0 binaries/lflgetc.o
 .note.GNU-stack
                0x0000000000000000        0x0 binaries/lflinit.o
 .note.GNU-stack
                0x0000000000000000        0x0 binaries/lflputc.o
 .note.GNU-stack
                0x0000000000000000        0x0 binaries/lflread.o
 .note.GNU-stack
                0x0000000000000000        0x0 binaries/lflseek.o
 .note.GNU-stack
                0x0000000000000000        0x0 binaries/lflwrite.o
 .note.GNU-stack
                0x0000000000000000        0x0 binaries/lfscheck.o
 .note.GNU-stack
                0x0000000000000000        0x0 binaries/lfsckfmt.o
 .note.GNU-stack
                0x0000000000000000        0x0 binaries/lfscreate.o
 .note.GNU-stack
                0x0000000000000000        0x0 binaries/lfsetup.o
 .note.GNU-stack
                0x0000000000000000        0x0 binaries/lfsinit.o
 .note.GNU-stack
                0x0000000000000000        0x0 binaries/lfsopen.o
 .note.GNU-stack
                0x0000000000000000        0x0 binaries/lftruncate.o
 .note.GNU-stack
                0x0000000000000000        0x0 binaries/rflclose.o
 .note.GNU-stack
                0x0000000000000000        0x0 binaries/rflgetc.o
 .note.GNU-stack
                0x0000000000000000        0x0 binaries/rflinit.o
 .note.GNU-stack
                0x0000000000000000        0x0 binaries/rflputc.o
 .note.GNU-stack
                0x0000000000000000        0x0 binaries/rflread.o
 .note.GNU-stack
                0x0000000000000000        0x0 binaries/rflseek.o
 .note.GNU-stack
                0x0000000000000000        0x0 binaries/rflwrite.o
 .note.GNU-stack
                0x0000000000000000        0x0 binaries/rfscomm.o
 .note.GNU-stack
                0x0000000000000000        0x0 binaries/rfscontrol.o
 .note.GNU-stack
                0x0000000000000000        0x0 binaries/rfsgetmode.o
 .note.GNU-stack
                0x0000000000000000        0x0 binaries/rfsinit.o
 .note.GNU-stack
                0x0000000000000000        0x0 binaries/rfsndmsg.o
 .note.GNU-stack
                0x0000000000000000        0x0 binaries/rfsopen.o
 .note.GNU-stack
                0x0000000000000000        0x0 binaries/arp.o
 .note.GNU-stack
                0x0000000000000000        0x0 binaries/dhcp.o
 .note.GNU-stack
                0x0000000000000000        0x0 binaries/dns.o
 .note.GNU-stack
                0x0000000000000000        0x0 binaries/dot2ip.o
 .note.GNU-stack
                0x0000000000000000        0x0 binaries/hexdump.o
 .note.GNU-stack
                0x0000000000000000        0x0 binaries/icmp.o
 .note.GNU-stack
                0x0000000000000000        0x0 binaries/ip.o
 .note.GNU-stack
                0x0000000000000000        0x0 binaries/net.o
 .note.GNU-stack
                0x0000000000000000        0x0 binaries/pdump.o
 .note.GNU-stack
                0x0000000000000000        0x0 binaries/tftp.o
 .note.GNU-stack
                0x0000000000000000        0x0 binaries/udp.o
 .note.GNU-stack
                0x0000000000000000        0x0 binaries/addargs.o
 .note.GNU-stack
                0x0000000000000000        0x0 binaries/lexan.o
 .note.GNU-stack
                0x0000000000000000        0x0 binaries/shell.o
 .note.GNU-stack
                0x0000000000000000        0x0 binaries/xsh_argecho.o
 .note.GNU-stack
                0x0000000000000000        0x0 binaries/xsh_arp.o
 .note.GNU-stack
                0x0000000000000000        0x0 binaries/xsh_cat.o
 .note.GNU-stack
                0x0000000000000000        0x0 binaries/xsh_clear.o
 .note.GNU-stack
                0x0000000000000000        0x0 binaries/xsh_date.o
 .note.GNU-stack
                0x0000000000000000        0x0 binaries/xsh_devdump.o
 .note.GNU-stack
                0x0000000000000000        0x0 binaries/xsh_echo.o
 .note.GNU-stack
                0x0000000000000000        0x0 binaries/xsh_exit.o
 .note.GNU-stack
                0x0000000000000000        0x0 binaries/xsh_help.o
 .note.GNU-stack
                0x0000000000000000        0x0 binaries/xsh_kill.o
 .note.GNU-stack
                0x0000000000000000        0x0 binaries/xsh_ls.o
 .note.GNU-stack
                0x0000000000000000        0x0 binaries/xsh_memdump.o
 .note.GNU-stack
                0x0000000000000000        0x0 binaries/xsh_memstat.o
 .note.GNU-stack
                0x0000000000000000        0x0 binaries/xsh_netinfo.o
 .note.GNU-stack
                0x0000000000000000        0x0 binaries/xsh_ns.o
 .note.GNU-stack
                0x0000000000000000        0x0 binaries/xsh_ping.o
 .note.GNU-stack
                0x0000000000000000        0x0 binaries/xsh_ps.o
 .note.GNU-stack
                0x0000000000000000        0x0 binaries/xsh_sleep.o
 .note.GNU-stack
                0x0000000000000000        0x0 binaries/xsh_udpdump.o
 .note.GNU-stack
                0x0000000000000000        0x0 binaries/xsh_udpecho.o
 .note.GNU-stack
                0x0000000000000000        0x0 binaries/xsh_udpserver.o
 .note.GNU-stack
                0x0000000000000000        0x0 binaries/xsh_uptime.o
