
Allocating common symbols
Common symbol       size              file

netbufpool          0x4               binaries/net.o
readylist           0x2               binaries/ready.o
rfltab              0x5a0             binaries/rflinit.o
netportseed         0x8               binaries/net.o
sleepq              0x2               binaries/clkinit.o
ptold               0x4               binaries/resched.o
nnames              0x4               binaries/naminit.o
udptab              0x168             binaries/udp.o
minheap             0x4               binaries/meminit.o
marks               0x50              binaries/mark.o
currpid             0x4               binaries/initialize.o
Lf_data             0x20c             binaries/lfsinit.o
porttab             0x2d0             binaries/ptinit.o
girmask             0x2               binaries/evec.o
ttytab              0x110             binaries/ttyinit.o
ptcopy              0x4               binaries/Lottery_scheduler.o
proctab             0x2260            binaries/initialize.o
flag                0x1               binaries/Lottery_scheduler.o
prcount             0x4               binaries/initialize.o
Total_Tickets       0x4               binaries/Lottery_scheduler.o
lfltab              0xf00             binaries/lflinit.o
ptnew               0x4               binaries/Lottery_scheduler.o
rdstab              0x7c              binaries/rdsinit.o
ethertab            0x130             binaries/ethinit.o
NetData             0xb0              binaries/net.o
nmarks              0x4               binaries/mark.o
initsp              0x4               binaries/i386.o
Defer               0x8               binaries/resched.o
semtab              0x4b0             binaries/initialize.o
maxheap             0x4               binaries/meminit.o
preempt             0x4               binaries/clkinit.o
buftab              0xf0              binaries/bufinit.o
Rf_data             0x18              binaries/rfsinit.o
current             0x4               binaries/Lottery_scheduler.o
mkmutex             0x4               binaries/mark.o
clktime             0x4               binaries/clkinit.o
user_list           0x2               binaries/ready.o
arpcache            0x140             binaries/arp.o
icmptab             0x230             binaries/icmp.o
nbpools             0x4               binaries/bufinit.o
queuetab            0x990             binaries/queue.o
ptnextid            0x4               binaries/ptinit.o
Ram                 0x19000           binaries/raminit.o
ipoqueue            0x2c              binaries/ip.o
new_pid             0x4               binaries/Lottery_scheduler.o
memlist             0x8               binaries/initialize.o
nametab             0x5200            binaries/naminit.o
ptfree              0x4               binaries/ptinit.o

Memory Configuration

Name             Origin             Length             Attributes
*default*        0x0000000000000000 0xffffffffffffffff

Linker script and memory map

                0x0000000000100000                physbase = 0x100000
                0x0000000000100000                . = physbase
                0x0000000000100000                . = ALIGN (0x1000)

.text           0x0000000000100000    0x1d000
                0x0000000000100000                text = ABSOLUTE (.)
 *(.text .text.*)
 .text          0x0000000000100000      0x165 binaries/start.o
                0x0000000000100020                entry
                0x000000000010003d                start
                0x00000000001000a5                inb
                0x00000000001000ad                inw
                0x00000000001000b6                inl
                0x00000000001000be                outb
                0x00000000001000c8                outw
                0x00000000001000d3                outl
                0x00000000001000dd                _rtcin
                0x00000000001000e8                ___udivsi3
                0x00000000001000f3                ___divsi3
                0x00000000001000ff                sbzero
                0x000000000010010f                bcopy
                0x0000000000100123                insw
                0x0000000000100139                outsw
                0x000000000010014f                lidt
                0x0000000000100157                jumptocode
                0x000000000010015e                jumptobootcode
 .text          0x0000000000100165      0x405 binaries/ascdate.o
                0x0000000000100165                ascdate
 .text          0x000000000010056a       0x14 binaries/bufinit.o
                0x000000000010056a                bufinit
 .text          0x000000000010057e       0x8f binaries/chprio.o
                0x000000000010057e                chprio
 .text          0x000000000010060d       0xe8 binaries/clkhandler.o
                0x000000000010060d                clkhandler
 .text          0x00000000001006f5       0x89 binaries/clkinit.o
                0x00000000001006f5                clkinit
 .text          0x000000000010077e       0x6a binaries/close.o
                0x000000000010077e                close
 .text          0x00000000001007e8        0x0 binaries/conf.o
 .text          0x00000000001007e8       0x7f binaries/control.o
                0x00000000001007e8                control
 .text          0x0000000000100867      0x2b7 binaries/create.o
                0x0000000000100867                create
                0x0000000000100aac                newpid
 .text          0x0000000000100b1e      0x312 binaries/create_user_process.o
                0x0000000000100b1e                set_tickets
                0x0000000000100b3f                burst_execution
                0x0000000000100bb3                create_user_process
 .text          0x0000000000100e30      0x36d binaries/evec.o
                0x0000000000100e30                initevec
                0x0000000000100e86                set_evec
                0x0000000000100f28                trap
 .text          0x000000000010119d       0x15 binaries/exit.o
                0x000000000010119d                exit
 .text          0x00000000001011b2       0x82 binaries/freebuf.o
                0x00000000001011b2                freebuf
 .text          0x0000000000101234      0x167 binaries/freemem.o
                0x0000000000101234                freemem
 .text          0x000000000010139b       0x80 binaries/getbuf.o
                0x000000000010139b                getbuf
 .text          0x000000000010141b       0x6a binaries/getc.o
                0x000000000010141b                getc
 .text          0x0000000000101485       0x72 binaries/getdev.o
                0x0000000000101485                getdev
 .text          0x00000000001014f7       0xc8 binaries/getitem.o
                0x00000000001014f7                getfirst
                0x0000000000101538                getlast
                0x000000000010157b                getitem
 .text          0x00000000001015bf       0xfb binaries/getmem.o
                0x00000000001015bf                getmem
 .text          0x00000000001016ba        0xa binaries/getpid.o
                0x00000000001016ba                getpid
 .text          0x00000000001016c4       0x77 binaries/getprio.o
                0x00000000001016c4                getprio
 .text          0x000000000010173b       0xf2 binaries/getstk.o
                0x000000000010173b                getstk
 .text          0x000000000010182d       0x16 binaries/getticks.o
                0x000000000010182d                getticks
 .text          0x0000000000101843       0x36 binaries/gettime.o
                0x0000000000101843                gettime
 .text          0x0000000000101879      0x1fd binaries/getutime.o
                0x0000000000101879                getutime
 .text          0x0000000000101a76      0x409 binaries/i386.o
                0x0000000000101a76                setsegs
                0x0000000000101b8d                init8259
                0x0000000000101c62                pseg
                0x0000000000101e25                setirmask
 .text          0x0000000000101e7f       0x6a binaries/init.o
                0x0000000000101e7f                init
 .text          0x0000000000101ee9      0x40c binaries/initialize.o
                0x0000000000101ee9                nulluser
                0x00000000001022a0                stop
                0x00000000001022c7                delay
 .text          0x00000000001022f5      0x20b binaries/insert.o
                0x00000000001022f5                insert
                0x00000000001023d3                insert_user_process
 .text          0x0000000000102500      0x110 binaries/insertd.o
                0x0000000000102500                insertd
 .text          0x0000000000102610        0xa binaries/ioerr.o
                0x0000000000102610                ioerr
 .text          0x000000000010261a        0xa binaries/ionull.o
                0x000000000010261a                ionull
 .text          0x0000000000102624      0x1a8 binaries/kill.o
                0x0000000000102624                kill
 .text          0x00000000001027cc      0x17b binaries/kprintf.o
                0x00000000001027cc                kputc
                0x0000000000102875                kgetc
                0x000000000010291a                kprintf
 .text          0x0000000000102947      0x2a3 binaries/Lottery_scheduler.o
                0x0000000000102947                Find_winner
                0x0000000000102a3a                Lottery_scheduler
                0x0000000000102b70                printList
 .text          0x0000000000102bea      0x385 binaries/main.o
                0x0000000000102bea                sync_printf
                0x0000000000102c97                main
 .text          0x0000000000102f6f       0xac binaries/mark.o
                0x0000000000102f6f                markinit
                0x0000000000102f92                mark
 .text          0x000000000010301b       0xca binaries/meminit.o
                0x000000000010301b                meminit
 .text          0x00000000001030e5      0x15f binaries/mkbufpool.o
                0x00000000001030e5                mkbufpool
 .text          0x0000000000103244       0x94 binaries/newqueue.o
                0x0000000000103244                newqueue
 .text          0x00000000001032d8       0x78 binaries/open.o
                0x00000000001032d8                open
 .text          0x0000000000103350       0x20 binaries/panic.o
                0x0000000000103350                panic
 .text          0x0000000000103370      0x498 binaries/pci.o
                0x0000000000103370                pci_init
                0x000000000010363c                find_pci_device
                0x000000000010368a                pci_bios_read_config_byte
                0x00000000001036c9                pci_bios_read_config_word
                0x000000000010370b                pci_bios_read_config_dword
                0x000000000010374a                pci_bios_write_config_byte
                0x000000000010378b                pci_bios_write_config_word
                0x00000000001037cd                pci_bios_write_config_dword
 .text          0x0000000000103808       0xe6 binaries/ptclear.o
                0x0000000000103808                _ptclear
 .text          0x00000000001038ee       0x8f binaries/ptcount.o
                0x00000000001038ee                ptcount
 .text          0x000000000010397d      0x105 binaries/ptcreate.o
                0x000000000010397d                ptcreate
 .text          0x0000000000103a82       0x80 binaries/ptdelete.o
                0x0000000000103a82                ptdelete
 .text          0x0000000000103b02       0xb7 binaries/ptinit.o
                0x0000000000103b02                ptinit
 .text          0x0000000000103bb9      0x10a binaries/ptrecv.o
                0x0000000000103bb9                ptrecv
 .text          0x0000000000103cc3       0x78 binaries/ptreset.o
                0x0000000000103cc3                ptreset
 .text          0x0000000000103d3b      0x128 binaries/ptsend.o
                0x0000000000103d3b                ptsend
 .text          0x0000000000103e63       0x78 binaries/putc.o
                0x0000000000103e63                putc
 .text          0x0000000000103edb      0x246 binaries/queue.o
                0x0000000000103edb                enqueue
                0x0000000000103f7f                dequeue
                0x0000000000103fe8                dequeue_user_list
                0x000000000010407a                print_queue
 .text          0x0000000000104121       0x78 binaries/read.o
                0x0000000000104121                read
 .text          0x0000000000104199      0x109 binaries/ready.o
                0x0000000000104199                print_ready_list
                0x00000000001041f8                ready
 .text          0x00000000001042a2       0x61 binaries/receive.o
                0x00000000001042a2                receive
 .text          0x0000000000104303       0x5d binaries/recvclr.o
                0x0000000000104303                recvclr
 .text          0x0000000000104360       0xbc binaries/recvtime.o
                0x0000000000104360                recvtime
 .text          0x000000000010441c      0x8f2 binaries/resched.o
                0x000000000010441c                system_to_other
                0x000000000010451b                user_to_system
                0x00000000001045ed                system_to_user
                0x0000000000104700                user_to_user
                0x0000000000104851                resched
                0x0000000000104c99                resched_cntl
 .text          0x0000000000104d0e       0xa6 binaries/resume.o
                0x0000000000104d0e                resume
 .text          0x0000000000104db4       0x71 binaries/seek.o
                0x0000000000104db4                seek
 .text          0x0000000000104e25       0x69 binaries/semcount.o
                0x0000000000104e25                semcount
 .text          0x0000000000104e8e       0xcf binaries/semcreate.o
                0x0000000000104e8e                semcreate
 .text          0x0000000000104f5d       0xba binaries/semdelete.o
                0x0000000000104f5d                semdelete
 .text          0x0000000000105017       0xbc binaries/semreset.o
                0x0000000000105017                semreset
 .text          0x00000000001050d3       0xdc binaries/send.o
                0x00000000001050d3                send
 .text          0x00000000001051af       0x97 binaries/signal.o
                0x00000000001051af                signal
 .text          0x0000000000105246       0xc3 binaries/signaln.o
                0x0000000000105246                signaln
 .text          0x0000000000105309       0xe7 binaries/sleep.o
                0x0000000000105309                sleep
                0x0000000000105353                sleepms
 .text          0x00000000001053f0      0x1b3 binaries/stacktrace.o
                0x00000000001053f0                stacktrace
 .text          0x00000000001055a3       0xdc binaries/suspend.o
                0x00000000001055a3                suspend
 .text          0x000000000010567f       0xde binaries/unsleep.o
                0x000000000010567f                unsleep
 .text          0x000000000010575d       0x15 binaries/userret.o
                0x000000000010575d                userret
 .text          0x0000000000105772       0xd5 binaries/wait.o
                0x0000000000105772                wait
 .text          0x0000000000105847       0x68 binaries/wakeup.o
                0x0000000000105847                wakeup
 .text          0x00000000001058af       0x78 binaries/write.o
                0x00000000001058af                write
 .text          0x0000000000105927       0x19 binaries/xdone.o
                0x0000000000105927                xdone
 .text          0x0000000000105940       0x25 binaries/yield.o
                0x0000000000105940                yield
 .text          0x0000000000105965       0x11 binaries/abs.o
                0x0000000000105965                abs
 .text          0x0000000000105976       0x8f binaries/atoi.o
                0x0000000000105976                atoi
 .text          0x0000000000105a05       0x8f binaries/atol.o
                0x0000000000105a05                atol
 .text          0x0000000000105a94       0x31 binaries/bzero.o
                0x0000000000105a94                bzero
 .text          0x0000000000105ac5        0x0 binaries/ctype_.o
 .text          0x0000000000105ac5      0x8f8 binaries/doprnt.o
                0x0000000000105ac5                _doprnt
 .text          0x00000000001063bd      0x6a2 binaries/doscan.o
                0x00000000001063bd                _doscan
 .text          0x0000000000106a5f      0x723 binaries/fdoprnt.o
                0x0000000000106a5f                _fdoprnt
 .text          0x0000000000107182       0x26 binaries/fgetc.o
                0x0000000000107182                fgetc
 .text          0x00000000001071a8       0x72 binaries/fgets.o
                0x00000000001071a8                fgets
 .text          0x000000000010721a       0x34 binaries/fprintf.o
                0x000000000010721a                fprintf
 .text          0x000000000010724e       0x2c binaries/fputc.o
                0x000000000010724e                fputc
 .text          0x000000000010727a       0x43 binaries/fputs.o
                0x000000000010727a                fputs
 .text          0x00000000001072bd       0x92 binaries/fscanf.o
                0x00000000001072bd                fscanf
 .text          0x000000000010734f       0x2e binaries/getchar.o
                0x000000000010734f                getchar
 .text          0x000000000010737d       0x11 binaries/labs.o
                0x000000000010737d                labs
 .text          0x000000000010738e       0x51 binaries/memcmp.o
                0x000000000010738e                memcmp
 .text          0x00000000001073df       0x3f binaries/memcpy.o
                0x00000000001073df                memcpy
 .text          0x000000000010741e       0x30 binaries/memset.o
                0x000000000010741e                memset
 .text          0x000000000010744e       0x51 binaries/printf.o
                0x000000000010744e                printf
 .text          0x000000000010749f       0x35 binaries/putchar.o
                0x000000000010749f                putchar
 .text          0x00000000001074d4      0x28c binaries/qsort.o
                0x00000000001074d4                qsort
 .text          0x0000000000107760       0x5f binaries/rand.o
                0x0000000000107760                rand
                0x0000000000107774                rand_r
                0x00000000001077b2                srand
 .text          0x00000000001077bf       0x6f binaries/sprintf.o
                0x00000000001077bf                sprintf
 .text          0x000000000010782e       0x7f binaries/sscanf.o
                0x000000000010782e                sscanf
 .text          0x00000000001078ad       0x3c binaries/strchr.o
                0x00000000001078ad                strchr
 .text          0x00000000001078e9       0x45 binaries/strcmp.o
                0x00000000001078e9                strcmp
 .text          0x000000000010792e       0x27 binaries/strcpy.o
                0x000000000010792e                strcpy
 .text          0x0000000000107955       0x26 binaries/strlen.o
                0x0000000000107955                strlen
 .text          0x000000000010797b       0x56 binaries/strncat.o
                0x000000000010797b                strncat
 .text          0x00000000001079d1       0x5e binaries/strncmp.o
                0x00000000001079d1                strncmp
 .text          0x0000000000107a2f       0x4f binaries/strncpy.o
                0x0000000000107a2f                strncpy
 .text          0x0000000000107a7e       0x2e binaries/strnlen.o
                0x0000000000107a7e                strnlen
 .text          0x0000000000107aac       0x45 binaries/strrchr.o
                0x0000000000107aac                strrchr
 .text          0x0000000000107af1       0x6d binaries/strstr.o
                0x0000000000107af1                strstr
 .text          0x0000000000107b5e       0xd8 binaries/ttycontrol.o
                0x0000000000107b5e                ttycontrol
 .text          0x0000000000107c36       0x93 binaries/ttygetc.o
                0x0000000000107c36                ttygetc
 .text          0x0000000000107cc9      0x756 binaries/ttyhandle_in.o
                0x0000000000107cc9                ttyhandle_in
 .text          0x000000000010841f      0x19f binaries/ttyhandle_out.o
                0x000000000010841f                ttyhandle_out
 .text          0x00000000001085be       0xc6 binaries/ttyhandler.o
                0x00000000001085be                ttyhandler
 .text          0x0000000000108684      0x22b binaries/ttyinit.o
                0x0000000000108684                ttyinit
 .text          0x00000000001088af       0x1d binaries/ttykickout.o
                0x00000000001088af                ttykickout
 .text          0x00000000001088cc       0xb2 binaries/ttyputc.o
                0x00000000001088cc                ttyputc
 .text          0x000000000010897e      0x10f binaries/ttyread.o
                0x000000000010897e                ttyread
 .text          0x0000000000108a8d       0x4f binaries/ttywrite.o
                0x0000000000108a8d                ttywrite
 .text          0x0000000000108adc      0x16a binaries/mount.o
                0x0000000000108adc                mount
                0x0000000000108c10                namlen
 .text          0x0000000000108c46      0x229 binaries/naminit.o
                0x0000000000108c46                naminit
 .text          0x0000000000108e6f      0x216 binaries/nammap.o
                0x0000000000108e6f                nammap
                0x0000000000108f00                namrepl
                0x0000000000109035                namcpy
 .text          0x0000000000109085       0x55 binaries/namopen.o
                0x0000000000109085                namopen
 .text          0x00000000001090da      0xfa3 binaries/82545EMInit.o
                0x0000000000109131                _82545EMInit
                0x0000000000109ed7                _82545EM_read_phy_reg
                0x0000000000109fa6                _82545EM_write_phy_reg
 .text          0x000000000010a07d      0x24c binaries/ethcontrol.o
                0x000000000010a0d4                ethcontrol
                0x000000000010a251                ethIrqDisable
                0x000000000010a28d                ethIrqEnable
 .text          0x000000000010a2c9      0x241 binaries/ethhandler.o
                0x000000000010a43a                ethhandler
 .text          0x000000000010a50a      0x122 binaries/ethinit.o
                0x000000000010a50a                ethinit
 .text          0x000000000010a62c      0x1f0 binaries/ethread.o
                0x000000000010a683                ethread
 .text          0x000000000010a81c      0x19a binaries/ethwrite.o
                0x000000000010a873                ethwrite
 .text          0x000000000010a9b6      0x2c1 binaries/rdscomm.o
                0x000000000010a9b6                rdscomm
 .text          0x000000000010ac77      0x21b binaries/rdscontrol.o
                0x000000000010ac77                rdscontrol
 .text          0x000000000010ae92       0x4e binaries/rdsinit.o
                0x000000000010ae92                rdsinit
 .text          0x000000000010aee0      0x385 binaries/rdsopen.o
                0x000000000010aee0                rdsopen
 .text          0x000000000010b265      0x40d binaries/rdsprocess.o
                0x000000000010b265                rdsprocess
 .text          0x000000000010b672      0x5b2 binaries/rdsqfcns.o
                0x000000000010b672                rdqunlink
                0x000000000010b714                rdqinsert
                0x000000000010b769                rdcunlink
                0x000000000010b813                rdcinsert
                0x000000000010b8f4                edqdump
                0x000000000010bab0                edcdump
 .text          0x000000000010bc24      0x1d7 binaries/rdsread.o
                0x000000000010bc24                rdsread
 .text          0x000000000010bdfb       0x5c binaries/rdssetprio.o
                0x000000000010bdfb                rdssetprio
 .text          0x000000000010be57      0x117 binaries/rdswrite.o
                0x000000000010be57                rdswrite
 .text          0x000000000010bf6e        0xa binaries/ramclose.o
                0x000000000010bf6e                ramclose
 .text          0x000000000010bf78       0x45 binaries/raminit.o
                0x000000000010bf78                raminit
 .text          0x000000000010bfbd        0xa binaries/ramopen.o
                0x000000000010bfbd                ramopen
 .text          0x000000000010bfc7       0x35 binaries/ramread.o
                0x000000000010bfc7                ramread
 .text          0x000000000010bffc       0x36 binaries/ramwrite.o
                0x000000000010bffc                ramwrite
 .text          0x000000000010c032       0x9e binaries/lfdballoc.o
                0x000000000010c032                lfdballoc
 .text          0x000000000010c0d0       0x62 binaries/lfdbfree.o
                0x000000000010c0d0                lfdbfree
 .text          0x000000000010c132       0xbf binaries/lfflush.o
                0x000000000010c132                lfflush
 .text          0x000000000010c1f1       0xd8 binaries/lfgetmode.o
                0x000000000010c1f1                lfgetmode
 .text          0x000000000010c2c9       0x6c binaries/lfiballoc.o
                0x000000000010c2c9                lfiballoc
 .text          0x000000000010c335       0x3b binaries/lfibclear.o
                0x000000000010c335                lfibclear
 .text          0x000000000010c370       0xae binaries/lfibget.o
                0x000000000010c370                lfibget
 .text          0x000000000010c41e       0xe0 binaries/lfibput.o
                0x000000000010c41e                lfibput
 .text          0x000000000010c4fe       0x93 binaries/lflclose.o
                0x000000000010c4fe                lflclose
 .text          0x000000000010c591       0xb5 binaries/lflcontrol.o
                0x000000000010c591                lflcontrol
 .text          0x000000000010c646       0xdf binaries/lflgetc.o
                0x000000000010c646                lflgetc
 .text          0x000000000010c725       0xfb binaries/lflinit.o
                0x000000000010c725                lflinit
 .text          0x000000000010c820      0x10f binaries/lflputc.o
                0x000000000010c820                lflputc
 .text          0x000000000010c92f       0x6d binaries/lflread.o
                0x000000000010c92f                lflread
 .text          0x000000000010c99c       0x9c binaries/lflseek.o
                0x000000000010c99c                lflseek
 .text          0x000000000010ca38       0x55 binaries/lflwrite.o
                0x000000000010ca38                lflwrite
 .text          0x000000000010ca8d       0x62 binaries/lfscheck.o
                0x000000000010ca8d                lfscheck
 .text          0x000000000010caef      0x176 binaries/lfsckfmt.o
                0x000000000010caef                lfsckfmt
 .text          0x000000000010cc65      0x221 binaries/lfscreate.o
                0x000000000010cc65                lfscreate
 .text          0x000000000010ce86      0x282 binaries/lfsetup.o
                0x000000000010ce86                lfsetup
 .text          0x000000000010d108       0x55 binaries/lfsinit.o
                0x000000000010d108                lfsinit
 .text          0x000000000010d15d      0x3cb binaries/lfsopen.o
                0x000000000010d15d                lfsopen
 .text          0x000000000010d528      0x161 binaries/lftruncate.o
                0x000000000010d528                lftruncate
 .text          0x000000000010d689      0x1a5 binaries/rflclose.o
                0x000000000010d689                rflclose
 .text          0x000000000010d82e       0x5d binaries/rflgetc.o
                0x000000000010d82e                rflgetc
 .text          0x000000000010d88b       0x76 binaries/rflinit.o
                0x000000000010d88b                rflinit
 .text          0x000000000010d901       0x39 binaries/rflputc.o
                0x000000000010d901                rflputc
 .text          0x000000000010d93a      0x386 binaries/rflread.o
                0x000000000010d93a                rflread
 .text          0x000000000010dcc0       0x68 binaries/rflseek.o
                0x000000000010dcc0                rflseek
 .text          0x000000000010dd28      0x336 binaries/rflwrite.o
                0x000000000010dd28                rflwrite
 .text          0x000000000010e05e      0x22f binaries/rfscomm.o
                0x000000000010e05e                rfscomm
 .text          0x000000000010e28d      0x258 binaries/rfscontrol.o
                0x000000000010e28d                rfscontrol
 .text          0x000000000010e4e5       0xd8 binaries/rfsgetmode.o
                0x000000000010e4e5                rfsgetmode
 .text          0x000000000010e5bd       0x61 binaries/rfsinit.o
                0x000000000010e5bd                rfsinit
 .text          0x000000000010e61e      0x128 binaries/rfsndmsg.o
                0x000000000010e61e                rfsndmsg
 .text          0x000000000010e746      0x28d binaries/rfsopen.o
                0x000000000010e746                rfsopen
 .text          0x000000000010e9d3      0x855 binaries/arp.o
                0x000000000010e9d3                arp_init
                0x000000000010ea05                arp_resolve
                0x000000000010ecd2                arp_in
                0x000000000010ef84                arp_alloc
                0x000000000010f050                arp_ntoh
                0x000000000010f13c                arp_hton
 .text          0x000000000010f228      0x947 binaries/dhcp.o
                0x000000000010f228                dhcp_get_opt_val
                0x000000000010f281                dhcp_bld_bootp_msg
                0x000000000010f3ab                dhcp_bld_disc
                0x000000000010f491                dhcp_bld_req
                0x000000000010f60e                getlocalip
 .text          0x000000000010fb6f      0x6e3 binaries/dns.o
                0x000000000010fb6f                dnslookup
 .text          0x0000000000110252       0xe0 binaries/dot2ip.o
                0x0000000000110252                dot2ip
 .text          0x0000000000110332      0x468 binaries/hexdump.o
                0x0000000000110332                hexdump
                0x00000000001104b5                hexadump
 .text          0x000000000011079a      0x8c4 binaries/icmp.o
                0x000000000011079a                icmp_init
                0x00000000001107d0                icmp_in
                0x00000000001109d8                icmp_register
                0x0000000000110aca                icmp_recv
                0x0000000000110c43                icmp_send
                0x0000000000110cd8                icmp_mkpkt
                0x0000000000110df3                icmp_release
                0x0000000000110ee3                icmp_cksum
                0x0000000000110f76                icmp_hton
                0x0000000000110fea                icmp_ntoh
 .text          0x000000000011105e      0x81d binaries/ip.o
                0x000000000011105e                ip_in
                0x00000000001111aa                ip_send
                0x00000000001112ec                ip_local
                0x000000000011132f                ip_out
                0x000000000011145c                ipcksum
                0x00000000001114e2                ip_ntoh
                0x00000000001115ce                ip_hton
                0x00000000001116ba                ipout
                0x00000000001117dc                ip_enqueue
 .text          0x000000000011187b      0x2ed binaries/net.o
                0x000000000011187b                net_init
                0x00000000001119d3                netin
                0x0000000000111a7f                eth_hton
                0x0000000000111aa9                eth_ntoh
                0x0000000000111ad3                getport
 .text          0x0000000000111b68     0x1539 binaries/pdump.o
                0x0000000000111b68                pdump
                0x0000000000112984                pdumph
 .text          0x00000000001130a1      0x64a binaries/tftp.o
                0x00000000001130a1                tftp_send1
                0x0000000000113231                tftpget
                0x0000000000113273                tftpget_mb
 .text          0x00000000001136eb      0xb08 binaries/udp.o
                0x00000000001136eb                udp_init
                0x000000000011371f                udp_in
                0x000000000011385a                udp_register
                0x000000000011398e                udp_recv
                0x0000000000113b14                udp_recvaddr
                0x0000000000113cb2                udp_send
                0x0000000000113e81                udp_sendto
                0x000000000011401c                udp_release
                0x0000000000114109                udp_ntoh
                0x000000000011417e                udp_hton
 .text          0x00000000001141f3      0x138 binaries/addargs.o
                0x00000000001141f3                addargs
 .text          0x000000000011432b      0x2c9 binaries/lexan.o
                0x000000000011432b                lexan
 .text          0x00000000001145f4      0x6ef binaries/shell.o
                0x00000000001145f4                shell
 .text          0x0000000000114ce3       0x68 binaries/xsh_argecho.o
                0x0000000000114ce3                xsh_argecho
 .text          0x0000000000114d4b      0x23a binaries/xsh_arp.o
                0x0000000000114d4b                xsh_arp
 .text          0x0000000000114f85      0x25d binaries/xsh_cat.o
                0x0000000000114f85                xsh_cat
 .text          0x00000000001151e2       0x5d binaries/xsh_clear.o
                0x00000000001151e2                xsh_clear
 .text          0x000000000011523f      0x2f4 binaries/xsh_date.o
                0x000000000011523f                xsh_date
 .text          0x0000000000115533       0xaf binaries/xsh_devdump.o
                0x0000000000115533                xsh_devdump
 .text          0x00000000001155e2       0x6c binaries/xsh_echo.o
                0x00000000001155e2                xsh_echo
 .text          0x000000000011564e        0xa binaries/xsh_exit.o
                0x000000000011564e                xsh_exit
 .text          0x0000000000115658      0x370 binaries/xsh_help.o
                0x0000000000115658                xsh_help
 .text          0x00000000001159c8      0x246 binaries/xsh_kill.o
                0x00000000001159c8                xsh_kill
 .text          0x0000000000115c0e      0x559 binaries/xsh_ls.o
                0x0000000000115c0e                xsh_ls
 .text          0x0000000000116167      0x522 binaries/xsh_memdump.o
                0x0000000000116167                xsh_memdump
 .text          0x0000000000116689      0x2a1 binaries/xsh_memstat.o
                0x0000000000116689                xsh_memstat
 .text          0x000000000011692a      0x5be binaries/xsh_netinfo.o
                0x000000000011692a                xsh_netinfo
 .text          0x0000000000116ee8      0x608 binaries/xsh_ns.o
                0x0000000000116ee8                xsh_ns
 .text          0x00000000001174f0      0x3e7 binaries/xsh_ping.o
                0x00000000001174f0                xsh_ping
 .text          0x00000000001178d7      0x265 binaries/xsh_ps.o
                0x00000000001178d7                xsh_ps
 .text          0x0000000000117b3c      0x223 binaries/xsh_sleep.o
                0x0000000000117b3c                xsh_sleep
 .text          0x0000000000117d5f      0x2ba binaries/xsh_udpdump.o
                0x0000000000117d5f                xsh_udpdump
 .text          0x0000000000118019      0x5a8 binaries/xsh_udpecho.o
                0x0000000000118019                xsh_udpecho
 .text          0x00000000001185c1      0x2e1 binaries/xsh_udpserver.o
                0x00000000001185c1                xsh_udpeserver
 .text          0x00000000001188a2      0x1e5 binaries/xsh_uptime.o
                0x00000000001188a2                xsh_uptime
 .text          0x0000000000118a87        0xe binaries/clkdisp.o
                0x0000000000118a87                clkdisp
 .text          0x0000000000118a95       0x19 binaries/ctxsw.o
                0x0000000000118a95                ctxsw
 .text          0x0000000000118aae      0x368 binaries/intr.o
                0x0000000000118aae                disable
                0x0000000000118ab7                restore
                0x0000000000118ac5                enable
                0x0000000000118ac7                pause
                0x0000000000118ace                halt
                0x0000000000118ad1                spurious_irq7
                0x0000000000118ad6                spurious_irq15
                0x0000000000118ae5                _Xint0
                0x0000000000118af0                _Xint1
                0x0000000000118afb                _Xint2
                0x0000000000118b06                _Xint3
                0x0000000000118b11                _Xint4
                0x0000000000118b1c                _Xint5
                0x0000000000118b27                _Xint6
                0x0000000000118b32                _Xint7
                0x0000000000118b3d                _Xint8
                0x0000000000118b48                _Xint9
                0x0000000000118b53                _Xint10
                0x0000000000118b5e                _Xint11
                0x0000000000118b6c                _Xint12
                0x0000000000118b7a                _Xint13
                0x0000000000118b88                _Xint14
                0x0000000000118b96                _Xint15
                0x0000000000118ba4                _Xint16
                0x0000000000118bb2                _Xint17
                0x0000000000118bc0                _Xint18
                0x0000000000118bce                _Xint19
                0x0000000000118bdc                _Xint20
                0x0000000000118bea                _Xint21
                0x0000000000118bf8                _Xint22
                0x0000000000118c06                _Xint23
                0x0000000000118c14                _Xint24
                0x0000000000118c22                _Xint25
                0x0000000000118c30                _Xint26
                0x0000000000118c3e                _Xint27
                0x0000000000118c4c                _Xint28
                0x0000000000118c5a                _Xint29
                0x0000000000118c68                _Xint30
                0x0000000000118c76                _Xint31
                0x0000000000118c84                _Xint32
                0x0000000000118c92                _Xint33
                0x0000000000118ca0                _Xint34
                0x0000000000118cae                _Xint35
                0x0000000000118cbc                _Xint36
                0x0000000000118cca                _Xint37
                0x0000000000118cd8                _Xint38
                0x0000000000118ce6                _Xint39
                0x0000000000118cf4                _Xint40
                0x0000000000118d02                _Xint41
                0x0000000000118d10                _Xint42
                0x0000000000118d1e                _Xint43
                0x0000000000118d2c                _Xint44
                0x0000000000118d3a                _Xint45
                0x0000000000118d48                _Xint46
                0x0000000000118d56                defevec
 .text          0x0000000000118e16        0xf binaries/ttydispatch.o
                0x0000000000118e16                ttydispatch
 .text          0x0000000000118e25       0x13 binaries/ethdispatch.o
                0x0000000000118e25                ethdispatch
 *(.rodata .rodata.*)
 .rodata        0x0000000000118e38       0x8e binaries/ascdate.o
 .rodata        0x0000000000118ec6       0xae binaries/conf.o
 .rodata        0x0000000000118f74      0x22f binaries/evec.o
 *fill*         0x00000000001191a3        0x1 
 .rodata        0x00000000001191a4       0x61 binaries/getutime.o
 *fill*         0x0000000000119205        0x3 
 .rodata        0x0000000000119208       0x90 binaries/i386.o
 .rodata        0x0000000000119298      0x186 binaries/initialize.o
 *fill*         0x000000000011941e        0x2 
 .rodata        0x0000000000119420       0x20 binaries/kill.o
 .rodata        0x0000000000119440       0x62 binaries/Lottery_scheduler.o
 *fill*         0x00000000001194a2        0x2 
 .rodata        0x00000000001194a4      0x165 binaries/main.o
 .rodata        0x0000000000119609        0xf binaries/panic.o
 .rodata        0x0000000000119618      0x1ec binaries/pci.o
 .rodata        0x0000000000119804       0x1d binaries/ptinit.o
 *fill*         0x0000000000119821        0x3 
 .rodata        0x0000000000119824       0x25 binaries/ptsend.o
 .rodata        0x0000000000119849       0x52 binaries/queue.o
 *fill*         0x000000000011989b        0x1 
 .rodata        0x000000000011989c       0x45 binaries/ready.o
 *fill*         0x00000000001198e1        0x3 
 .rodata        0x00000000001198e4      0x2fe binaries/resched.o
 *fill*         0x0000000000119be2        0x2 
 .rodata        0x0000000000119be4       0xb7 binaries/stacktrace.o
 *fill*         0x0000000000119c9b        0x1 
 .rodata        0x0000000000119c9c       0x27 binaries/xdone.o
 *fill*         0x0000000000119cc3       0x1d 
 .rodata        0x0000000000119ce0       0x81 binaries/ctype_.o
                0x0000000000119ce0                _ctype_
 *fill*         0x0000000000119d61        0x3 
 .rodata        0x0000000000119d64       0xee binaries/doprnt.o
 *fill*         0x0000000000119e52        0x2 
 .rodata        0x0000000000119e54       0x98 binaries/doscan.o
 .rodata        0x0000000000119eec       0xae binaries/fdoprnt.o
 *fill*         0x0000000000119f9a        0x2 
 .rodata        0x0000000000119f9c       0x20 binaries/ttycontrol.o
 .rodata        0x0000000000119fbc       0x34 binaries/ttyhandler.o
 .rodata        0x0000000000119ff0       0x14 binaries/mount.o
 .rodata        0x000000000011a004       0x82 binaries/naminit.o
 *fill*         0x000000000011a086        0x2 
 .rodata        0x000000000011a088       0x2e binaries/82545EMInit.o
 *fill*         0x000000000011a0b6        0x2 
 .rodata        0x000000000011a0b8       0x78 binaries/ethinit.o
 .rodata        0x000000000011a130       0x18 binaries/ethread.o
 .rodata        0x000000000011a148       0x76 binaries/rdscomm.o
 *fill*         0x000000000011a1be        0x2 
 .rodata        0x000000000011a1c0       0x21 binaries/rdscontrol.o
 *fill*         0x000000000011a1e1        0x3 
 .rodata        0x000000000011a1e4       0xae binaries/rdsopen.o
 *fill*         0x000000000011a292        0x2 
 .rodata        0x000000000011a294       0x3e binaries/rdsprocess.o
 *fill*         0x000000000011a2d2        0x2 
 .rodata        0x000000000011a2d4       0xe2 binaries/rdsqfcns.o
 .rodata        0x000000000011a3b6        0x9 binaries/raminit.o
 *fill*         0x000000000011a3bf        0x1 
 .rodata        0x000000000011a3c0       0x36 binaries/lfdballoc.o
 .rodata        0x000000000011a3f6       0x14 binaries/lfiballoc.o
 *fill*         0x000000000011a40a        0x2 
 .rodata        0x000000000011a40c       0x22 binaries/lflcontrol.o
 *fill*         0x000000000011a42e        0x2 
 .rodata        0x000000000011a430      0x118 binaries/lfsckfmt.o
 .rodata        0x000000000011a548       0x66 binaries/lfsopen.o
 *fill*         0x000000000011a5ae        0x2 
 .rodata        0x000000000011a5b0       0x21 binaries/rflclose.o
 *fill*         0x000000000011a5d1        0x3 
 .rodata        0x000000000011a5d4       0x21 binaries/rflread.o
 *fill*         0x000000000011a5f5        0x3 
 .rodata        0x000000000011a5f8       0x21 binaries/rflwrite.o
 *fill*         0x000000000011a619        0x3 
 .rodata        0x000000000011a61c       0xa1 binaries/rfscomm.o
 *fill*         0x000000000011a6bd        0x3 
 .rodata        0x000000000011a6c0       0x3c binaries/rfscontrol.o
 .rodata        0x000000000011a6fc       0x2b binaries/rfsinit.o
 *fill*         0x000000000011a727        0x1 
 .rodata        0x000000000011a728       0x2a binaries/rfsndmsg.o
 *fill*         0x000000000011a752        0x2 
 .rodata        0x000000000011a754       0x21 binaries/rfsopen.o
 *fill*         0x000000000011a775        0x3 
 .rodata        0x000000000011a778       0x3a binaries/arp.o
 *fill*         0x000000000011a7b2        0x2 
 .rodata        0x000000000011a7b4       0xcf binaries/dhcp.o
 .rodata        0x000000000011a883       0x24 binaries/dns.o
 *fill*         0x000000000011a8a7        0x1 
 .rodata        0x000000000011a8a8       0xc9 binaries/hexdump.o
 *fill*         0x000000000011a971        0x3 
 .rodata        0x000000000011a974       0x29 binaries/icmp.o
 *fill*         0x000000000011a99d        0x3 
 .rodata        0x000000000011a9a0       0x52 binaries/ip.o
 *fill*         0x000000000011a9f2        0x2 
 .rodata        0x000000000011a9f4       0x4f binaries/net.o
 *fill*         0x000000000011aa43        0x1 
 .rodata        0x000000000011aa44      0x26f binaries/pdump.o
 *fill*         0x000000000011acb3        0x1 
 .rodata        0x000000000011acb4      0x154 binaries/tftp.o
 *fill*         0x000000000011ae08       0x18 
 .rodata        0x000000000011ae20      0x3f9 binaries/shell.o
                0x000000000011aec0                cmdtab
 .rodata        0x000000000011b219       0x28 binaries/xsh_argecho.o
 *fill*         0x000000000011b241        0x3 
 .rodata        0x000000000011b244      0x123 binaries/xsh_arp.o
 *fill*         0x000000000011b367        0x1 
 .rodata        0x000000000011b368       0xc9 binaries/xsh_cat.o
 .rodata        0x000000000011b431       0x19 binaries/xsh_clear.o
 *fill*         0x000000000011b44a        0x2 
 .rodata        0x000000000011b44c      0x1c3 binaries/xsh_date.o
 .rodata        0x000000000011b60f       0x5d binaries/xsh_devdump.o
 .rodata        0x000000000011b66c        0x9 binaries/xsh_echo.o
 *fill*         0x000000000011b675        0x3 
 .rodata        0x000000000011b678      0x169 binaries/xsh_help.o
 *fill*         0x000000000011b7e1        0x3 
 .rodata        0x000000000011b7e4      0x12e binaries/xsh_kill.o
 *fill*         0x000000000011b912        0x2 
 .rodata        0x000000000011b914      0x190 binaries/xsh_ls.o
 .rodata        0x000000000011baa4      0x266 binaries/xsh_memdump.o
 *fill*         0x000000000011bd0a        0x2 
 .rodata        0x000000000011bd0c      0x225 binaries/xsh_memstat.o
 *fill*         0x000000000011bf31        0x3 
 .rodata        0x000000000011bf34      0x1b0 binaries/xsh_netinfo.o
 *fill*         0x000000000011c0e4       0x1c 
 .rodata        0x000000000011c100      0x340 binaries/xsh_ns.o
 .rodata        0x000000000011c440      0x19d binaries/xsh_ping.o
 *fill*         0x000000000011c5dd        0x3 
 .rodata        0x000000000011c5e0      0x1e0 binaries/xsh_ps.o
 .rodata        0x000000000011c7c0       0xeb binaries/xsh_sleep.o
 *fill*         0x000000000011c8ab        0x1 
 .rodata        0x000000000011c8ac      0x1b8 binaries/xsh_udpdump.o
 .rodata        0x000000000011ca64      0x27d binaries/xsh_udpecho.o
 *fill*         0x000000000011cce1        0x3 
 .rodata        0x000000000011cce4      0x12b binaries/xsh_udpserver.o
 *fill*         0x000000000011ce0f        0x1 
 .rodata        0x000000000011ce10      0x105 binaries/xsh_uptime.o
                0x000000000011cf15                etext = ABSOLUTE (.)
                0x000000000011d000                . = ALIGN (0x1000)
 *fill*         0x000000000011cf15       0xeb 

.eh_frame       0x000000000011d000     0x2f3c
 .eh_frame      0x000000000011d000       0x40 binaries/ascdate.o
 .eh_frame      0x000000000011d040       0x20 binaries/bufinit.o
                                         0x38 (size before relaxing)
 .eh_frame      0x000000000011d060       0x20 binaries/chprio.o
                                         0x38 (size before relaxing)
 .eh_frame      0x000000000011d080       0x20 binaries/clkhandler.o
                                         0x38 (size before relaxing)
 .eh_frame      0x000000000011d0a0       0x20 binaries/clkinit.o
                                         0x38 (size before relaxing)
 .eh_frame      0x000000000011d0c0       0x20 binaries/close.o
                                         0x38 (size before relaxing)
 .eh_frame      0x000000000011d0e0       0x20 binaries/control.o
                                         0x38 (size before relaxing)
 .eh_frame      0x000000000011d100       0x40 binaries/create.o
                                         0x58 (size before relaxing)
 .eh_frame      0x000000000011d140       0x60 binaries/create_user_process.o
                                         0x78 (size before relaxing)
 .eh_frame      0x000000000011d1a0       0x60 binaries/evec.o
                                         0x78 (size before relaxing)
 .eh_frame      0x000000000011d200       0x20 binaries/exit.o
                                         0x38 (size before relaxing)
 .eh_frame      0x000000000011d220       0x20 binaries/freebuf.o
                                         0x38 (size before relaxing)
 .eh_frame      0x000000000011d240       0x20 binaries/freemem.o
                                         0x38 (size before relaxing)
 .eh_frame      0x000000000011d260       0x20 binaries/getbuf.o
                                         0x38 (size before relaxing)
 .eh_frame      0x000000000011d280       0x20 binaries/getc.o
                                         0x38 (size before relaxing)
 .eh_frame      0x000000000011d2a0       0x20 binaries/getdev.o
                                         0x38 (size before relaxing)
 .eh_frame      0x000000000011d2c0       0x60 binaries/getitem.o
                                         0x78 (size before relaxing)
 .eh_frame      0x000000000011d320       0x20 binaries/getmem.o
                                         0x38 (size before relaxing)
 .eh_frame      0x000000000011d340       0x20 binaries/getpid.o
                                         0x38 (size before relaxing)
 .eh_frame      0x000000000011d360       0x20 binaries/getprio.o
                                         0x38 (size before relaxing)
 .eh_frame      0x000000000011d380       0x20 binaries/getstk.o
                                         0x38 (size before relaxing)
 .eh_frame      0x000000000011d3a0       0x20 binaries/getticks.o
                                         0x38 (size before relaxing)
 .eh_frame      0x000000000011d3c0       0x20 binaries/gettime.o
                                         0x38 (size before relaxing)
 .eh_frame      0x000000000011d3e0       0x20 binaries/getutime.o
                                         0x38 (size before relaxing)
 .eh_frame      0x000000000011d400       0x8c binaries/i386.o
                                         0xa4 (size before relaxing)
 .eh_frame      0x000000000011d48c       0x20 binaries/init.o
                                         0x38 (size before relaxing)
 .eh_frame      0x000000000011d4ac       0xa0 binaries/initialize.o
                                         0xb8 (size before relaxing)
 .eh_frame      0x000000000011d54c       0x40 binaries/insert.o
                                         0x58 (size before relaxing)
 .eh_frame      0x000000000011d58c       0x20 binaries/insertd.o
                                         0x38 (size before relaxing)
 .eh_frame      0x000000000011d5ac       0x20 binaries/ioerr.o
                                         0x38 (size before relaxing)
 .eh_frame      0x000000000011d5cc       0x20 binaries/ionull.o
                                         0x38 (size before relaxing)
 .eh_frame      0x000000000011d5ec       0x20 binaries/kill.o
                                         0x38 (size before relaxing)
 .eh_frame      0x000000000011d60c       0x60 binaries/kprintf.o
                                         0x78 (size before relaxing)
 .eh_frame      0x000000000011d66c       0x60 binaries/Lottery_scheduler.o
                                         0x78 (size before relaxing)
 .eh_frame      0x000000000011d6cc       0x50 binaries/main.o
                                         0x68 (size before relaxing)
 .eh_frame      0x000000000011d71c       0x40 binaries/mark.o
                                         0x58 (size before relaxing)
 .eh_frame      0x000000000011d75c       0x20 binaries/meminit.o
                                         0x38 (size before relaxing)
 .eh_frame      0x000000000011d77c       0x20 binaries/mkbufpool.o
                                         0x38 (size before relaxing)
 .eh_frame      0x000000000011d79c       0x20 binaries/newqueue.o
                                         0x38 (size before relaxing)
 .eh_frame      0x000000000011d7bc       0x20 binaries/open.o
                                         0x38 (size before relaxing)
 .eh_frame      0x000000000011d7dc       0x1c binaries/panic.o
                                         0x34 (size before relaxing)
 .eh_frame      0x000000000011d7f8      0x1c8 binaries/pci.o
                                        0x1e0 (size before relaxing)
 .eh_frame      0x000000000011d9c0       0x20 binaries/ptclear.o
                                         0x38 (size before relaxing)
 .eh_frame      0x000000000011d9e0       0x20 binaries/ptcount.o
                                         0x38 (size before relaxing)
 .eh_frame      0x000000000011da00       0x20 binaries/ptcreate.o
                                         0x38 (size before relaxing)
 .eh_frame      0x000000000011da20       0x20 binaries/ptdelete.o
                                         0x38 (size before relaxing)
 .eh_frame      0x000000000011da40       0x20 binaries/ptinit.o
                                         0x38 (size before relaxing)
 .eh_frame      0x000000000011da60       0x20 binaries/ptrecv.o
                                         0x38 (size before relaxing)
 .eh_frame      0x000000000011da80       0x20 binaries/ptreset.o
                                         0x38 (size before relaxing)
 .eh_frame      0x000000000011daa0       0x20 binaries/ptsend.o
                                         0x38 (size before relaxing)
 .eh_frame      0x000000000011dac0       0x20 binaries/putc.o
                                         0x38 (size before relaxing)
 .eh_frame      0x000000000011dae0       0x80 binaries/queue.o
                                         0x98 (size before relaxing)
 .eh_frame      0x000000000011db60       0x20 binaries/read.o
                                         0x38 (size before relaxing)
 .eh_frame      0x000000000011db80       0x48 binaries/ready.o
                                         0x60 (size before relaxing)
 .eh_frame      0x000000000011dbc8       0x20 binaries/receive.o
                                         0x38 (size before relaxing)
 .eh_frame      0x000000000011dbe8       0x20 binaries/recvclr.o
                                         0x38 (size before relaxing)
 .eh_frame      0x000000000011dc08       0x20 binaries/recvtime.o
                                         0x38 (size before relaxing)
 .eh_frame      0x000000000011dc28       0xc0 binaries/resched.o
                                         0xd8 (size before relaxing)
 .eh_frame      0x000000000011dce8       0x20 binaries/resume.o
                                         0x38 (size before relaxing)
 .eh_frame      0x000000000011dd08       0x20 binaries/seek.o
                                         0x38 (size before relaxing)
 .eh_frame      0x000000000011dd28       0x20 binaries/semcount.o
                                         0x38 (size before relaxing)
 .eh_frame      0x000000000011dd48       0x40 binaries/semcreate.o
                                         0x58 (size before relaxing)
 .eh_frame      0x000000000011dd88       0x20 binaries/semdelete.o
                                         0x38 (size before relaxing)
 .eh_frame      0x000000000011dda8       0x20 binaries/semreset.o
                                         0x38 (size before relaxing)
 .eh_frame      0x000000000011ddc8       0x20 binaries/send.o
                                         0x38 (size before relaxing)
 .eh_frame      0x000000000011dde8       0x20 binaries/signal.o
                                         0x38 (size before relaxing)
 .eh_frame      0x000000000011de08       0x20 binaries/signaln.o
                                         0x38 (size before relaxing)
 .eh_frame      0x000000000011de28       0x40 binaries/sleep.o
                                         0x58 (size before relaxing)
 .eh_frame      0x000000000011de68       0x20 binaries/stacktrace.o
                                         0x38 (size before relaxing)
 .eh_frame      0x000000000011de88       0x20 binaries/suspend.o
                                         0x38 (size before relaxing)
 .eh_frame      0x000000000011dea8       0x20 binaries/unsleep.o
                                         0x38 (size before relaxing)
 .eh_frame      0x000000000011dec8       0x20 binaries/userret.o
                                         0x38 (size before relaxing)
 .eh_frame      0x000000000011dee8       0x20 binaries/wait.o
                                         0x38 (size before relaxing)
 .eh_frame      0x000000000011df08       0x20 binaries/wakeup.o
                                         0x38 (size before relaxing)
 .eh_frame      0x000000000011df28       0x20 binaries/write.o
                                         0x38 (size before relaxing)
 .eh_frame      0x000000000011df48       0x20 binaries/xdone.o
                                         0x38 (size before relaxing)
 .eh_frame      0x000000000011df68       0x20 binaries/yield.o
                                         0x38 (size before relaxing)
 .eh_frame      0x000000000011df88       0x20 binaries/abs.o
                                         0x38 (size before relaxing)
 .eh_frame      0x000000000011dfa8       0x20 binaries/atoi.o
                                         0x38 (size before relaxing)
 .eh_frame      0x000000000011dfc8       0x20 binaries/atol.o
                                         0x38 (size before relaxing)
 .eh_frame      0x000000000011dfe8       0x20 binaries/bzero.o
                                         0x38 (size before relaxing)
 .eh_frame      0x000000000011e008       0xe4 binaries/doprnt.o
                                         0xfc (size before relaxing)
 .eh_frame      0x000000000011e0ec       0xb0 binaries/doscan.o
                                         0xc8 (size before relaxing)
 .eh_frame      0x000000000011e19c       0xc0 binaries/fdoprnt.o
                                         0xd8 (size before relaxing)
 .eh_frame      0x000000000011e25c       0x20 binaries/fgetc.o
                                         0x38 (size before relaxing)
 .eh_frame      0x000000000011e27c       0x20 binaries/fgets.o
                                         0x38 (size before relaxing)
 .eh_frame      0x000000000011e29c       0x20 binaries/fprintf.o
                                         0x38 (size before relaxing)
 .eh_frame      0x000000000011e2bc       0x20 binaries/fputc.o
                                         0x38 (size before relaxing)
 .eh_frame      0x000000000011e2dc       0x20 binaries/fputs.o
                                         0x38 (size before relaxing)
 .eh_frame      0x000000000011e2fc       0x60 binaries/fscanf.o
                                         0x78 (size before relaxing)
 .eh_frame      0x000000000011e35c       0x20 binaries/getchar.o
                                         0x38 (size before relaxing)
 .eh_frame      0x000000000011e37c       0x20 binaries/labs.o
                                         0x38 (size before relaxing)
 .eh_frame      0x000000000011e39c       0x20 binaries/memcmp.o
                                         0x38 (size before relaxing)
 .eh_frame      0x000000000011e3bc       0x24 binaries/memcpy.o
                                         0x3c (size before relaxing)
 .eh_frame      0x000000000011e3e0       0x24 binaries/memset.o
                                         0x3c (size before relaxing)
 .eh_frame      0x000000000011e404       0x20 binaries/printf.o
                                         0x38 (size before relaxing)
 .eh_frame      0x000000000011e424       0x20 binaries/putchar.o
                                         0x38 (size before relaxing)
 .eh_frame      0x000000000011e444       0xa8 binaries/qsort.o
                                         0xc0 (size before relaxing)
 .eh_frame      0x000000000011e4ec       0x60 binaries/rand.o
                                         0x78 (size before relaxing)
 .eh_frame      0x000000000011e54c       0x40 binaries/sprintf.o
                                         0x58 (size before relaxing)
 .eh_frame      0x000000000011e58c       0x60 binaries/sscanf.o
                                         0x78 (size before relaxing)
 .eh_frame      0x000000000011e5ec       0x20 binaries/strchr.o
                                         0x38 (size before relaxing)
 .eh_frame      0x000000000011e60c       0x20 binaries/strcmp.o
                                         0x38 (size before relaxing)
 .eh_frame      0x000000000011e62c       0x20 binaries/strcpy.o
                                         0x38 (size before relaxing)
 .eh_frame      0x000000000011e64c       0x20 binaries/strlen.o
                                         0x38 (size before relaxing)
 .eh_frame      0x000000000011e66c       0x20 binaries/strncat.o
                                         0x38 (size before relaxing)
 .eh_frame      0x000000000011e68c       0x20 binaries/strncmp.o
                                         0x38 (size before relaxing)
 .eh_frame      0x000000000011e6ac       0x28 binaries/strncpy.o
                                         0x40 (size before relaxing)
 .eh_frame      0x000000000011e6d4       0x20 binaries/strnlen.o
                                         0x38 (size before relaxing)
 .eh_frame      0x000000000011e6f4       0x20 binaries/strrchr.o
                                         0x38 (size before relaxing)
 .eh_frame      0x000000000011e714       0x20 binaries/strstr.o
                                         0x38 (size before relaxing)
 .eh_frame      0x000000000011e734       0x20 binaries/ttycontrol.o
                                         0x38 (size before relaxing)
 .eh_frame      0x000000000011e754       0x20 binaries/ttygetc.o
                                         0x38 (size before relaxing)
 .eh_frame      0x000000000011e774       0x80 binaries/ttyhandle_in.o
                                         0x98 (size before relaxing)
 .eh_frame      0x000000000011e7f4       0x20 binaries/ttyhandle_out.o
                                         0x38 (size before relaxing)
 .eh_frame      0x000000000011e814       0x20 binaries/ttyhandler.o
                                         0x38 (size before relaxing)
 .eh_frame      0x000000000011e834       0x20 binaries/ttyinit.o
                                         0x38 (size before relaxing)
 .eh_frame      0x000000000011e854       0x20 binaries/ttykickout.o
                                         0x38 (size before relaxing)
 .eh_frame      0x000000000011e874       0x20 binaries/ttyputc.o
                                         0x38 (size before relaxing)
 .eh_frame      0x000000000011e894       0x28 binaries/ttyread.o
                                         0x40 (size before relaxing)
 .eh_frame      0x000000000011e8bc       0x20 binaries/ttywrite.o
                                         0x38 (size before relaxing)
 .eh_frame      0x000000000011e8dc       0x40 binaries/mount.o
                                         0x58 (size before relaxing)
 .eh_frame      0x000000000011e91c       0x20 binaries/naminit.o
                                         0x38 (size before relaxing)
 .eh_frame      0x000000000011e93c       0x60 binaries/nammap.o
                                         0x78 (size before relaxing)
 .eh_frame      0x000000000011e99c       0x20 binaries/namopen.o
                                         0x38 (size before relaxing)
 .eh_frame      0x000000000011e9bc      0x150 binaries/82545EMInit.o
                                        0x168 (size before relaxing)
 .eh_frame      0x000000000011eb0c       0xa0 binaries/ethcontrol.o
                                         0xb8 (size before relaxing)
 .eh_frame      0x000000000011ebac       0x80 binaries/ethhandler.o
                                         0x98 (size before relaxing)
 .eh_frame      0x000000000011ec2c       0x20 binaries/ethinit.o
                                         0x38 (size before relaxing)
 .eh_frame      0x000000000011ec4c       0x60 binaries/ethread.o
                                         0x78 (size before relaxing)
 .eh_frame      0x000000000011ecac       0x60 binaries/ethwrite.o
                                         0x78 (size before relaxing)
 .eh_frame      0x000000000011ed0c       0x20 binaries/rdscomm.o
                                         0x38 (size before relaxing)
 .eh_frame      0x000000000011ed2c       0x20 binaries/rdscontrol.o
                                         0x38 (size before relaxing)
 .eh_frame      0x000000000011ed4c       0x20 binaries/rdsinit.o
                                         0x38 (size before relaxing)
 .eh_frame      0x000000000011ed6c       0x20 binaries/rdsopen.o
                                         0x38 (size before relaxing)
 .eh_frame      0x000000000011ed8c       0x1c binaries/rdsprocess.o
                                         0x34 (size before relaxing)
 .eh_frame      0x000000000011eda8       0xc0 binaries/rdsqfcns.o
                                         0xd8 (size before relaxing)
 .eh_frame      0x000000000011ee68       0x20 binaries/rdsread.o
                                         0x38 (size before relaxing)
 .eh_frame      0x000000000011ee88       0x20 binaries/rdssetprio.o
                                         0x38 (size before relaxing)
 .eh_frame      0x000000000011eea8       0x20 binaries/rdswrite.o
                                         0x38 (size before relaxing)
 .eh_frame      0x000000000011eec8       0x20 binaries/ramclose.o
                                         0x38 (size before relaxing)
 .eh_frame      0x000000000011eee8       0x20 binaries/raminit.o
                                         0x38 (size before relaxing)
 .eh_frame      0x000000000011ef08       0x20 binaries/ramopen.o
                                         0x38 (size before relaxing)
 .eh_frame      0x000000000011ef28       0x20 binaries/ramread.o
                                         0x38 (size before relaxing)
 .eh_frame      0x000000000011ef48       0x20 binaries/ramwrite.o
                                         0x38 (size before relaxing)
 .eh_frame      0x000000000011ef68       0x20 binaries/lfdballoc.o
                                         0x38 (size before relaxing)
 .eh_frame      0x000000000011ef88       0x20 binaries/lfdbfree.o
                                         0x38 (size before relaxing)
 .eh_frame      0x000000000011efa8       0x20 binaries/lfflush.o
                                         0x38 (size before relaxing)
 .eh_frame      0x000000000011efc8       0x20 binaries/lfgetmode.o
                                         0x38 (size before relaxing)
 .eh_frame      0x000000000011efe8       0x20 binaries/lfiballoc.o
                                         0x38 (size before relaxing)
 .eh_frame      0x000000000011f008       0x20 binaries/lfibclear.o
                                         0x38 (size before relaxing)
 .eh_frame      0x000000000011f028       0x20 binaries/lfibget.o
                                         0x38 (size before relaxing)
 .eh_frame      0x000000000011f048       0x20 binaries/lfibput.o
                                         0x38 (size before relaxing)
 .eh_frame      0x000000000011f068       0x20 binaries/lflclose.o
                                         0x38 (size before relaxing)
 .eh_frame      0x000000000011f088       0x20 binaries/lflcontrol.o
                                         0x38 (size before relaxing)
 .eh_frame      0x000000000011f0a8       0x20 binaries/lflgetc.o
                                         0x38 (size before relaxing)
 .eh_frame      0x000000000011f0c8       0x20 binaries/lflinit.o
                                         0x38 (size before relaxing)
 .eh_frame      0x000000000011f0e8       0x20 binaries/lflputc.o
                                         0x38 (size before relaxing)
 .eh_frame      0x000000000011f108       0x20 binaries/lflread.o
                                         0x38 (size before relaxing)
 .eh_frame      0x000000000011f128       0x20 binaries/lflseek.o
                                         0x38 (size before relaxing)
 .eh_frame      0x000000000011f148       0x20 binaries/lflwrite.o
                                         0x38 (size before relaxing)
 .eh_frame      0x000000000011f168       0x20 binaries/lfscheck.o
                                         0x38 (size before relaxing)
 .eh_frame      0x000000000011f188       0x20 binaries/lfsckfmt.o
                                         0x38 (size before relaxing)
 .eh_frame      0x000000000011f1a8       0x20 binaries/lfscreate.o
                                         0x38 (size before relaxing)
 .eh_frame      0x000000000011f1c8       0x20 binaries/lfsetup.o
                                         0x38 (size before relaxing)
 .eh_frame      0x000000000011f1e8       0x20 binaries/lfsinit.o
                                         0x38 (size before relaxing)
 .eh_frame      0x000000000011f208       0x20 binaries/lfsopen.o
                                         0x38 (size before relaxing)
 .eh_frame      0x000000000011f228       0x20 binaries/lftruncate.o
                                         0x38 (size before relaxing)
 .eh_frame      0x000000000011f248       0x20 binaries/rflclose.o
                                         0x38 (size before relaxing)
 .eh_frame      0x000000000011f268       0x20 binaries/rflgetc.o
                                         0x38 (size before relaxing)
 .eh_frame      0x000000000011f288       0x20 binaries/rflinit.o
                                         0x38 (size before relaxing)
 .eh_frame      0x000000000011f2a8       0x20 binaries/rflputc.o
                                         0x38 (size before relaxing)
 .eh_frame      0x000000000011f2c8       0x20 binaries/rflread.o
                                         0x38 (size before relaxing)
 .eh_frame      0x000000000011f2e8       0x20 binaries/rflseek.o
                                         0x38 (size before relaxing)
 .eh_frame      0x000000000011f308       0x20 binaries/rflwrite.o
                                         0x38 (size before relaxing)
 .eh_frame      0x000000000011f328       0x20 binaries/rfscomm.o
                                         0x38 (size before relaxing)
 .eh_frame      0x000000000011f348       0x20 binaries/rfscontrol.o
                                         0x38 (size before relaxing)
 .eh_frame      0x000000000011f368       0x20 binaries/rfsgetmode.o
                                         0x38 (size before relaxing)
 .eh_frame      0x000000000011f388       0x20 binaries/rfsinit.o
                                         0x38 (size before relaxing)
 .eh_frame      0x000000000011f3a8       0x20 binaries/rfsndmsg.o
                                         0x38 (size before relaxing)
 .eh_frame      0x000000000011f3c8       0x20 binaries/rfsopen.o
                                         0x38 (size before relaxing)
 .eh_frame      0x000000000011f3e8       0xc0 binaries/arp.o
                                         0xd8 (size before relaxing)
 .eh_frame      0x000000000011f4a8       0xa0 binaries/dhcp.o
                                         0xb8 (size before relaxing)
 .eh_frame      0x000000000011f548       0x80 binaries/dns.o
                                         0x98 (size before relaxing)
 .eh_frame      0x000000000011f5c8       0x20 binaries/dot2ip.o
                                         0x38 (size before relaxing)
 .eh_frame      0x000000000011f5e8       0x40 binaries/hexdump.o
                                         0x58 (size before relaxing)
 .eh_frame      0x000000000011f628      0x150 binaries/icmp.o
                                        0x168 (size before relaxing)
 .eh_frame      0x000000000011f778      0x11c binaries/ip.o
                                        0x134 (size before relaxing)
 .eh_frame      0x000000000011f894       0xa0 binaries/net.o
                                         0xb8 (size before relaxing)
 .eh_frame      0x000000000011f934       0x60 binaries/pdump.o
                                         0x78 (size before relaxing)
 .eh_frame      0x000000000011f994       0x60 binaries/tftp.o
                                         0x78 (size before relaxing)
 .eh_frame      0x000000000011f9f4      0x140 binaries/udp.o
                                        0x158 (size before relaxing)
 .eh_frame      0x000000000011fb34       0x20 binaries/addargs.o
                                         0x38 (size before relaxing)
 .eh_frame      0x000000000011fb54       0x20 binaries/lexan.o
                                         0x38 (size before relaxing)
 .eh_frame      0x000000000011fb74       0x20 binaries/shell.o
                                         0x38 (size before relaxing)
 .eh_frame      0x000000000011fb94       0x20 binaries/xsh_argecho.o
                                         0x38 (size before relaxing)
 .eh_frame      0x000000000011fbb4       0x40 binaries/xsh_arp.o
                                         0x58 (size before relaxing)
 .eh_frame      0x000000000011fbf4       0x20 binaries/xsh_cat.o
                                         0x38 (size before relaxing)
 .eh_frame      0x000000000011fc14       0x20 binaries/xsh_clear.o
                                         0x38 (size before relaxing)
 .eh_frame      0x000000000011fc34       0x20 binaries/xsh_date.o
                                         0x38 (size before relaxing)
 .eh_frame      0x000000000011fc54       0x20 binaries/xsh_devdump.o
                                         0x38 (size before relaxing)
 .eh_frame      0x000000000011fc74       0x20 binaries/xsh_echo.o
                                         0x38 (size before relaxing)
 .eh_frame      0x000000000011fc94       0x20 binaries/xsh_exit.o
                                         0x38 (size before relaxing)
 .eh_frame      0x000000000011fcb4       0x2c binaries/xsh_help.o
                                         0x44 (size before relaxing)
 .eh_frame      0x000000000011fce0       0x20 binaries/xsh_kill.o
                                         0x38 (size before relaxing)
 .eh_frame      0x000000000011fd00       0x2c binaries/xsh_ls.o
                                         0x44 (size before relaxing)
 .eh_frame      0x000000000011fd2c       0x40 binaries/xsh_memdump.o
                                         0x58 (size before relaxing)
 .eh_frame      0x000000000011fd6c       0x60 binaries/xsh_memstat.o
                                         0x78 (size before relaxing)
 .eh_frame      0x000000000011fdcc       0x30 binaries/xsh_netinfo.o
                                         0x48 (size before relaxing)
 .eh_frame      0x000000000011fdfc       0x30 binaries/xsh_ns.o
                                         0x48 (size before relaxing)
 .eh_frame      0x000000000011fe2c       0x28 binaries/xsh_ping.o
                                         0x40 (size before relaxing)
 .eh_frame      0x000000000011fe54       0x30 binaries/xsh_ps.o
                                         0x48 (size before relaxing)
 .eh_frame      0x000000000011fe84       0x20 binaries/xsh_sleep.o
                                         0x38 (size before relaxing)
 .eh_frame      0x000000000011fea4       0x20 binaries/xsh_udpdump.o
                                         0x38 (size before relaxing)
 .eh_frame      0x000000000011fec4       0x30 binaries/xsh_udpecho.o
                                         0x48 (size before relaxing)
 .eh_frame      0x000000000011fef4       0x28 binaries/xsh_udpserver.o
                                         0x40 (size before relaxing)
 .eh_frame      0x000000000011ff1c       0x20 binaries/xsh_uptime.o
                                         0x38 (size before relaxing)

.iplt           0x000000000011ff3c        0x0
 .iplt          0x000000000011ff3c        0x0 binaries/start.o

.rel.dyn        0x000000000011ff3c        0x0
 .rel.got       0x000000000011ff3c        0x0 binaries/start.o
 .rel.iplt      0x000000000011ff3c        0x0 binaries/start.o
 .rel.text      0x000000000011ff3c        0x0 binaries/start.o

.data           0x000000000011ff40     0x10c0
                0x000000000011ff40                data = ABSOLUTE (.)
 *(.data .data.*)
 .data          0x000000000011ff40      0x460 binaries/start.o
                0x000000000011ff40                gdt
                0x000000000011ff80                gdtr
                0x000000000011ff86                idt
                0x0000000000120386                idtr
                0x000000000012038c                cpudelay
                0x0000000000120390                _bootdev
                0x0000000000120394                _cyloffset
 .data          0x00000000001203a0       0x88 binaries/ascdate.o
                0x00000000001203a0                Date
 .data          0x0000000000120428        0x0 binaries/bufinit.o
 .data          0x0000000000120428        0x0 binaries/chprio.o
 .data          0x0000000000120428        0x4 binaries/clkhandler.o
 .data          0x000000000012042c        0x0 binaries/clkinit.o
 .data          0x000000000012042c        0x0 binaries/close.o
 *fill*         0x000000000012042c       0x14 
 .data          0x0000000000120440      0x5a0 binaries/conf.o
                0x0000000000120440                devtab
 .data          0x00000000001209e0        0x0 binaries/control.o
 .data          0x00000000001209e0        0x4 binaries/create.o
 .data          0x00000000001209e4        0x0 binaries/create_user_process.o
 *fill*         0x00000000001209e4       0x1c 
 .data          0x0000000000120a00       0x40 binaries/evec.o
                0x0000000000120a00                inames
 .data          0x0000000000120a40        0x0 binaries/exit.o
 .data          0x0000000000120a40        0x0 binaries/freebuf.o
 .data          0x0000000000120a40        0x0 binaries/freemem.o
 .data          0x0000000000120a40        0x0 binaries/getbuf.o
 .data          0x0000000000120a40        0x0 binaries/getc.o
[...]
 .comment       0x0000000000000023       0x24 binaries/ip.o
 .comment       0x0000000000000023       0x24 binaries/net.o
 .comment       0x0000000000000023       0x24 binaries/pdump.o
 .comment       0x0000000000000023       0x24 binaries/tftp.o
 .comment       0x0000000000000023       0x24 binaries/udp.o
 .comment       0x0000000000000023       0x24 binaries/addargs.o
 .comment       0x0000000000000023       0x24 binaries/lexan.o
 .comment       0x0000000000000023       0x24 binaries/shell.o
 .comment       0x0000000000000023       0x24 binaries/xsh_argecho.o
 .comment       0x0000000000000023       0x24 binaries/xsh_arp.o
 .comment       0x0000000000000023       0x24 binaries/xsh_cat.o
 .comment       0x0000000000000023       0x24 binaries/xsh_clear.o
 .comment       0x0000000000000023       0x24 binaries/xsh_date.o
 .comment       0x0000000000000023       0x24 binaries/xsh_devdump.o
 .comment       0x0000000000000023       0x24 binaries/xsh_echo.o
 .comment       0x0000000000000023       0x24 binaries/xsh_exit.o
 .comment       0x0000000000000023       0x24 binaries/xsh_help.o
 .comment       0x0000000000000023       0x24 binaries/xsh_kill.o
 .comment       0x0000000000000023       0x24 binaries/xsh_ls.o
 .comment       0x0000000000000023       0x24 binaries/xsh_memdump.o
 .comment       0x0000000000000023       0x24 binaries/xsh_memstat.o
 .comment       0x0000000000000023       0x24 binaries/xsh_netinfo.o
 .comment       0x0000000000000023       0x24 binaries/xsh_ns.o
 .comment       0x0000000000000023       0x24 binaries/xsh_ping.o
 .comment       0x0000000000000023       0x24 binaries/xsh_ps.o
 .comment       0x0000000000000023       0x24 binaries/xsh_sleep.o
 .comment       0x0000000000000023       0x24 binaries/xsh_udpdump.o
 .comment       0x0000000000000023       0x24 binaries/xsh_udpecho.o
 .comment       0x0000000000000023       0x24 binaries/xsh_udpserver.o
 .comment       0x0000000000000023       0x24 binaries/xsh_uptime.o

.note.GNU-stack
                0x0000000000000000        0x0
 .note.GNU-stack
                0x0000000000000000        0x0 binaries/ascdate.o
 .note.GNU-stack
                0x0000000000000000        0x0 binaries/bufinit.o
 .note.GNU-stack
                0x0000000000000000        0x0 binaries/chprio.o
 .note.GNU-stack
                0x0000000000000000        0x0 binaries/clkhandler.o
 .note.GNU-stack
                0x0000000000000000        0x0 binaries/clkinit.o
 .note.GNU-stack
                0x0000000000000000        0x0 binaries/close.o
 .note.GNU-stack
                0x0000000000000000        0x0 binaries/conf.o
 .note.GNU-stack
                0x0000000000000000        0x0 binaries/control.o
 .note.GNU-stack
                0x0000000000000000        0x0 binaries/create.o
 .note.GNU-stack
                0x0000000000000000        0x0 binaries/create_user_process.o
 .note.GNU-stack
                0x0000000000000000        0x0 binaries/evec.o
 .note.GNU-stack
                0x0000000000000000        0x0 binaries/exit.o
 .note.GNU-stack
                0x0000000000000000        0x0 binaries/freebuf.o
 .note.GNU-stack
                0x0000000000000000        0x0 binaries/freemem.o
 .note.GNU-stack
                0x0000000000000000        0x0 binaries/getbuf.o
 .note.GNU-stack
                0x0000000000000000        0x0 binaries/getc.o
 .note.GNU-stack
                0x0000000000000000        0x0 binaries/getdev.o
 .note.GNU-stack
                0x0000000000000000        0x0 binaries/getitem.o
 .note.GNU-stack
                0x0000000000000000        0x0 binaries/getmem.o
 .note.GNU-stack
                0x0000000000000000        0x0 binaries/getpid.o
 .note.GNU-stack
                0x0000000000000000        0x0 binaries/getprio.o
 .note.GNU-stack
                0x0000000000000000        0x0 binaries/getstk.o
 .note.GNU-stack
                0x0000000000000000        0x0 binaries/getticks.o
 .note.GNU-stack
                0x0000000000000000        0x0 binaries/gettime.o
 .note.GNU-stack
                0x0000000000000000        0x0 binaries/getutime.o
 .note.GNU-stack
                0x0000000000000000        0x0 binaries/i386.o
 .note.GNU-stack
                0x0000000000000000        0x0 binaries/init.o
 .note.GNU-stack
                0x0000000000000000        0x0 binaries/initialize.o
 .note.GNU-stack
                0x0000000000000000        0x0 binaries/insert.o
 .note.GNU-stack
                0x0000000000000000        0x0 binaries/insertd.o
 .note.GNU-stack
                0x0000000000000000        0x0 binaries/ioerr.o
 .note.GNU-stack
                0x0000000000000000        0x0 binaries/ionull.o
 .note.GNU-stack
                0x0000000000000000        0x0 binaries/kill.o
 .note.GNU-stack
                0x0000000000000000        0x0 binaries/kprintf.o
 .note.GNU-stack
                0x0000000000000000        0x0 binaries/Lottery_scheduler.o
 .note.GNU-stack
                0x0000000000000000        0x0 binaries/main.o
 .note.GNU-stack
                0x0000000000000000        0x0 binaries/mark.o
 .note.GNU-stack
                0x0000000000000000        0x0 binaries/meminit.o
 .note.GNU-stack
                0x0000000000000000        0x0 binaries/mkbufpool.o
 .note.GNU-stack
                0x0000000000000000        0x0 binaries/newqueue.o
 .note.GNU-stack
                0x0000000000000000        0x0 binaries/open.o
 .note.GNU-stack
                0x0000000000000000        0x0 binaries/panic.o
 .note.GNU-stack
                0x0000000000000000        0x0 binaries/pci.o
 .note.GNU-stack
                0x0000000000000000        0x0 binaries/ptclear.o
 .note.GNU-stack
                0x0000000000000000        0x0 binaries/ptcount.o
 .note.GNU-stack
                0x0000000000000000        0x0 binaries/ptcreate.o
 .note.GNU-stack
                0x0000000000000000        0x0 binaries/ptdelete.o
 .note.GNU-stack
                0x0000000000000000        0x0 binaries/ptinit.o
 .note.GNU-stack
                0x0000000000000000        0x0 binaries/ptrecv.o
 .note.GNU-stack
                0x0000000000000000        0x0 binaries/ptreset.o
 .note.GNU-stack
                0x0000000000000000        0x0 binaries/ptsend.o
 .note.GNU-stack
                0x0000000000000000        0x0 binaries/putc.o
 .note.GNU-stack
                0x0000000000000000        0x0 binaries/queue.o
 .note.GNU-stack
                0x0000000000000000        0x0 binaries/read.o
 .note.GNU-stack
                0x0000000000000000        0x0 binaries/ready.o
 .note.GNU-stack
                0x0000000000000000        0x0 binaries/receive.o
 .note.GNU-stack
                0x0000000000000000        0x0 binaries/recvclr.o
 .note.GNU-stack
                0x0000000000000000        0x0 binaries/recvtime.o
 .note.GNU-stack
                0x0000000000000000        0x0 binaries/resched.o
 .note.GNU-stack
                0x0000000000000000        0x0 binaries/resume.o
 .note.GNU-stack
                0x0000000000000000        0x0 binaries/seek.o
 .note.GNU-stack
                0x0000000000000000        0x0 binaries/semcount.o
 .note.GNU-stack
                0x0000000000000000        0x0 binaries/semcreate.o
 .note.GNU-stack
                0x0000000000000000        0x0 binaries/semdelete.o
 .note.GNU-stack
                0x0000000000000000        0x0 binaries/semreset.o
 .note.GNU-stack
                0x0000000000000000        0x0 binaries/send.o
 .note.GNU-stack
                0x0000000000000000        0x0 binaries/signal.o
 .note.GNU-stack
                0x0000000000000000        0x0 binaries/signaln.o
 .note.GNU-stack
                0x0000000000000000        0x0 binaries/sleep.o
 .note.GNU-stack
                0x0000000000000000        0x0 binaries/stacktrace.o
 .note.GNU-stack
                0x0000000000000000        0x0 binaries/suspend.o
 .note.GNU-stack
                0x0000000000000000        0x0 binaries/unsleep.o
 .note.GNU-stack
                0x0000000000000000        0x0 binaries/userret.o
 .note.GNU-stack
                0x0000000000000000        0x0 binaries/wait.o
 .note.GNU-stack
                0x0000000000000000        0x0 binaries/wakeup.o
 .note.GNU-stack
                0x0000000000000000        0x0 binaries/write.o
 .note.GNU-stack
                0x0000000000000000        0x0 binaries/xdone.o
 .note.GNU-stack
                0x0000000000000000        0x0 binaries/yield.o
 .note.GNU-stack
                0x0000000000000000        0x0 binaries/abs.o
 .note.GNU-stack
                0x0000000000000000        0x0 binaries/atoi.o
 .note.GNU-stack
                0x0000000000000000        0x0 binaries/atol.o
 .note.GNU-stack
                0x0000000000000000        0x0 binaries/bzero.o
 .note.GNU-stack
                0x0000000000000000        0x0 binaries/ctype_.o
 .note.GNU-stack
                0x0000000000000000        0x0 binaries/doprnt.o
 .note.GNU-stack
                0x0000000000000000        0x0 binaries/doscan.o
 .note.GNU-stack
                0x0000000000000000        0x0 binaries/fdoprnt.o
 .note.GNU-stack
                0x0000000000000000        0x0 binaries/fgetc.o
 .note.GNU-stack
                0x0000000000000000        0x0 binaries/fgets.o
 .note.GNU-stack
                0x0000000000000000        0x0 binaries/fprintf.o
 .note.GNU-stack
                0x0000000000000000        0x0 binaries/fputc.o
 .note.GNU-stack
                0x0000000000000000        0x0 binaries/fputs.o
 .note.GNU-stack
                0x0000000000000000        0x0 binaries/fscanf.o
 .note.GNU-stack
                0x0000000000000000        0x0 binaries/getchar.o
 .note.GNU-stack
                0x0000000000000000        0x0 binaries/labs.o
 .note.GNU-stack
                0x0000000000000000        0x0 binaries/memcmp.o
 .note.GNU-stack
                0x0000000000000000        0x0 binaries/memcpy.o
 .note.GNU-stack
                0x0000000000000000        0x0 binaries/memset.o
 .note.GNU-stack
                0x0000000000000000        0x0 binaries/printf.o
 .note.GNU-stack
                0x0000000000000000        0x0 binaries/putchar.o
 .note.GNU-stack
                0x0000000000000000        0x0 binaries/qsort.o
 .note.GNU-stack
                0x0000000000000000        0x0 binaries/rand.o
 .note.GNU-stack
                0x0000000000000000        0x0 binaries/sprintf.o
 .note.GNU-stack
                0x0000000000000000        0x0 binaries/sscanf.o
 .note.GNU-stack
                0x0000000000000000        0x0 binaries/strchr.o
 .note.GNU-stack
                0x0000000000000000        0x0 binaries/strcmp.o
 .note.GNU-stack
                0x0000000000000000        0x0 binaries/strcpy.o
 .note.GNU-stack
                0x0000000000000000        0x0 binaries/strlen.o
 .note.GNU-stack
                0x0000000000000000        0x0 binaries/strncat.o
 .note.GNU-stack
                0x0000000000000000        0x0 binaries/strncmp.o
 .note.GNU-stack
                0x0000000000000000        0x0 binaries/strncpy.o
 .note.GNU-stack
                0x0000000000000000        0x0 binaries/strnlen.o
 .note.GNU-stack
                0x0000000000000000        0x0 binaries/strrchr.o
 .note.GNU-stack
                0x0000000000000000        0x0 binaries/strstr.o
 .note.GNU-stack
                0x0000000000000000        0x0 binaries/ttycontrol.o
 .note.GNU-stack
                0x0000000000000000        0x0 binaries/ttygetc.o
 .note.GNU-stack
                0x0000000000000000        0x0 binaries/ttyhandle_in.o
 .note.GNU-stack
                0x0000000000000000        0x0 binaries/ttyhandle_out.o
 .note.GNU-stack
                0x0000000000000000        0x0 binaries/ttyhandler.o
 .note.GNU-stack
                0x0000000000000000        0x0 binaries/ttyinit.o
 .note.GNU-stack
                0x0000000000000000        0x0 binaries/ttykickout.o
 .note.GNU-stack
                0x0000000000000000        0x0 binaries/ttyputc.o
 .note.GNU-stack
                0x0000000000000000        0x0 binaries/ttyread.o
 .note.GNU-stack
                0x0000000000000000        0x0 binaries/ttywrite.o
 .note.GNU-stack
                0x0000000000000000        0x0 binaries/mount.o
 .note.GNU-stack
                0x0000000000000000        0x0 binaries/naminit.o
 .note.GNU-stack
                0x0000000000000000        0x0 binaries/nammap.o
 .note.GNU-stack
                0x0000000000000000        0x0 binaries/namopen.o
 .note.GNU-stack
                0x0000000000000000        0x0 binaries/82545EMInit.o
 .note.GNU-stack
                0x0000000000000000        0x0 binaries/ethcontrol.o
 .note.GNU-stack
                0x0000000000000000        0x0 binaries/ethhandler.o
 .note.GNU-stack
                0x0000000000000000        0x0 binaries/ethinit.o
 .note.GNU-stack
                0x0000000000000000        0x0 binaries/ethread.o
 .note.GNU-stack
                0x0000000000000000        0x0 binaries/ethwrite.o
 .note.GNU-stack
                0x0000000000000000        0x0 binaries/rdscomm.o
 .note.GNU-stack
                0x0000000000000000        0x0 binaries/rdscontrol.o
 .note.GNU-stack
                0x0000000000000000        0x0 binaries/rdsinit.o
 .note.GNU-stack
                0x0000000000000000        0x0 binaries/rdsopen.o
 .note.GNU-stack
                0x0000000000000000        0x0 binaries/rdsprocess.o
 .note.GNU-stack
                0x0000000000000000        0x0 binaries/rdsqfcns.o
 .note.GNU-stack
                0x0000000000000000        0x0 binaries/rdsread.o
 .note.GNU-stack
                0x0000000000000000        0x0 binaries/rdssetprio.o
 .note.GNU-stack
                0x0000000000000000        0x0 binaries/rdswrite.o
 .note.GNU-stack
                0x0000000000000000        0x0 binaries/ramclose.o
 .note.GNU-stack
                0x0000000000000000        0x0 binaries/raminit.o
 .note.GNU-stack
                0x0000000000000000        0x0 binaries/ramopen.o
 .note.GNU-stack
                0x0000000000000000        0x0 binaries/ramread.o
 .note.GNU-stack
                0x0000000000000000        0x0 binaries/ramwrite.o
 .note.GNU-stack
                0x0000000000000000        0x0 binaries/lfdballoc.o
 .note.GNU-stack
                0x0000000000000000        0x0 binaries/lfdbfree.o
 .note.GNU-stack
                0x0000000000000000        0x0 binaries/lfflush.o
 .note.GNU-stack
                0x0000000000000000        0x0 binaries/lfgetmode.o
 .note.GNU-stack
                0x0000000000000000        0x0 binaries/lfiballoc.o
 .note.GNU-stack
                0x0000000000000000        0x0 binaries/lfibclear.o
 .note.GNU-stack
                0x0000000000000000        0x0 binaries/lfibget.o
 .note.GNU-stack
                0x0000000000000000        0x0 binaries/lfibput.o
 .note.GNU-stack
                0x0000000000000000        0x0 binaries/lflclose.o
 .note.GNU-stack
                0x0000000000000000        0x0 binaries/lflcontrol.o
 .note.GNU-stack
                0x0000000000000000        0x0 binaries/lflgetc.o
 .note.GNU-stack
                0x0000000000000000        0x0 binaries/lflinit.o
 .note.GNU-stack
                0x0000000000000000        0x0 binaries/lflputc.o
 .note.GNU-stack
                0x0000000000000000        0x0 binaries/lflread.o
 .note.GNU-stack
                0x0000000000000000        0x0 binaries/lflseek.o
 .note.GNU-stack
                0x0000000000000000        0x0 binaries/lflwrite.o
 .note.GNU-stack
                0x0000000000000000        0x0 binaries/lfscheck.o
 .note.GNU-stack
                0x0000000000000000        0x0 binaries/lfsckfmt.o
 .note.GNU-stack
                0x0000000000000000        0x0 binaries/lfscreate.o
 .note.GNU-stack
                0x0000000000000000        0x0 binaries/lfsetup.o
 .note.GNU-stack
                0x0000000000000000        0x0 binaries/lfsinit.o
 .note.GNU-stack
                0x0000000000000000        0x0 binaries/lfsopen.o
 .note.GNU-stack
                0x0000000000000000        0x0 binaries/lftruncate.o
 .note.GNU-stack
                0x0000000000000000        0x0 binaries/rflclose.o
 .note.GNU-stack
                0x0000000000000000        0x0 binaries/rflgetc.o
 .note.GNU-stack
                0x0000000000000000        0x0 binaries/rflinit.o
 .note.GNU-stack
                0x0000000000000000        0x0 binaries/rflputc.o
 .note.GNU-stack
                0x0000000000000000        0x0 binaries/rflread.o
 .note.GNU-stack
                0x0000000000000000        0x0 binaries/rflseek.o
 .note.GNU-stack
                0x0000000000000000        0x0 binaries/rflwrite.o
 .note.GNU-stack
                0x0000000000000000        0x0 binaries/rfscomm.o
 .note.GNU-stack
                0x0000000000000000        0x0 binaries/rfscontrol.o
 .note.GNU-stack
                0x0000000000000000        0x0 binaries/rfsgetmode.o
 .note.GNU-stack
                0x0000000000000000        0x0 binaries/rfsinit.o
 .note.GNU-stack
                0x0000000000000000        0x0 binaries/rfsndmsg.o
 .note.GNU-stack
                0x0000000000000000        0x0 binaries/rfsopen.o
 .note.GNU-stack
                0x0000000000000000        0x0 binaries/arp.o
 .note.GNU-stack
                0x0000000000000000        0x0 binaries/dhcp.o
 .note.GNU-stack
                0x0000000000000000        0x0 binaries/dns.o
 .note.GNU-stack
                0x0000000000000000        0x0 binaries/dot2ip.o
 .note.GNU-stack
                0x0000000000000000        0x0 binaries/hexdump.o
 .note.GNU-stack
                0x0000000000000000        0x0 binaries/icmp.o
 .note.GNU-stack
                0x0000000000000000        0x0 binaries/ip.o
 .note.GNU-stack
                0x0000000000000000        0x0 binaries/net.o
 .note.GNU-stack
                0x0000000000000000        0x0 binaries/pdump.o
 .note.GNU-stack
                0x0000000000000000        0x0 binaries/tftp.o
 .note.GNU-stack
                0x0000000000000000        0x0 binaries/udp.o
 .note.GNU-stack
                0x0000000000000000        0x0 binaries/addargs.o
 .note.GNU-stack
                0x0000000000000000        0x0 binaries/lexan.o
 .note.GNU-stack
                0x0000000000000000        0x0 binaries/shell.o
 .note.GNU-stack
                0x0000000000000000        0x0 binaries/xsh_argecho.o
 .note.GNU-stack
                0x0000000000000000        0x0 binaries/xsh_arp.o
 .note.GNU-stack
                0x0000000000000000        0x0 binaries/xsh_cat.o
 .note.GNU-stack
                0x0000000000000000        0x0 binaries/xsh_clear.o
 .note.GNU-stack
                0x0000000000000000        0x0 binaries/xsh_date.o
 .note.GNU-stack
                0x0000000000000000        0x0 binaries/xsh_devdump.o
 .note.GNU-stack
                0x0000000000000000        0x0 binaries/xsh_echo.o
 .note.GNU-stack
                0x0000000000000000        0x0 binaries/xsh_exit.o
 .note.GNU-stack
                0x0000000000000000        0x0 binaries/xsh_help.o
 .note.GNU-stack
                0x0000000000000000        0x0 binaries/xsh_kill.o
 .note.GNU-stack
                0x0000000000000000        0x0 binaries/xsh_ls.o
 .note.GNU-stack
                0x0000000000000000        0x0 binaries/xsh_memdump.o
 .note.GNU-stack
                0x0000000000000000        0x0 binaries/xsh_memstat.o
 .note.GNU-stack
                0x0000000000000000        0x0 binaries/xsh_netinfo.o
 .note.GNU-stack
                0x0000000000000000        0x0 binaries/xsh_ns.o
 .note.GNU-stack
                0x0000000000000000        0x0 binaries/xsh_ping.o
 .note.GNU-stack
                0x0000000000000000        0x0 binaries/xsh_ps.o
 .note.GNU-stack
                0x0000000000000000        0x0 binaries/xsh_sleep.o
 .note.GNU-stack
                0x0000000000000000        0x0 binaries/xsh_udpdump.o
 .note.GNU-stack
                0x0000000000000000        0x0 binaries/xsh_udpecho.o
 .note.GNU-stack
                0x0000000000000000        0x0 binaries/xsh_udpserver.o
 .note.GNU-stack
                0x0000000000000000        0x0 binaries/xsh_uptime.o
