
Allocating common symbols
Common symbol       size              file

netbufpool          0x4               binaries/net.o
readylist           0x2               binaries/ready.o
rfltab              0x5a0             binaries/rflinit.o
netportseed         0x8               binaries/net.o
sleepq              0x2               binaries/clkinit.o
b_cnt               0x4               binaries/main.o
nnames              0x4               binaries/naminit.o
prC                 0x4               binaries/main.o
udptab              0x168             binaries/udp.o
minheap             0x4               binaries/meminit.o
marks               0x50              binaries/mark.o
currpid             0x4               binaries/initialize.o
Lf_data             0x20c             binaries/lfsinit.o
porttab             0x2d0             binaries/ptinit.o
girmask             0x2               binaries/evec.o
ttytab              0x110             binaries/ttyinit.o
proctab             0x20d0            binaries/initialize.o
prcount             0x4               binaries/initialize.o
d_cnt               0x4               binaries/main.o
lfltab              0xf00             binaries/lflinit.o
prA                 0x4               binaries/main.o
rdstab              0x7c              binaries/rdsinit.o
ethertab            0x130             binaries/ethinit.o
prD                 0x4               binaries/main.o
NetData             0xb0              binaries/net.o
nmarks              0x4               binaries/mark.o
initsp              0x4               binaries/i386.o
Defer               0x8               binaries/resched.o
semtab              0x4b0             binaries/initialize.o
maxheap             0x4               binaries/meminit.o
preempt             0x4               binaries/clkinit.o
buftab              0xf0              binaries/bufinit.o
Rf_data             0x18              binaries/rfsinit.o
a_cnt               0x4               binaries/main.o
mkmutex             0x4               binaries/mark.o
c_cnt               0x4               binaries/main.o
clktime             0x4               binaries/clkinit.o
arpcache            0x140             binaries/arp.o
icmptab             0x230             binaries/icmp.o
nbpools             0x4               binaries/bufinit.o
queuetab            0x980             binaries/queue.o
ptnextid            0x4               binaries/ptinit.o
Ram                 0x19000           binaries/raminit.o
ipoqueue            0x2c              binaries/ip.o
prB                 0x4               binaries/main.o
memlist             0x8               binaries/initialize.o
nametab             0x5200            binaries/naminit.o
ptfree              0x4               binaries/ptinit.o

Memory Configuration

Name             Origin             Length             Attributes
*default*        0x0000000000000000 0xffffffffffffffff

Linker script and memory map

                0x0000000000100000                physbase = 0x100000
                0x0000000000100000                . = physbase
                0x0000000000100000                . = ALIGN (0x1000)

.text           0x0000000000100000    0x1c000
                0x0000000000100000                text = ABSOLUTE (.)
 *(.text .text.*)
 .text          0x0000000000100000      0x165 binaries/start.o
                0x0000000000100020                entry
                0x000000000010003d                start
                0x00000000001000a5                inb
                0x00000000001000ad                inw
                0x00000000001000b6                inl
                0x00000000001000be                outb
                0x00000000001000c8                outw
                0x00000000001000d3                outl
                0x00000000001000dd                _rtcin
                0x00000000001000e8                ___udivsi3
                0x00000000001000f3                ___divsi3
                0x00000000001000ff                sbzero
                0x000000000010010f                bcopy
                0x0000000000100123                insw
                0x0000000000100139                outsw
                0x000000000010014f                lidt
                0x0000000000100157                jumptocode
                0x000000000010015e                jumptobootcode
 .text          0x0000000000100165      0x405 binaries/ascdate.o
                0x0000000000100165                ascdate
 .text          0x000000000010056a       0x14 binaries/bufinit.o
                0x000000000010056a                bufinit
 .text          0x000000000010057e       0x91 binaries/chprio.o
                0x000000000010057e                chprio
 .text          0x000000000010060f       0xcd binaries/clkhandler.o
                0x000000000010060f                clkhandler
 .text          0x00000000001006dc       0x89 binaries/clkinit.o
                0x00000000001006dc                clkinit
 .text          0x0000000000100765       0x6a binaries/close.o
                0x0000000000100765                close
 .text          0x00000000001007cf        0x0 binaries/conf.o
 .text          0x00000000001007cf       0x7f binaries/control.o
                0x00000000001007cf                control
 .text          0x000000000010084e      0x2b9 binaries/create.o
                0x000000000010084e                create
                0x0000000000100a94                newpid
 .text          0x0000000000100b07      0x2eb binaries/create_user_process.o
                0x0000000000100b07                set_tickets
                0x0000000000100b29                burst_execution
                0x0000000000100b7d                create_user_process
 .text          0x0000000000100df2      0x36f binaries/evec.o
                0x0000000000100df2                initevec
                0x0000000000100e48                set_evec
                0x0000000000100eea                trap
 .text          0x0000000000101161       0x15 binaries/exit.o
                0x0000000000101161                exit
 .text          0x0000000000101176       0x82 binaries/freebuf.o
                0x0000000000101176                freebuf
 .text          0x00000000001011f8      0x167 binaries/freemem.o
                0x00000000001011f8                freemem
 .text          0x000000000010135f       0x80 binaries/getbuf.o
                0x000000000010135f                getbuf
 .text          0x00000000001013df       0x6a binaries/getc.o
                0x00000000001013df                getc
 .text          0x0000000000101449       0x72 binaries/getdev.o
                0x0000000000101449                getdev
 .text          0x00000000001014bb       0xc8 binaries/getitem.o
                0x00000000001014bb                getfirst
                0x00000000001014fc                getlast
                0x000000000010153f                getitem
 .text          0x0000000000101583       0xfb binaries/getmem.o
                0x0000000000101583                getmem
 .text          0x000000000010167e        0xa binaries/getpid.o
                0x000000000010167e                getpid
 .text          0x0000000000101688       0x79 binaries/getprio.o
                0x0000000000101688                getprio
 .text          0x0000000000101701       0xf2 binaries/getstk.o
                0x0000000000101701                getstk
 .text          0x00000000001017f3       0x16 binaries/getticks.o
                0x00000000001017f3                getticks
 .text          0x0000000000101809       0x36 binaries/gettime.o
                0x0000000000101809                gettime
 .text          0x000000000010183f      0x1ff binaries/getutime.o
                0x000000000010183f                getutime
 .text          0x0000000000101a3e      0x409 binaries/i386.o
                0x0000000000101a3e                setsegs
                0x0000000000101b55                init8259
                0x0000000000101c2a                pseg
                0x0000000000101ded                setirmask
 .text          0x0000000000101e47       0x6a binaries/init.o
                0x0000000000101e47                init
 .text          0x0000000000101eb1      0x3ef binaries/initialize.o
                0x0000000000101eb1                nulluser
                0x000000000010224b                stop
                0x0000000000102272                delay
 .text          0x00000000001022a0       0xdf binaries/insert.o
                0x00000000001022a0                insert
 .text          0x000000000010237f      0x111 binaries/insertd.o
                0x000000000010237f                insertd
 .text          0x0000000000102490        0xa binaries/ioerr.o
                0x0000000000102490                ioerr
 .text          0x000000000010249a        0xa binaries/ionull.o
                0x000000000010249a                ionull
 .text          0x00000000001024a4      0x1aa binaries/kill.o
                0x00000000001024a4                kill
 .text          0x000000000010264e      0x17b binaries/kprintf.o
                0x000000000010264e                kputc
                0x00000000001026f7                kgetc
                0x000000000010279c                kprintf
 .text          0x00000000001027c9      0x125 binaries/Lottery_scheduler.o
                0x00000000001027c9                Create_list_of_tickets
                0x0000000000102898                printList
 .text          0x00000000001028ee      0x26a binaries/main.o
                0x00000000001028ee                compute
                0x000000000010293b                main
 .text          0x0000000000102b58       0xac binaries/mark.o
                0x0000000000102b58                markinit
                0x0000000000102b7b                mark
 .text          0x0000000000102c04       0xca binaries/meminit.o
                0x0000000000102c04                meminit
 .text          0x0000000000102cce      0x15f binaries/mkbufpool.o
                0x0000000000102cce                mkbufpool
 .text          0x0000000000102e2d       0x94 binaries/newqueue.o
                0x0000000000102e2d                newqueue
 .text          0x0000000000102ec1       0x78 binaries/open.o
                0x0000000000102ec1                open
 .text          0x0000000000102f39       0x20 binaries/panic.o
                0x0000000000102f39                panic
 .text          0x0000000000102f59      0x498 binaries/pci.o
                0x0000000000102f59                pci_init
                0x0000000000103225                find_pci_device
                0x0000000000103273                pci_bios_read_config_byte
                0x00000000001032b2                pci_bios_read_config_word
                0x00000000001032f4                pci_bios_read_config_dword
                0x0000000000103333                pci_bios_write_config_byte
                0x0000000000103374                pci_bios_write_config_word
                0x00000000001033b6                pci_bios_write_config_dword
 .text          0x00000000001033f1       0xe6 binaries/ptclear.o
                0x00000000001033f1                _ptclear
 .text          0x00000000001034d7       0x8f binaries/ptcount.o
                0x00000000001034d7                ptcount
 .text          0x0000000000103566      0x105 binaries/ptcreate.o
                0x0000000000103566                ptcreate
 .text          0x000000000010366b       0x80 binaries/ptdelete.o
                0x000000000010366b                ptdelete
 .text          0x00000000001036eb       0xb7 binaries/ptinit.o
                0x00000000001036eb                ptinit
 .text          0x00000000001037a2      0x10a binaries/ptrecv.o
                0x00000000001037a2                ptrecv
 .text          0x00000000001038ac       0x78 binaries/ptreset.o
                0x00000000001038ac                ptreset
 .text          0x0000000000103924      0x128 binaries/ptsend.o
                0x0000000000103924                ptsend
 .text          0x0000000000103a4c       0x78 binaries/putc.o
                0x0000000000103a4c                putc
 .text          0x0000000000103ac4      0x10e binaries/queue.o
                0x0000000000103ac4                enqueue
                0x0000000000103b69                dequeue
 .text          0x0000000000103bd2       0x78 binaries/read.o
                0x0000000000103bd2                read
 .text          0x0000000000103c4a       0xdf binaries/ready.o
                0x0000000000103c4a                print_ready_list
                0x0000000000103ca3                ready
 .text          0x0000000000103d29       0x62 binaries/receive.o
                0x0000000000103d29                receive
 .text          0x0000000000103d8b       0x5e binaries/recvclr.o
                0x0000000000103d8b                recvclr
 .text          0x0000000000103de9       0xbd binaries/recvtime.o
                0x0000000000103de9                recvtime
 .text          0x0000000000103ea6      0x198 binaries/resched.o
                0x0000000000103ea6                resched
                0x0000000000103fc9                resched_cntl
 .text          0x000000000010403e       0xa8 binaries/resume.o
                0x000000000010403e                resume
 .text          0x00000000001040e6       0x71 binaries/seek.o
                0x00000000001040e6                seek
 .text          0x0000000000104157       0x69 binaries/semcount.o
                0x0000000000104157                semcount
 .text          0x00000000001041c0       0xcf binaries/semcreate.o
                0x00000000001041c0                semcreate
 .text          0x000000000010428f       0xba binaries/semdelete.o
                0x000000000010428f                semdelete
 .text          0x0000000000104349       0xbc binaries/semreset.o
                0x0000000000104349                semreset
 .text          0x0000000000104405       0xde binaries/send.o
                0x0000000000104405                send
 .text          0x00000000001044e3       0x97 binaries/signal.o
                0x00000000001044e3                signal
 .text          0x000000000010457a       0xc3 binaries/signaln.o
                0x000000000010457a                signaln
 .text          0x000000000010463d       0xe8 binaries/sleep.o
                0x000000000010463d                sleep
                0x0000000000104687                sleepms
 .text          0x0000000000104725      0x1b5 binaries/stacktrace.o
                0x0000000000104725                stacktrace
 .text          0x00000000001048da       0xde binaries/suspend.o
                0x00000000001048da                suspend
 .text          0x00000000001049b8       0xe0 binaries/unsleep.o
                0x00000000001049b8                unsleep
 .text          0x0000000000104a98       0x15 binaries/userret.o
                0x0000000000104a98                userret
 .text          0x0000000000104aad       0xd6 binaries/wait.o
                0x0000000000104aad                wait
 .text          0x0000000000104b83       0x68 binaries/wakeup.o
                0x0000000000104b83                wakeup
 .text          0x0000000000104beb       0x78 binaries/write.o
                0x0000000000104beb                write
 .text          0x0000000000104c63       0x19 binaries/xdone.o
                0x0000000000104c63                xdone
 .text          0x0000000000104c7c       0x25 binaries/yield.o
                0x0000000000104c7c                yield
 .text          0x0000000000104ca1       0x11 binaries/abs.o
                0x0000000000104ca1                abs
 .text          0x0000000000104cb2       0x8f binaries/atoi.o
                0x0000000000104cb2                atoi
 .text          0x0000000000104d41       0x8f binaries/atol.o
                0x0000000000104d41                atol
 .text          0x0000000000104dd0       0x31 binaries/bzero.o
                0x0000000000104dd0                bzero
 .text          0x0000000000104e01        0x0 binaries/ctype_.o
 .text          0x0000000000104e01      0x8f8 binaries/doprnt.o
                0x0000000000104e01                _doprnt
 .text          0x00000000001056f9      0x6a2 binaries/doscan.o
                0x00000000001056f9                _doscan
 .text          0x0000000000105d9b      0x723 binaries/fdoprnt.o
                0x0000000000105d9b                _fdoprnt
 .text          0x00000000001064be       0x26 binaries/fgetc.o
                0x00000000001064be                fgetc
 .text          0x00000000001064e4       0x72 binaries/fgets.o
                0x00000000001064e4                fgets
 .text          0x0000000000106556       0x34 binaries/fprintf.o
                0x0000000000106556                fprintf
 .text          0x000000000010658a       0x2c binaries/fputc.o
                0x000000000010658a                fputc
 .text          0x00000000001065b6       0x43 binaries/fputs.o
                0x00000000001065b6                fputs
 .text          0x00000000001065f9       0x92 binaries/fscanf.o
                0x00000000001065f9                fscanf
 .text          0x000000000010668b       0x2f binaries/getchar.o
                0x000000000010668b                getchar
 .text          0x00000000001066ba       0x11 binaries/labs.o
                0x00000000001066ba                labs
 .text          0x00000000001066cb       0x51 binaries/memcmp.o
                0x00000000001066cb                memcmp
 .text          0x000000000010671c       0x3f binaries/memcpy.o
                0x000000000010671c                memcpy
 .text          0x000000000010675b       0x30 binaries/memset.o
                0x000000000010675b                memset
 .text          0x000000000010678b       0x52 binaries/printf.o
                0x000000000010678b                printf
 .text          0x00000000001067dd       0x36 binaries/putchar.o
                0x00000000001067dd                putchar
 .text          0x0000000000106813      0x28c binaries/qsort.o
                0x0000000000106813                qsort
 .text          0x0000000000106a9f       0x5f binaries/rand.o
                0x0000000000106a9f                rand
                0x0000000000106ab3                rand_r
                0x0000000000106af1                srand
 .text          0x0000000000106afe       0x6f binaries/sprintf.o
                0x0000000000106afe                sprintf
 .text          0x0000000000106b6d       0x7f binaries/sscanf.o
                0x0000000000106b6d                sscanf
 .text          0x0000000000106bec       0x3c binaries/strchr.o
                0x0000000000106bec                strchr
 .text          0x0000000000106c28       0x45 binaries/strcmp.o
                0x0000000000106c28                strcmp
 .text          0x0000000000106c6d       0x27 binaries/strcpy.o
                0x0000000000106c6d                strcpy
 .text          0x0000000000106c94       0x26 binaries/strlen.o
                0x0000000000106c94                strlen
 .text          0x0000000000106cba       0x56 binaries/strncat.o
                0x0000000000106cba                strncat
 .text          0x0000000000106d10       0x5e binaries/strncmp.o
                0x0000000000106d10                strncmp
 .text          0x0000000000106d6e       0x4f binaries/strncpy.o
                0x0000000000106d6e                strncpy
 .text          0x0000000000106dbd       0x2e binaries/strnlen.o
                0x0000000000106dbd                strnlen
 .text          0x0000000000106deb       0x45 binaries/strrchr.o
                0x0000000000106deb                strrchr
 .text          0x0000000000106e30       0x6d binaries/strstr.o
                0x0000000000106e30                strstr
 .text          0x0000000000106e9d       0xd8 binaries/ttycontrol.o
                0x0000000000106e9d                ttycontrol
 .text          0x0000000000106f75       0x93 binaries/ttygetc.o
                0x0000000000106f75                ttygetc
 .text          0x0000000000107008      0x756 binaries/ttyhandle_in.o
                0x0000000000107008                ttyhandle_in
 .text          0x000000000010775e      0x19f binaries/ttyhandle_out.o
                0x000000000010775e                ttyhandle_out
 .text          0x00000000001078fd       0xc6 binaries/ttyhandler.o
                0x00000000001078fd                ttyhandler
 .text          0x00000000001079c3      0x22b binaries/ttyinit.o
                0x00000000001079c3                ttyinit
 .text          0x0000000000107bee       0x1d binaries/ttykickout.o
                0x0000000000107bee                ttykickout
 .text          0x0000000000107c0b       0xb2 binaries/ttyputc.o
                0x0000000000107c0b                ttyputc
 .text          0x0000000000107cbd      0x10f binaries/ttyread.o
                0x0000000000107cbd                ttyread
 .text          0x0000000000107dcc       0x4f binaries/ttywrite.o
                0x0000000000107dcc                ttywrite
 .text          0x0000000000107e1b      0x16a binaries/mount.o
                0x0000000000107e1b                mount
                0x0000000000107f4f                namlen
 .text          0x0000000000107f85      0x229 binaries/naminit.o
                0x0000000000107f85                naminit
 .text          0x00000000001081ae      0x216 binaries/nammap.o
                0x00000000001081ae                nammap
                0x000000000010823f                namrepl
                0x0000000000108374                namcpy
 .text          0x00000000001083c4       0x55 binaries/namopen.o
                0x00000000001083c4                namopen
 .text          0x0000000000108419      0xfa3 binaries/82545EMInit.o
                0x0000000000108470                _82545EMInit
                0x0000000000109216                _82545EM_read_phy_reg
                0x00000000001092e5                _82545EM_write_phy_reg
 .text          0x00000000001093bc      0x24c binaries/ethcontrol.o
                0x0000000000109413                ethcontrol
                0x0000000000109590                ethIrqDisable
                0x00000000001095cc                ethIrqEnable
 .text          0x0000000000109608      0x241 binaries/ethhandler.o
                0x0000000000109779                ethhandler
 .text          0x0000000000109849      0x122 binaries/ethinit.o
                0x0000000000109849                ethinit
 .text          0x000000000010996b      0x1f0 binaries/ethread.o
                0x00000000001099c2                ethread
 .text          0x0000000000109b5b      0x19a binaries/ethwrite.o
                0x0000000000109bb2                ethwrite
 .text          0x0000000000109cf5      0x2c1 binaries/rdscomm.o
                0x0000000000109cf5                rdscomm
 .text          0x0000000000109fb6      0x21b binaries/rdscontrol.o
                0x0000000000109fb6                rdscontrol
 .text          0x000000000010a1d1       0x4e binaries/rdsinit.o
                0x000000000010a1d1                rdsinit
 .text          0x000000000010a21f      0x385 binaries/rdsopen.o
                0x000000000010a21f                rdsopen
 .text          0x000000000010a5a4      0x40d binaries/rdsprocess.o
                0x000000000010a5a4                rdsprocess
 .text          0x000000000010a9b1      0x5b2 binaries/rdsqfcns.o
                0x000000000010a9b1                rdqunlink
                0x000000000010aa53                rdqinsert
                0x000000000010aaa8                rdcunlink
                0x000000000010ab52                rdcinsert
                0x000000000010ac33                edqdump
                0x000000000010adef                edcdump
 .text          0x000000000010af63      0x1d7 binaries/rdsread.o
                0x000000000010af63                rdsread
 .text          0x000000000010b13a       0x5d binaries/rdssetprio.o
                0x000000000010b13a                rdssetprio
 .text          0x000000000010b197      0x117 binaries/rdswrite.o
                0x000000000010b197                rdswrite
 .text          0x000000000010b2ae        0xa binaries/ramclose.o
                0x000000000010b2ae                ramclose
 .text          0x000000000010b2b8       0x45 binaries/raminit.o
                0x000000000010b2b8                raminit
 .text          0x000000000010b2fd        0xa binaries/ramopen.o
                0x000000000010b2fd                ramopen
 .text          0x000000000010b307       0x35 binaries/ramread.o
                0x000000000010b307                ramread
 .text          0x000000000010b33c       0x36 binaries/ramwrite.o
                0x000000000010b33c                ramwrite
 .text          0x000000000010b372       0x9e binaries/lfdballoc.o
                0x000000000010b372                lfdballoc
 .text          0x000000000010b410       0x62 binaries/lfdbfree.o
                0x000000000010b410                lfdbfree
 .text          0x000000000010b472       0xbf binaries/lfflush.o
                0x000000000010b472                lfflush
 .text          0x000000000010b531       0xd8 binaries/lfgetmode.o
                0x000000000010b531                lfgetmode
 .text          0x000000000010b609       0x6c binaries/lfiballoc.o
                0x000000000010b609                lfiballoc
 .text          0x000000000010b675       0x3b binaries/lfibclear.o
                0x000000000010b675                lfibclear
 .text          0x000000000010b6b0       0xae binaries/lfibget.o
                0x000000000010b6b0                lfibget
 .text          0x000000000010b75e       0xe0 binaries/lfibput.o
                0x000000000010b75e                lfibput
 .text          0x000000000010b83e       0x93 binaries/lflclose.o
                0x000000000010b83e                lflclose
 .text          0x000000000010b8d1       0xb5 binaries/lflcontrol.o
                0x000000000010b8d1                lflcontrol
 .text          0x000000000010b986       0xdf binaries/lflgetc.o
                0x000000000010b986                lflgetc
 .text          0x000000000010ba65       0xfb binaries/lflinit.o
                0x000000000010ba65                lflinit
 .text          0x000000000010bb60      0x10f binaries/lflputc.o
                0x000000000010bb60                lflputc
 .text          0x000000000010bc6f       0x6d binaries/lflread.o
                0x000000000010bc6f                lflread
 .text          0x000000000010bcdc       0x9c binaries/lflseek.o
                0x000000000010bcdc                lflseek
 .text          0x000000000010bd78       0x55 binaries/lflwrite.o
                0x000000000010bd78                lflwrite
 .text          0x000000000010bdcd       0x62 binaries/lfscheck.o
                0x000000000010bdcd                lfscheck
 .text          0x000000000010be2f      0x176 binaries/lfsckfmt.o
                0x000000000010be2f                lfsckfmt
 .text          0x000000000010bfa5      0x221 binaries/lfscreate.o
                0x000000000010bfa5                lfscreate
 .text          0x000000000010c1c6      0x282 binaries/lfsetup.o
                0x000000000010c1c6                lfsetup
 .text          0x000000000010c448       0x55 binaries/lfsinit.o
                0x000000000010c448                lfsinit
 .text          0x000000000010c49d      0x3cb binaries/lfsopen.o
                0x000000000010c49d                lfsopen
 .text          0x000000000010c868      0x161 binaries/lftruncate.o
                0x000000000010c868                lftruncate
 .text          0x000000000010c9c9      0x1a5 binaries/rflclose.o
                0x000000000010c9c9                rflclose
 .text          0x000000000010cb6e       0x5d binaries/rflgetc.o
                0x000000000010cb6e                rflgetc
 .text          0x000000000010cbcb       0x76 binaries/rflinit.o
                0x000000000010cbcb                rflinit
 .text          0x000000000010cc41       0x39 binaries/rflputc.o
                0x000000000010cc41                rflputc
 .text          0x000000000010cc7a      0x386 binaries/rflread.o
                0x000000000010cc7a                rflread
 .text          0x000000000010d000       0x68 binaries/rflseek.o
                0x000000000010d000                rflseek
 .text          0x000000000010d068      0x336 binaries/rflwrite.o
                0x000000000010d068                rflwrite
 .text          0x000000000010d39e      0x22f binaries/rfscomm.o
                0x000000000010d39e                rfscomm
 .text          0x000000000010d5cd      0x258 binaries/rfscontrol.o
                0x000000000010d5cd                rfscontrol
 .text          0x000000000010d825       0xd8 binaries/rfsgetmode.o
                0x000000000010d825                rfsgetmode
 .text          0x000000000010d8fd       0x61 binaries/rfsinit.o
                0x000000000010d8fd                rfsinit
 .text          0x000000000010d95e      0x128 binaries/rfsndmsg.o
                0x000000000010d95e                rfsndmsg
 .text          0x000000000010da86      0x28d binaries/rfsopen.o
                0x000000000010da86                rfsopen
 .text          0x000000000010dd13      0x855 binaries/arp.o
                0x000000000010dd13                arp_init
                0x000000000010dd45                arp_resolve
                0x000000000010e012                arp_in
                0x000000000010e2c4                arp_alloc
                0x000000000010e390                arp_ntoh
                0x000000000010e47c                arp_hton
 .text          0x000000000010e568      0x947 binaries/dhcp.o
                0x000000000010e568                dhcp_get_opt_val
                0x000000000010e5c1                dhcp_bld_bootp_msg
                0x000000000010e6eb                dhcp_bld_disc
                0x000000000010e7d1                dhcp_bld_req
                0x000000000010e94e                getlocalip
 .text          0x000000000010eeaf      0x6e3 binaries/dns.o
                0x000000000010eeaf                dnslookup
 .text          0x000000000010f592       0xe0 binaries/dot2ip.o
                0x000000000010f592                dot2ip
 .text          0x000000000010f672      0x468 binaries/hexdump.o
                0x000000000010f672                hexdump
                0x000000000010f7f5                hexadump
 .text          0x000000000010fada      0x8c4 binaries/icmp.o
                0x000000000010fada                icmp_init
                0x000000000010fb10                icmp_in
                0x000000000010fd18                icmp_register
                0x000000000010fe0a                icmp_recv
                0x000000000010ff83                icmp_send
                0x0000000000110018                icmp_mkpkt
                0x0000000000110133                icmp_release
                0x0000000000110223                icmp_cksum
                0x00000000001102b6                icmp_hton
                0x000000000011032a                icmp_ntoh
 .text          0x000000000011039e      0x81d binaries/ip.o
                0x000000000011039e                ip_in
                0x00000000001104ea                ip_send
                0x000000000011062c                ip_local
                0x000000000011066f                ip_out
                0x000000000011079c                ipcksum
                0x0000000000110822                ip_ntoh
                0x000000000011090e                ip_hton
                0x00000000001109fa                ipout
                0x0000000000110b1c                ip_enqueue
 .text          0x0000000000110bbb      0x2ed binaries/net.o
                0x0000000000110bbb                net_init
                0x0000000000110d13                netin
                0x0000000000110dbf                eth_hton
                0x0000000000110de9                eth_ntoh
                0x0000000000110e13                getport
 .text          0x0000000000110ea8     0x1539 binaries/pdump.o
                0x0000000000110ea8                pdump
                0x0000000000111cc4                pdumph
 .text          0x00000000001123e1      0x64a binaries/tftp.o
                0x00000000001123e1                tftp_send1
                0x0000000000112571                tftpget
                0x00000000001125b3                tftpget_mb
 .text          0x0000000000112a2b      0xb08 binaries/udp.o
                0x0000000000112a2b                udp_init
                0x0000000000112a5f                udp_in
                0x0000000000112b9a                udp_register
                0x0000000000112cce                udp_recv
                0x0000000000112e54                udp_recvaddr
                0x0000000000112ff2                udp_send
                0x00000000001131c1                udp_sendto
                0x000000000011335c                udp_release
                0x0000000000113449                udp_ntoh
                0x00000000001134be                udp_hton
 .text          0x0000000000113533      0x139 binaries/addargs.o
                0x0000000000113533                addargs
 .text          0x000000000011366c      0x2c9 binaries/lexan.o
                0x000000000011366c                lexan
 .text          0x0000000000113935      0x6f1 binaries/shell.o
                0x0000000000113935                shell
 .text          0x0000000000114026       0x68 binaries/xsh_argecho.o
                0x0000000000114026                xsh_argecho
 .text          0x000000000011408e      0x23a binaries/xsh_arp.o
                0x000000000011408e                xsh_arp
 .text          0x00000000001142c8      0x263 binaries/xsh_cat.o
                0x00000000001142c8                xsh_cat
 .text          0x000000000011452b       0x5e binaries/xsh_clear.o
                0x000000000011452b                xsh_clear
 .text          0x0000000000114589      0x2f9 binaries/xsh_date.o
                0x0000000000114589                xsh_date
 .text          0x0000000000114882       0xb0 binaries/xsh_devdump.o
                0x0000000000114882                xsh_devdump
 .text          0x0000000000114932       0x6c binaries/xsh_echo.o
                0x0000000000114932                xsh_echo
 .text          0x000000000011499e        0xa binaries/xsh_exit.o
                0x000000000011499e                xsh_exit
 .text          0x00000000001149a8      0x372 binaries/xsh_help.o
                0x00000000001149a8                xsh_help
 .text          0x0000000000114d1a      0x24b binaries/xsh_kill.o
                0x0000000000114d1a                xsh_kill
 .text          0x0000000000114f65      0x563 binaries/xsh_ls.o
                0x0000000000114f65                xsh_ls
 .text          0x00000000001154c8      0x528 binaries/xsh_memdump.o
                0x00000000001154c8                xsh_memdump
 .text          0x00000000001159f0      0x2a5 binaries/xsh_memstat.o
                0x00000000001159f0                xsh_memstat
 .text          0x0000000000115c95      0x5c2 binaries/xsh_netinfo.o
                0x0000000000115c95                xsh_netinfo
 .text          0x0000000000116257      0x610 binaries/xsh_ns.o
                0x0000000000116257                xsh_ns
 .text          0x0000000000116867      0x3ef binaries/xsh_ping.o
                0x0000000000116867                xsh_ping
 .text          0x0000000000116c56      0x268 binaries/xsh_ps.o
                0x0000000000116c56                xsh_ps
 .text          0x0000000000116ebe      0x228 binaries/xsh_sleep.o
                0x0000000000116ebe                xsh_sleep
 .text          0x00000000001170e6      0x2bc binaries/xsh_udpdump.o
                0x00000000001170e6                xsh_udpdump
 .text          0x00000000001173a2      0x5b4 binaries/xsh_udpecho.o
                0x00000000001173a2                xsh_udpecho
 .text          0x0000000000117956      0x2e7 binaries/xsh_udpserver.o
                0x0000000000117956                xsh_udpeserver
 .text          0x0000000000117c3d      0x1e7 binaries/xsh_uptime.o
                0x0000000000117c3d                xsh_uptime
 .text          0x0000000000117e24        0xe binaries/clkdisp.o
                0x0000000000117e24                clkdisp
 .text          0x0000000000117e32       0x19 binaries/ctxsw.o
                0x0000000000117e32                ctxsw
 .text          0x0000000000117e4b      0x368 binaries/intr.o
                0x0000000000117e4b                disable
                0x0000000000117e54                restore
                0x0000000000117e62                enable
                0x0000000000117e64                pause
                0x0000000000117e6b                halt
                0x0000000000117e6e                spurious_irq7
                0x0000000000117e73                spurious_irq15
                0x0000000000117e82                _Xint0
                0x0000000000117e8d                _Xint1
                0x0000000000117e98                _Xint2
                0x0000000000117ea3                _Xint3
                0x0000000000117eae                _Xint4
                0x0000000000117eb9                _Xint5
                0x0000000000117ec4                _Xint6
                0x0000000000117ecf                _Xint7
                0x0000000000117eda                _Xint8
                0x0000000000117ee5                _Xint9
                0x0000000000117ef0                _Xint10
                0x0000000000117efb                _Xint11
                0x0000000000117f09                _Xint12
                0x0000000000117f17                _Xint13
                0x0000000000117f25                _Xint14
                0x0000000000117f33                _Xint15
                0x0000000000117f41                _Xint16
                0x0000000000117f4f                _Xint17
                0x0000000000117f5d                _Xint18
                0x0000000000117f6b                _Xint19
                0x0000000000117f79                _Xint20
                0x0000000000117f87                _Xint21
                0x0000000000117f95                _Xint22
                0x0000000000117fa3                _Xint23
                0x0000000000117fb1                _Xint24
                0x0000000000117fbf                _Xint25
                0x0000000000117fcd                _Xint26
                0x0000000000117fdb                _Xint27
                0x0000000000117fe9                _Xint28
                0x0000000000117ff7                _Xint29
                0x0000000000118005                _Xint30
                0x0000000000118013                _Xint31
                0x0000000000118021                _Xint32
                0x000000000011802f                _Xint33
                0x000000000011803d                _Xint34
                0x000000000011804b                _Xint35
                0x0000000000118059                _Xint36
                0x0000000000118067                _Xint37
                0x0000000000118075                _Xint38
                0x0000000000118083                _Xint39
                0x0000000000118091                _Xint40
                0x000000000011809f                _Xint41
                0x00000000001180ad                _Xint42
                0x00000000001180bb                _Xint43
                0x00000000001180c9                _Xint44
                0x00000000001180d7                _Xint45
                0x00000000001180e5                _Xint46
                0x00000000001180f3                defevec
 .text          0x00000000001181b3        0xf binaries/ttydispatch.o
                0x00000000001181b3                ttydispatch
 .text          0x00000000001181c2       0x13 binaries/ethdispatch.o
                0x00000000001181c2                ethdispatch
 *(.rodata .rodata.*)
 *fill*         0x00000000001181d5        0x3 
 .rodata        0x00000000001181d8       0x8e binaries/ascdate.o
 .rodata        0x0000000000118266       0xae binaries/conf.o
 .rodata        0x0000000000118314      0x22f binaries/evec.o
 *fill*         0x0000000000118543        0x1 
 .rodata        0x0000000000118544       0x61 binaries/getutime.o
 *fill*         0x00000000001185a5        0x3 
 .rodata        0x00000000001185a8       0x90 binaries/i386.o
 .rodata        0x0000000000118638      0x186 binaries/initialize.o
 *fill*         0x00000000001187be        0x2 
 .rodata        0x00000000001187c0       0x20 binaries/kill.o
 .rodata        0x00000000001187e0       0x3a binaries/Lottery_scheduler.o
 *fill*         0x000000000011881a        0x6 
 .rodata        0x0000000000118820       0x80 binaries/main.o
 .rodata        0x00000000001188a0        0xf binaries/panic.o
 *fill*         0x00000000001188af        0x1 
 .rodata        0x00000000001188b0      0x1ec binaries/pci.o
 .rodata        0x0000000000118a9c       0x1d binaries/ptinit.o
 *fill*         0x0000000000118ab9        0x3 
 .rodata        0x0000000000118abc       0x25 binaries/ptsend.o
 *fill*         0x0000000000118ae1        0x3 
 .rodata        0x0000000000118ae4       0x34 binaries/ready.o
 .rodata        0x0000000000118b18       0xb7 binaries/stacktrace.o
 *fill*         0x0000000000118bcf        0x1 
 .rodata        0x0000000000118bd0       0x27 binaries/xdone.o
 *fill*         0x0000000000118bf7        0x9 
 .rodata        0x0000000000118c00       0x81 binaries/ctype_.o
                0x0000000000118c00                _ctype_
 *fill*         0x0000000000118c81        0x3 
 .rodata        0x0000000000118c84       0xee binaries/doprnt.o
 *fill*         0x0000000000118d72        0x2 
 .rodata        0x0000000000118d74       0x98 binaries/doscan.o
 .rodata        0x0000000000118e0c       0xae binaries/fdoprnt.o
 *fill*         0x0000000000118eba        0x2 
 .rodata        0x0000000000118ebc       0x20 binaries/ttycontrol.o
 .rodata        0x0000000000118edc       0x34 binaries/ttyhandler.o
 .rodata        0x0000000000118f10       0x14 binaries/mount.o
 .rodata        0x0000000000118f24       0x82 binaries/naminit.o
 *fill*         0x0000000000118fa6        0x2 
 .rodata        0x0000000000118fa8       0x2e binaries/82545EMInit.o
 *fill*         0x0000000000118fd6        0x2 
 .rodata        0x0000000000118fd8       0x78 binaries/ethinit.o
 .rodata        0x0000000000119050       0x18 binaries/ethread.o
 .rodata        0x0000000000119068       0x76 binaries/rdscomm.o
 *fill*         0x00000000001190de        0x2 
 .rodata        0x00000000001190e0       0x21 binaries/rdscontrol.o
 *fill*         0x0000000000119101        0x3 
 .rodata        0x0000000000119104       0xae binaries/rdsopen.o
 *fill*         0x00000000001191b2        0x2 
 .rodata        0x00000000001191b4       0x3e binaries/rdsprocess.o
 *fill*         0x00000000001191f2        0x2 
 .rodata        0x00000000001191f4       0xe2 binaries/rdsqfcns.o
 .rodata        0x00000000001192d6        0x9 binaries/raminit.o
 *fill*         0x00000000001192df        0x1 
 .rodata        0x00000000001192e0       0x36 binaries/lfdballoc.o
 .rodata        0x0000000000119316       0x14 binaries/lfiballoc.o
 *fill*         0x000000000011932a        0x2 
 .rodata        0x000000000011932c       0x22 binaries/lflcontrol.o
 *fill*         0x000000000011934e        0x2 
 .rodata        0x0000000000119350      0x118 binaries/lfsckfmt.o
 .rodata        0x0000000000119468       0x66 binaries/lfsopen.o
 *fill*         0x00000000001194ce        0x2 
 .rodata        0x00000000001194d0       0x21 binaries/rflclose.o
 *fill*         0x00000000001194f1        0x3 
 .rodata        0x00000000001194f4       0x21 binaries/rflread.o
 *fill*         0x0000000000119515        0x3 
 .rodata        0x0000000000119518       0x21 binaries/rflwrite.o
 *fill*         0x0000000000119539        0x3 
 .rodata        0x000000000011953c       0xa1 binaries/rfscomm.o
 *fill*         0x00000000001195dd        0x3 
 .rodata        0x00000000001195e0       0x3c binaries/rfscontrol.o
 .rodata        0x000000000011961c       0x2b binaries/rfsinit.o
 *fill*         0x0000000000119647        0x1 
 .rodata        0x0000000000119648       0x2a binaries/rfsndmsg.o
 *fill*         0x0000000000119672        0x2 
 .rodata        0x0000000000119674       0x21 binaries/rfsopen.o
 *fill*         0x0000000000119695        0x3 
 .rodata        0x0000000000119698       0x3a binaries/arp.o
 *fill*         0x00000000001196d2        0x2 
 .rodata        0x00000000001196d4       0xcf binaries/dhcp.o
 .rodata        0x00000000001197a3       0x24 binaries/dns.o
 *fill*         0x00000000001197c7        0x1 
 .rodata        0x00000000001197c8       0xc9 binaries/hexdump.o
 *fill*         0x0000000000119891        0x3 
 .rodata        0x0000000000119894       0x29 binaries/icmp.o
 *fill*         0x00000000001198bd        0x3 
 .rodata        0x00000000001198c0       0x52 binaries/ip.o
 *fill*         0x0000000000119912        0x2 
 .rodata        0x0000000000119914       0x4f binaries/net.o
 *fill*         0x0000000000119963        0x1 
 .rodata        0x0000000000119964      0x26f binaries/pdump.o
 *fill*         0x0000000000119bd3        0x1 
 .rodata        0x0000000000119bd4      0x154 binaries/tftp.o
 *fill*         0x0000000000119d28       0x18 
 .rodata        0x0000000000119d40      0x3f9 binaries/shell.o
                0x0000000000119de0                cmdtab
 .rodata        0x000000000011a139       0x28 binaries/xsh_argecho.o
 *fill*         0x000000000011a161        0x3 
 .rodata        0x000000000011a164      0x123 binaries/xsh_arp.o
 *fill*         0x000000000011a287        0x1 
 .rodata        0x000000000011a288       0xc9 binaries/xsh_cat.o
 .rodata        0x000000000011a351       0x19 binaries/xsh_clear.o
 *fill*         0x000000000011a36a        0x2 
 .rodata        0x000000000011a36c      0x1c3 binaries/xsh_date.o
 .rodata        0x000000000011a52f       0x5d binaries/xsh_devdump.o
 .rodata        0x000000000011a58c        0x9 binaries/xsh_echo.o
 *fill*         0x000000000011a595        0x3 
 .rodata        0x000000000011a598      0x169 binaries/xsh_help.o
 *fill*         0x000000000011a701        0x3 
 .rodata        0x000000000011a704      0x12e binaries/xsh_kill.o
 *fill*         0x000000000011a832        0x2 
 .rodata        0x000000000011a834      0x190 binaries/xsh_ls.o
 .rodata        0x000000000011a9c4      0x266 binaries/xsh_memdump.o
 *fill*         0x000000000011ac2a        0x2 
 .rodata        0x000000000011ac2c      0x225 binaries/xsh_memstat.o
 *fill*         0x000000000011ae51        0x3 
 .rodata        0x000000000011ae54      0x1b0 binaries/xsh_netinfo.o
 *fill*         0x000000000011b004       0x1c 
 .rodata        0x000000000011b020      0x340 binaries/xsh_ns.o
 .rodata        0x000000000011b360      0x19d binaries/xsh_ping.o
 *fill*         0x000000000011b4fd        0x3 
 .rodata        0x000000000011b500      0x1e0 binaries/xsh_ps.o
 .rodata        0x000000000011b6e0       0xeb binaries/xsh_sleep.o
 *fill*         0x000000000011b7cb        0x1 
 .rodata        0x000000000011b7cc      0x1b8 binaries/xsh_udpdump.o
 .rodata        0x000000000011b984      0x27d binaries/xsh_udpecho.o
 *fill*         0x000000000011bc01        0x3 
 .rodata        0x000000000011bc04      0x12b binaries/xsh_udpserver.o
 *fill*         0x000000000011bd2f        0x1 
 .rodata        0x000000000011bd30      0x105 binaries/xsh_uptime.o
                0x000000000011be35                etext = ABSOLUTE (.)
                0x000000000011c000                . = ALIGN (0x1000)
 *fill*         0x000000000011be35      0x1cb 

.eh_frame       0x000000000011c000     0x2e2c
 .eh_frame      0x000000000011c000       0x40 binaries/ascdate.o
 .eh_frame      0x000000000011c040       0x20 binaries/bufinit.o
                                         0x38 (size before relaxing)
 .eh_frame      0x000000000011c060       0x20 binaries/chprio.o
                                         0x38 (size before relaxing)
 .eh_frame      0x000000000011c080       0x20 binaries/clkhandler.o
                                         0x38 (size before relaxing)
 .eh_frame      0x000000000011c0a0       0x20 binaries/clkinit.o
                                         0x38 (size before relaxing)
 .eh_frame      0x000000000011c0c0       0x20 binaries/close.o
                                         0x38 (size before relaxing)
 .eh_frame      0x000000000011c0e0       0x20 binaries/control.o
                                         0x38 (size before relaxing)
 .eh_frame      0x000000000011c100       0x40 binaries/create.o
                                         0x58 (size before relaxing)
 .eh_frame      0x000000000011c140       0x60 binaries/create_user_process.o
                                         0x78 (size before relaxing)
 .eh_frame      0x000000000011c1a0       0x60 binaries/evec.o
                                         0x78 (size before relaxing)
 .eh_frame      0x000000000011c200       0x20 binaries/exit.o
                                         0x38 (size before relaxing)
 .eh_frame      0x000000000011c220       0x20 binaries/freebuf.o
                                         0x38 (size before relaxing)
 .eh_frame      0x000000000011c240       0x20 binaries/freemem.o
                                         0x38 (size before relaxing)
 .eh_frame      0x000000000011c260       0x20 binaries/getbuf.o
                                         0x38 (size before relaxing)
 .eh_frame      0x000000000011c280       0x20 binaries/getc.o
                                         0x38 (size before relaxing)
 .eh_frame      0x000000000011c2a0       0x20 binaries/getdev.o
                                         0x38 (size before relaxing)
 .eh_frame      0x000000000011c2c0       0x60 binaries/getitem.o
                                         0x78 (size before relaxing)
 .eh_frame      0x000000000011c320       0x20 binaries/getmem.o
                                         0x38 (size before relaxing)
 .eh_frame      0x000000000011c340       0x20 binaries/getpid.o
                                         0x38 (size before relaxing)
 .eh_frame      0x000000000011c360       0x20 binaries/getprio.o
                                         0x38 (size before relaxing)
 .eh_frame      0x000000000011c380       0x20 binaries/getstk.o
                                         0x38 (size before relaxing)
 .eh_frame      0x000000000011c3a0       0x20 binaries/getticks.o
                                         0x38 (size before relaxing)
 .eh_frame      0x000000000011c3c0       0x20 binaries/gettime.o
                                         0x38 (size before relaxing)
 .eh_frame      0x000000000011c3e0       0x20 binaries/getutime.o
                                         0x38 (size before relaxing)
 .eh_frame      0x000000000011c400       0x8c binaries/i386.o
                                         0xa4 (size before relaxing)
 .eh_frame      0x000000000011c48c       0x20 binaries/init.o
                                         0x38 (size before relaxing)
 .eh_frame      0x000000000011c4ac       0xa0 binaries/initialize.o
                                         0xb8 (size before relaxing)
 .eh_frame      0x000000000011c54c       0x20 binaries/insert.o
                                         0x38 (size before relaxing)
 .eh_frame      0x000000000011c56c       0x20 binaries/insertd.o
                                         0x38 (size before relaxing)
 .eh_frame      0x000000000011c58c       0x20 binaries/ioerr.o
                                         0x38 (size before relaxing)
 .eh_frame      0x000000000011c5ac       0x20 binaries/ionull.o
                                         0x38 (size before relaxing)
 .eh_frame      0x000000000011c5cc       0x20 binaries/kill.o
                                         0x38 (size before relaxing)
 .eh_frame      0x000000000011c5ec       0x60 binaries/kprintf.o
                                         0x78 (size before relaxing)
 .eh_frame      0x000000000011c64c       0x40 binaries/Lottery_scheduler.o
                                         0x58 (size before relaxing)
 .eh_frame      0x000000000011c68c       0x40 binaries/main.o
                                         0x58 (size before relaxing)
 .eh_frame      0x000000000011c6cc       0x40 binaries/mark.o
                                         0x58 (size before relaxing)
 .eh_frame      0x000000000011c70c       0x20 binaries/meminit.o
                                         0x38 (size before relaxing)
 .eh_frame      0x000000000011c72c       0x20 binaries/mkbufpool.o
                                         0x38 (size before relaxing)
 .eh_frame      0x000000000011c74c       0x20 binaries/newqueue.o
                                         0x38 (size before relaxing)
 .eh_frame      0x000000000011c76c       0x20 binaries/open.o
                                         0x38 (size before relaxing)
 .eh_frame      0x000000000011c78c       0x1c binaries/panic.o
                                         0x34 (size before relaxing)
 .eh_frame      0x000000000011c7a8      0x1c8 binaries/pci.o
                                        0x1e0 (size before relaxing)
 .eh_frame      0x000000000011c970       0x20 binaries/ptclear.o
                                         0x38 (size before relaxing)
 .eh_frame      0x000000000011c990       0x20 binaries/ptcount.o
                                         0x38 (size before relaxing)
 .eh_frame      0x000000000011c9b0       0x20 binaries/ptcreate.o
                                         0x38 (size before relaxing)
 .eh_frame      0x000000000011c9d0       0x20 binaries/ptdelete.o
                                         0x38 (size before relaxing)
 .eh_frame      0x000000000011c9f0       0x20 binaries/ptinit.o
                                         0x38 (size before relaxing)
 .eh_frame      0x000000000011ca10       0x20 binaries/ptrecv.o
                                         0x38 (size before relaxing)
 .eh_frame      0x000000000011ca30       0x20 binaries/ptreset.o
                                         0x38 (size before relaxing)
 .eh_frame      0x000000000011ca50       0x20 binaries/ptsend.o
                                         0x38 (size before relaxing)
 .eh_frame      0x000000000011ca70       0x20 binaries/putc.o
                                         0x38 (size before relaxing)
 .eh_frame      0x000000000011ca90       0x40 binaries/queue.o
                                         0x58 (size before relaxing)
 .eh_frame      0x000000000011cad0       0x20 binaries/read.o
                                         0x38 (size before relaxing)
 .eh_frame      0x000000000011caf0       0x48 binaries/ready.o
                                         0x60 (size before relaxing)
 .eh_frame      0x000000000011cb38       0x20 binaries/receive.o
                                         0x38 (size before relaxing)
 .eh_frame      0x000000000011cb58       0x20 binaries/recvclr.o
                                         0x38 (size before relaxing)
 .eh_frame      0x000000000011cb78       0x20 binaries/recvtime.o
                                         0x38 (size before relaxing)
 .eh_frame      0x000000000011cb98       0x40 binaries/resched.o
                                         0x58 (size before relaxing)
 .eh_frame      0x000000000011cbd8       0x20 binaries/resume.o
                                         0x38 (size before relaxing)
 .eh_frame      0x000000000011cbf8       0x20 binaries/seek.o
                                         0x38 (size before relaxing)
 .eh_frame      0x000000000011cc18       0x20 binaries/semcount.o
                                         0x38 (size before relaxing)
 .eh_frame      0x000000000011cc38       0x40 binaries/semcreate.o
                                         0x58 (size before relaxing)
 .eh_frame      0x000000000011cc78       0x20 binaries/semdelete.o
                                         0x38 (size before relaxing)
 .eh_frame      0x000000000011cc98       0x20 binaries/semreset.o
                                         0x38 (size before relaxing)
 .eh_frame      0x000000000011ccb8       0x20 binaries/send.o
                                         0x38 (size before relaxing)
 .eh_frame      0x000000000011ccd8       0x20 binaries/signal.o
                                         0x38 (size before relaxing)
 .eh_frame      0x000000000011ccf8       0x20 binaries/signaln.o
                                         0x38 (size before relaxing)
 .eh_frame      0x000000000011cd18       0x40 binaries/sleep.o
                                         0x58 (size before relaxing)
 .eh_frame      0x000000000011cd58       0x20 binaries/stacktrace.o
                                         0x38 (size before relaxing)
 .eh_frame      0x000000000011cd78       0x20 binaries/suspend.o
                                         0x38 (size before relaxing)
 .eh_frame      0x000000000011cd98       0x20 binaries/unsleep.o
                                         0x38 (size before relaxing)
 .eh_frame      0x000000000011cdb8       0x20 binaries/userret.o
                                         0x38 (size before relaxing)
 .eh_frame      0x000000000011cdd8       0x20 binaries/wait.o
                                         0x38 (size before relaxing)
 .eh_frame      0x000000000011cdf8       0x20 binaries/wakeup.o
                                         0x38 (size before relaxing)
 .eh_frame      0x000000000011ce18       0x20 binaries/write.o
                                         0x38 (size before relaxing)
 .eh_frame      0x000000000011ce38       0x20 binaries/xdone.o
                                         0x38 (size before relaxing)
 .eh_frame      0x000000000011ce58       0x20 binaries/yield.o
                                         0x38 (size before relaxing)
 .eh_frame      0x000000000011ce78       0x20 binaries/abs.o
                                         0x38 (size before relaxing)
 .eh_frame      0x000000000011ce98       0x20 binaries/atoi.o
                                         0x38 (size before relaxing)
 .eh_frame      0x000000000011ceb8       0x20 binaries/atol.o
                                         0x38 (size before relaxing)
 .eh_frame      0x000000000011ced8       0x20 binaries/bzero.o
                                         0x38 (size before relaxing)
 .eh_frame      0x000000000011cef8       0xe4 binaries/doprnt.o
                                         0xfc (size before relaxing)
 .eh_frame      0x000000000011cfdc       0xb0 binaries/doscan.o
                                         0xc8 (size before relaxing)
 .eh_frame      0x000000000011d08c       0xc0 binaries/fdoprnt.o
                                         0xd8 (size before relaxing)
 .eh_frame      0x000000000011d14c       0x20 binaries/fgetc.o
                                         0x38 (size before relaxing)
 .eh_frame      0x000000000011d16c       0x20 binaries/fgets.o
                                         0x38 (size before relaxing)
 .eh_frame      0x000000000011d18c       0x20 binaries/fprintf.o
                                         0x38 (size before relaxing)
 .eh_frame      0x000000000011d1ac       0x20 binaries/fputc.o
                                         0x38 (size before relaxing)
 .eh_frame      0x000000000011d1cc       0x20 binaries/fputs.o
                                         0x38 (size before relaxing)
 .eh_frame      0x000000000011d1ec       0x60 binaries/fscanf.o
                                         0x78 (size before relaxing)
 .eh_frame      0x000000000011d24c       0x20 binaries/getchar.o
                                         0x38 (size before relaxing)
 .eh_frame      0x000000000011d26c       0x20 binaries/labs.o
                                         0x38 (size before relaxing)
 .eh_frame      0x000000000011d28c       0x20 binaries/memcmp.o
                                         0x38 (size before relaxing)
 .eh_frame      0x000000000011d2ac       0x24 binaries/memcpy.o
                                         0x3c (size before relaxing)
 .eh_frame      0x000000000011d2d0       0x24 binaries/memset.o
                                         0x3c (size before relaxing)
 .eh_frame      0x000000000011d2f4       0x20 binaries/printf.o
                                         0x38 (size before relaxing)
 .eh_frame      0x000000000011d314       0x20 binaries/putchar.o
                                         0x38 (size before relaxing)
 .eh_frame      0x000000000011d334       0xa8 binaries/qsort.o
                                         0xc0 (size before relaxing)
 .eh_frame      0x000000000011d3dc       0x60 binaries/rand.o
                                         0x78 (size before relaxing)
 .eh_frame      0x000000000011d43c       0x40 binaries/sprintf.o
                                         0x58 (size before relaxing)
 .eh_frame      0x000000000011d47c       0x60 binaries/sscanf.o
                                         0x78 (size before relaxing)
 .eh_frame      0x000000000011d4dc       0x20 binaries/strchr.o
                                         0x38 (size before relaxing)
 .eh_frame      0x000000000011d4fc       0x20 binaries/strcmp.o
                                         0x38 (size before relaxing)
 .eh_frame      0x000000000011d51c       0x20 binaries/strcpy.o
                                         0x38 (size before relaxing)
 .eh_frame      0x000000000011d53c       0x20 binaries/strlen.o
                                         0x38 (size before relaxing)
 .eh_frame      0x000000000011d55c       0x20 binaries/strncat.o
                                         0x38 (size before relaxing)
 .eh_frame      0x000000000011d57c       0x20 binaries/strncmp.o
                                         0x38 (size before relaxing)
 .eh_frame      0x000000000011d59c       0x28 binaries/strncpy.o
                                         0x40 (size before relaxing)
 .eh_frame      0x000000000011d5c4       0x20 binaries/strnlen.o
                                         0x38 (size before relaxing)
 .eh_frame      0x000000000011d5e4       0x20 binaries/strrchr.o
                                         0x38 (size before relaxing)
 .eh_frame      0x000000000011d604       0x20 binaries/strstr.o
                                         0x38 (size before relaxing)
 .eh_frame      0x000000000011d624       0x20 binaries/ttycontrol.o
                                         0x38 (size before relaxing)
 .eh_frame      0x000000000011d644       0x20 binaries/ttygetc.o
                                         0x38 (size before relaxing)
 .eh_frame      0x000000000011d664       0x80 binaries/ttyhandle_in.o
                                         0x98 (size before relaxing)
 .eh_frame      0x000000000011d6e4       0x20 binaries/ttyhandle_out.o
                                         0x38 (size before relaxing)
 .eh_frame      0x000000000011d704       0x20 binaries/ttyhandler.o
                                         0x38 (size before relaxing)
 .eh_frame      0x000000000011d724       0x20 binaries/ttyinit.o
                                         0x38 (size before relaxing)
 .eh_frame      0x000000000011d744       0x20 binaries/ttykickout.o
                                         0x38 (size before relaxing)
 .eh_frame      0x000000000011d764       0x20 binaries/ttyputc.o
                                         0x38 (size before relaxing)
 .eh_frame      0x000000000011d784       0x28 binaries/ttyread.o
                                         0x40 (size before relaxing)
 .eh_frame      0x000000000011d7ac       0x20 binaries/ttywrite.o
                                         0x38 (size before relaxing)
 .eh_frame      0x000000000011d7cc       0x40 binaries/mount.o
                                         0x58 (size before relaxing)
 .eh_frame      0x000000000011d80c       0x20 binaries/naminit.o
                                         0x38 (size before relaxing)
 .eh_frame      0x000000000011d82c       0x60 binaries/nammap.o
                                         0x78 (size before relaxing)
 .eh_frame      0x000000000011d88c       0x20 binaries/namopen.o
                                         0x38 (size before relaxing)
 .eh_frame      0x000000000011d8ac      0x150 binaries/82545EMInit.o
                                        0x168 (size before relaxing)
 .eh_frame      0x000000000011d9fc       0xa0 binaries/ethcontrol.o
                                         0xb8 (size before relaxing)
 .eh_frame      0x000000000011da9c       0x80 binaries/ethhandler.o
                                         0x98 (size before relaxing)
 .eh_frame      0x000000000011db1c       0x20 binaries/ethinit.o
                                         0x38 (size before relaxing)
 .eh_frame      0x000000000011db3c       0x60 binaries/ethread.o
                                         0x78 (size before relaxing)
 .eh_frame      0x000000000011db9c       0x60 binaries/ethwrite.o
                                         0x78 (size before relaxing)
 .eh_frame      0x000000000011dbfc       0x20 binaries/rdscomm.o
                                         0x38 (size before relaxing)
 .eh_frame      0x000000000011dc1c       0x20 binaries/rdscontrol.o
                                         0x38 (size before relaxing)
 .eh_frame      0x000000000011dc3c       0x20 binaries/rdsinit.o
                                         0x38 (size before relaxing)
 .eh_frame      0x000000000011dc5c       0x20 binaries/rdsopen.o
                                         0x38 (size before relaxing)
 .eh_frame      0x000000000011dc7c       0x1c binaries/rdsprocess.o
                                         0x34 (size before relaxing)
 .eh_frame      0x000000000011dc98       0xc0 binaries/rdsqfcns.o
                                         0xd8 (size before relaxing)
 .eh_frame      0x000000000011dd58       0x20 binaries/rdsread.o
                                         0x38 (size before relaxing)
 .eh_frame      0x000000000011dd78       0x20 binaries/rdssetprio.o
                                         0x38 (size before relaxing)
 .eh_frame      0x000000000011dd98       0x20 binaries/rdswrite.o
                                         0x38 (size before relaxing)
 .eh_frame      0x000000000011ddb8       0x20 binaries/ramclose.o
                                         0x38 (size before relaxing)
 .eh_frame      0x000000000011ddd8       0x20 binaries/raminit.o
                                         0x38 (size before relaxing)
 .eh_frame      0x000000000011ddf8       0x20 binaries/ramopen.o
                                         0x38 (size before relaxing)
 .eh_frame      0x000000000011de18       0x20 binaries/ramread.o
                                         0x38 (size before relaxing)
 .eh_frame      0x000000000011de38       0x20 binaries/ramwrite.o
                                         0x38 (size before relaxing)
 .eh_frame      0x000000000011de58       0x20 binaries/lfdballoc.o
                                         0x38 (size before relaxing)
 .eh_frame      0x000000000011de78       0x20 binaries/lfdbfree.o
                                         0x38 (size before relaxing)
 .eh_frame      0x000000000011de98       0x20 binaries/lfflush.o
                                         0x38 (size before relaxing)
 .eh_frame      0x000000000011deb8       0x20 binaries/lfgetmode.o
                                         0x38 (size before relaxing)
 .eh_frame      0x000000000011ded8       0x20 binaries/lfiballoc.o
                                         0x38 (size before relaxing)
 .eh_frame      0x000000000011def8       0x20 binaries/lfibclear.o
                                         0x38 (size before relaxing)
 .eh_frame      0x000000000011df18       0x20 binaries/lfibget.o
                                         0x38 (size before relaxing)
 .eh_frame      0x000000000011df38       0x20 binaries/lfibput.o
                                         0x38 (size before relaxing)
 .eh_frame      0x000000000011df58       0x20 binaries/lflclose.o
                                         0x38 (size before relaxing)
 .eh_frame      0x000000000011df78       0x20 binaries/lflcontrol.o
                                         0x38 (size before relaxing)
 .eh_frame      0x000000000011df98       0x20 binaries/lflgetc.o
                                         0x38 (size before relaxing)
 .eh_frame      0x000000000011dfb8       0x20 binaries/lflinit.o
                                         0x38 (size before relaxing)
 .eh_frame      0x000000000011dfd8       0x20 binaries/lflputc.o
                                         0x38 (size before relaxing)
 .eh_frame      0x000000000011dff8       0x20 binaries/lflread.o
                                         0x38 (size before relaxing)
 .eh_frame      0x000000000011e018       0x20 binaries/lflseek.o
                                         0x38 (size before relaxing)
 .eh_frame      0x000000000011e038       0x20 binaries/lflwrite.o
                                         0x38 (size before relaxing)
 .eh_frame      0x000000000011e058       0x20 binaries/lfscheck.o
                                         0x38 (size before relaxing)
 .eh_frame      0x000000000011e078       0x20 binaries/lfsckfmt.o
                                         0x38 (size before relaxing)
 .eh_frame      0x000000000011e098       0x20 binaries/lfscreate.o
                                         0x38 (size before relaxing)
 .eh_frame      0x000000000011e0b8       0x20 binaries/lfsetup.o
                                         0x38 (size before relaxing)
 .eh_frame      0x000000000011e0d8       0x20 binaries/lfsinit.o
                                         0x38 (size before relaxing)
 .eh_frame      0x000000000011e0f8       0x20 binaries/lfsopen.o
                                         0x38 (size before relaxing)
 .eh_frame      0x000000000011e118       0x20 binaries/lftruncate.o
                                         0x38 (size before relaxing)
 .eh_frame      0x000000000011e138       0x20 binaries/rflclose.o
                                         0x38 (size before relaxing)
 .eh_frame      0x000000000011e158       0x20 binaries/rflgetc.o
                                         0x38 (size before relaxing)
 .eh_frame      0x000000000011e178       0x20 binaries/rflinit.o
                                         0x38 (size before relaxing)
 .eh_frame      0x000000000011e198       0x20 binaries/rflputc.o
                                         0x38 (size before relaxing)
 .eh_frame      0x000000000011e1b8       0x20 binaries/rflread.o
                                         0x38 (size before relaxing)
 .eh_frame      0x000000000011e1d8       0x20 binaries/rflseek.o
                                         0x38 (size before relaxing)
 .eh_frame      0x000000000011e1f8       0x20 binaries/rflwrite.o
                                         0x38 (size before relaxing)
 .eh_frame      0x000000000011e218       0x20 binaries/rfscomm.o
                                         0x38 (size before relaxing)
 .eh_frame      0x000000000011e238       0x20 binaries/rfscontrol.o
                                         0x38 (size before relaxing)
 .eh_frame      0x000000000011e258       0x20 binaries/rfsgetmode.o
                                         0x38 (size before relaxing)
 .eh_frame      0x000000000011e278       0x20 binaries/rfsinit.o
                                         0x38 (size before relaxing)
 .eh_frame      0x000000000011e298       0x20 binaries/rfsndmsg.o
                                         0x38 (size before relaxing)
 .eh_frame      0x000000000011e2b8       0x20 binaries/rfsopen.o
                                         0x38 (size before relaxing)
 .eh_frame      0x000000000011e2d8       0xc0 binaries/arp.o
                                         0xd8 (size before relaxing)
 .eh_frame      0x000000000011e398       0xa0 binaries/dhcp.o
                                         0xb8 (size before relaxing)
 .eh_frame      0x000000000011e438       0x80 binaries/dns.o
                                         0x98 (size before relaxing)
 .eh_frame      0x000000000011e4b8       0x20 binaries/dot2ip.o
                                         0x38 (size before relaxing)
 .eh_frame      0x000000000011e4d8       0x40 binaries/hexdump.o
                                         0x58 (size before relaxing)
 .eh_frame      0x000000000011e518      0x150 binaries/icmp.o
                                        0x168 (size before relaxing)
 .eh_frame      0x000000000011e668      0x11c binaries/ip.o
                                        0x134 (size before relaxing)
 .eh_frame      0x000000000011e784       0xa0 binaries/net.o
                                         0xb8 (size before relaxing)
 .eh_frame      0x000000000011e824       0x60 binaries/pdump.o
                                         0x78 (size before relaxing)
 .eh_frame      0x000000000011e884       0x60 binaries/tftp.o
                                         0x78 (size before relaxing)
 .eh_frame      0x000000000011e8e4      0x140 binaries/udp.o
                                        0x158 (size before relaxing)
 .eh_frame      0x000000000011ea24       0x20 binaries/addargs.o
                                         0x38 (size before relaxing)
 .eh_frame      0x000000000011ea44       0x20 binaries/lexan.o
                                         0x38 (size before relaxing)
 .eh_frame      0x000000000011ea64       0x20 binaries/shell.o
                                         0x38 (size before relaxing)
 .eh_frame      0x000000000011ea84       0x20 binaries/xsh_argecho.o
                                         0x38 (size before relaxing)
 .eh_frame      0x000000000011eaa4       0x40 binaries/xsh_arp.o
                                         0x58 (size before relaxing)
 .eh_frame      0x000000000011eae4       0x20 binaries/xsh_cat.o
                                         0x38 (size before relaxing)
 .eh_frame      0x000000000011eb04       0x20 binaries/xsh_clear.o
                                         0x38 (size before relaxing)
 .eh_frame      0x000000000011eb24       0x20 binaries/xsh_date.o
                                         0x38 (size before relaxing)
 .eh_frame      0x000000000011eb44       0x20 binaries/xsh_devdump.o
                                         0x38 (size before relaxing)
 .eh_frame      0x000000000011eb64       0x20 binaries/xsh_echo.o
                                         0x38 (size before relaxing)
 .eh_frame      0x000000000011eb84       0x20 binaries/xsh_exit.o
                                         0x38 (size before relaxing)
 .eh_frame      0x000000000011eba4       0x2c binaries/xsh_help.o
                                         0x44 (size before relaxing)
 .eh_frame      0x000000000011ebd0       0x20 binaries/xsh_kill.o
                                         0x38 (size before relaxing)
 .eh_frame      0x000000000011ebf0       0x2c binaries/xsh_ls.o
                                         0x44 (size before relaxing)
 .eh_frame      0x000000000011ec1c       0x40 binaries/xsh_memdump.o
                                         0x58 (size before relaxing)
 .eh_frame      0x000000000011ec5c       0x60 binaries/xsh_memstat.o
                                         0x78 (size before relaxing)
 .eh_frame      0x000000000011ecbc       0x30 binaries/xsh_netinfo.o
                                         0x48 (size before relaxing)
 .eh_frame      0x000000000011ecec       0x30 binaries/xsh_ns.o
                                         0x48 (size before relaxing)
 .eh_frame      0x000000000011ed1c       0x28 binaries/xsh_ping.o
                                         0x40 (size before relaxing)
 .eh_frame      0x000000000011ed44       0x30 binaries/xsh_ps.o
                                         0x48 (size before relaxing)
 .eh_frame      0x000000000011ed74       0x20 binaries/xsh_sleep.o
                                         0x38 (size before relaxing)
 .eh_frame      0x000000000011ed94       0x20 binaries/xsh_udpdump.o
                                         0x38 (size before relaxing)
 .eh_frame      0x000000000011edb4       0x30 binaries/xsh_udpecho.o
                                         0x48 (size before relaxing)
 .eh_frame      0x000000000011ede4       0x28 binaries/xsh_udpserver.o
                                         0x40 (size before relaxing)
 .eh_frame      0x000000000011ee0c       0x20 binaries/xsh_uptime.o
                                         0x38 (size before relaxing)

.iplt           0x000000000011ee2c        0x0
 .iplt          0x000000000011ee2c        0x0 binaries/start.o

.rel.dyn        0x000000000011ee2c        0x0
 .rel.got       0x000000000011ee2c        0x0 binaries/start.o
 .rel.iplt      0x000000000011ee2c        0x0 binaries/start.o
 .rel.text      0x000000000011ee2c        0x0 binaries/start.o

.data           0x000000000011ee40     0x11c0
                0x000000000011ee40                data = ABSOLUTE (.)
 *(.data .data.*)
 .data          0x000000000011ee40      0x460 binaries/start.o
                0x000000000011ee40                gdt
                0x000000000011ee80                gdtr
                0x000000000011ee86                idt
                0x000000000011f286                idtr
                0x000000000011f28c                cpudelay
                0x000000000011f290                _bootdev
                0x000000000011f294                _cyloffset
 .data          0x000000000011f2a0       0x88 binaries/ascdate.o
                0x000000000011f2a0                Date
 .data          0x000000000011f328        0x0 binaries/bufinit.o
 .data          0x000000000011f328        0x0 binaries/chprio.o
 .data          0x000000000011f328        0x4 binaries/clkhandler.o
 .data          0x000000000011f32c        0x0 binaries/clkinit.o
 .data          0x000000000011f32c        0x0 binaries/close.o
 *fill*         0x000000000011f32c       0x14 
 .data          0x000000000011f340      0x5a0 binaries/conf.o
                0x000000000011f340                devtab
 .data          0x000000000011f8e0        0x0 binaries/control.o
 .data          0x000000000011f8e0        0x4 binaries/create.o
 .data          0x000000000011f8e4        0x0 binaries/create_user_process.o
 *fill*         0x000000000011f8e4       0x1c 
 .data          0x000000000011f900       0x40 binaries/evec.o
                0x000000000011f900                inames
 .data          0x000000000011f940        0x0 binaries/exit.o
 .data          0x000000000011f940        0x0 binaries/freebuf.o
 .data          0x000000000011f940        0x0 binaries/freemem.o
 .data          0x000000000011f940        0x0 binaries/getbuf.o
 .data          0x000000000011f940        0x0 binaries/getc.o
 .data          0x000000000011f940        0x0 binaries/getdev.o
 .data          0x000000000011f940        0x0 binaries/getitem.o
 .data          0x000000000011f940        0x0 binaries/getmem.o
 .data          0x000000000011f940        0x0 binaries/getpid.o
 .data          0x000000000011f940        0x0 binaries/getprio.o
 .data          0x000000000011f940        0x0 binaries/getstk.o
 .data          0x000000000011f940        0x0 binaries/getticks.o
 .data          0x000000000011f940        0x0 binaries/gettime.o
 .data          0x000000000011f940        0x0 binaries/getutime.o
 .data          0x000000000011f940       0x40 binaries/i386.o
                0x000000000011f940                gdt_copy
[...]
 .comment       0x0000000000000023       0x24 binaries/ip.o
 .comment       0x0000000000000023       0x24 binaries/net.o
 .comment       0x0000000000000023       0x24 binaries/pdump.o
 .comment       0x0000000000000023       0x24 binaries/tftp.o
 .comment       0x0000000000000023       0x24 binaries/udp.o
 .comment       0x0000000000000023       0x24 binaries/addargs.o
 .comment       0x0000000000000023       0x24 binaries/lexan.o
 .comment       0x0000000000000023       0x24 binaries/shell.o
 .comment       0x0000000000000023       0x24 binaries/xsh_argecho.o
 .comment       0x0000000000000023       0x24 binaries/xsh_arp.o
 .comment       0x0000000000000023       0x24 binaries/xsh_cat.o
 .comment       0x0000000000000023       0x24 binaries/xsh_clear.o
 .comment       0x0000000000000023       0x24 binaries/xsh_date.o
 .comment       0x0000000000000023       0x24 binaries/xsh_devdump.o
 .comment       0x0000000000000023       0x24 binaries/xsh_echo.o
 .comment       0x0000000000000023       0x24 binaries/xsh_exit.o
 .comment       0x0000000000000023       0x24 binaries/xsh_help.o
 .comment       0x0000000000000023       0x24 binaries/xsh_kill.o
 .comment       0x0000000000000023       0x24 binaries/xsh_ls.o
 .comment       0x0000000000000023       0x24 binaries/xsh_memdump.o
 .comment       0x0000000000000023       0x24 binaries/xsh_memstat.o
 .comment       0x0000000000000023       0x24 binaries/xsh_netinfo.o
 .comment       0x0000000000000023       0x24 binaries/xsh_ns.o
 .comment       0x0000000000000023       0x24 binaries/xsh_ping.o
 .comment       0x0000000000000023       0x24 binaries/xsh_ps.o
 .comment       0x0000000000000023       0x24 binaries/xsh_sleep.o
 .comment       0x0000000000000023       0x24 binaries/xsh_udpdump.o
 .comment       0x0000000000000023       0x24 binaries/xsh_udpecho.o
 .comment       0x0000000000000023       0x24 binaries/xsh_udpserver.o
 .comment       0x0000000000000023       0x24 binaries/xsh_uptime.o

.note.GNU-stack
                0x0000000000000000        0x0
 .note.GNU-stack
                0x0000000000000000        0x0 binaries/ascdate.o
 .note.GNU-stack
                0x0000000000000000        0x0 binaries/bufinit.o
 .note.GNU-stack
                0x0000000000000000        0x0 binaries/chprio.o
 .note.GNU-stack
                0x0000000000000000        0x0 binaries/clkhandler.o
 .note.GNU-stack
                0x0000000000000000        0x0 binaries/clkinit.o
 .note.GNU-stack
                0x0000000000000000        0x0 binaries/close.o
 .note.GNU-stack
                0x0000000000000000        0x0 binaries/conf.o
 .note.GNU-stack
                0x0000000000000000        0x0 binaries/control.o
 .note.GNU-stack
                0x0000000000000000        0x0 binaries/create.o
 .note.GNU-stack
                0x0000000000000000        0x0 binaries/create_user_process.o
 .note.GNU-stack
                0x0000000000000000        0x0 binaries/evec.o
 .note.GNU-stack
                0x0000000000000000        0x0 binaries/exit.o
 .note.GNU-stack
                0x0000000000000000        0x0 binaries/freebuf.o
 .note.GNU-stack
                0x0000000000000000        0x0 binaries/freemem.o
 .note.GNU-stack
                0x0000000000000000        0x0 binaries/getbuf.o
 .note.GNU-stack
                0x0000000000000000        0x0 binaries/getc.o
 .note.GNU-stack
                0x0000000000000000        0x0 binaries/getdev.o
 .note.GNU-stack
                0x0000000000000000        0x0 binaries/getitem.o
 .note.GNU-stack
                0x0000000000000000        0x0 binaries/getmem.o
 .note.GNU-stack
                0x0000000000000000        0x0 binaries/getpid.o
 .note.GNU-stack
                0x0000000000000000        0x0 binaries/getprio.o
 .note.GNU-stack
                0x0000000000000000        0x0 binaries/getstk.o
 .note.GNU-stack
                0x0000000000000000        0x0 binaries/getticks.o
 .note.GNU-stack
                0x0000000000000000        0x0 binaries/gettime.o
 .note.GNU-stack
                0x0000000000000000        0x0 binaries/getutime.o
 .note.GNU-stack
                0x0000000000000000        0x0 binaries/i386.o
 .note.GNU-stack
                0x0000000000000000        0x0 binaries/init.o
 .note.GNU-stack
                0x0000000000000000        0x0 binaries/initialize.o
 .note.GNU-stack
                0x0000000000000000        0x0 binaries/insert.o
 .note.GNU-stack
                0x0000000000000000        0x0 binaries/insertd.o
 .note.GNU-stack
                0x0000000000000000        0x0 binaries/ioerr.o
 .note.GNU-stack
                0x0000000000000000        0x0 binaries/ionull.o
 .note.GNU-stack
                0x0000000000000000        0x0 binaries/kill.o
 .note.GNU-stack
                0x0000000000000000        0x0 binaries/kprintf.o
 .note.GNU-stack
                0x0000000000000000        0x0 binaries/Lottery_scheduler.o
 .note.GNU-stack
                0x0000000000000000        0x0 binaries/main.o
 .note.GNU-stack
                0x0000000000000000        0x0 binaries/mark.o
 .note.GNU-stack
                0x0000000000000000        0x0 binaries/meminit.o
 .note.GNU-stack
                0x0000000000000000        0x0 binaries/mkbufpool.o
 .note.GNU-stack
                0x0000000000000000        0x0 binaries/newqueue.o
 .note.GNU-stack
                0x0000000000000000        0x0 binaries/open.o
 .note.GNU-stack
                0x0000000000000000        0x0 binaries/panic.o
 .note.GNU-stack
                0x0000000000000000        0x0 binaries/pci.o
 .note.GNU-stack
                0x0000000000000000        0x0 binaries/ptclear.o
 .note.GNU-stack
                0x0000000000000000        0x0 binaries/ptcount.o
 .note.GNU-stack
                0x0000000000000000        0x0 binaries/ptcreate.o
 .note.GNU-stack
                0x0000000000000000        0x0 binaries/ptdelete.o
 .note.GNU-stack
                0x0000000000000000        0x0 binaries/ptinit.o
 .note.GNU-stack
                0x0000000000000000        0x0 binaries/ptrecv.o
 .note.GNU-stack
                0x0000000000000000        0x0 binaries/ptreset.o
 .note.GNU-stack
                0x0000000000000000        0x0 binaries/ptsend.o
 .note.GNU-stack
                0x0000000000000000        0x0 binaries/putc.o
 .note.GNU-stack
                0x0000000000000000        0x0 binaries/queue.o
 .note.GNU-stack
                0x0000000000000000        0x0 binaries/read.o
 .note.GNU-stack
                0x0000000000000000        0x0 binaries/ready.o
 .note.GNU-stack
                0x0000000000000000        0x0 binaries/receive.o
 .note.GNU-stack
                0x0000000000000000        0x0 binaries/recvclr.o
 .note.GNU-stack
                0x0000000000000000        0x0 binaries/recvtime.o
 .note.GNU-stack
                0x0000000000000000        0x0 binaries/resched.o
 .note.GNU-stack
                0x0000000000000000        0x0 binaries/resume.o
 .note.GNU-stack
                0x0000000000000000        0x0 binaries/seek.o
 .note.GNU-stack
                0x0000000000000000        0x0 binaries/semcount.o
 .note.GNU-stack
                0x0000000000000000        0x0 binaries/semcreate.o
 .note.GNU-stack
                0x0000000000000000        0x0 binaries/semdelete.o
 .note.GNU-stack
                0x0000000000000000        0x0 binaries/semreset.o
 .note.GNU-stack
                0x0000000000000000        0x0 binaries/send.o
 .note.GNU-stack
                0x0000000000000000        0x0 binaries/signal.o
 .note.GNU-stack
                0x0000000000000000        0x0 binaries/signaln.o
 .note.GNU-stack
                0x0000000000000000        0x0 binaries/sleep.o
 .note.GNU-stack
                0x0000000000000000        0x0 binaries/stacktrace.o
 .note.GNU-stack
                0x0000000000000000        0x0 binaries/suspend.o
 .note.GNU-stack
                0x0000000000000000        0x0 binaries/unsleep.o
 .note.GNU-stack
                0x0000000000000000        0x0 binaries/userret.o
 .note.GNU-stack
                0x0000000000000000        0x0 binaries/wait.o
 .note.GNU-stack
                0x0000000000000000        0x0 binaries/wakeup.o
 .note.GNU-stack
                0x0000000000000000        0x0 binaries/write.o
 .note.GNU-stack
                0x0000000000000000        0x0 binaries/xdone.o
 .note.GNU-stack
                0x0000000000000000        0x0 binaries/yield.o
 .note.GNU-stack
                0x0000000000000000        0x0 binaries/abs.o
 .note.GNU-stack
                0x0000000000000000        0x0 binaries/atoi.o
 .note.GNU-stack
                0x0000000000000000        0x0 binaries/atol.o
 .note.GNU-stack
                0x0000000000000000        0x0 binaries/bzero.o
 .note.GNU-stack
                0x0000000000000000        0x0 binaries/ctype_.o
 .note.GNU-stack
                0x0000000000000000        0x0 binaries/doprnt.o
 .note.GNU-stack
                0x0000000000000000        0x0 binaries/doscan.o
 .note.GNU-stack
                0x0000000000000000        0x0 binaries/fdoprnt.o
 .note.GNU-stack
                0x0000000000000000        0x0 binaries/fgetc.o
 .note.GNU-stack
                0x0000000000000000        0x0 binaries/fgets.o
 .note.GNU-stack
                0x0000000000000000        0x0 binaries/fprintf.o
 .note.GNU-stack
                0x0000000000000000        0x0 binaries/fputc.o
 .note.GNU-stack
                0x0000000000000000        0x0 binaries/fputs.o
 .note.GNU-stack
                0x0000000000000000        0x0 binaries/fscanf.o
 .note.GNU-stack
                0x0000000000000000        0x0 binaries/getchar.o
 .note.GNU-stack
                0x0000000000000000        0x0 binaries/labs.o
 .note.GNU-stack
                0x0000000000000000        0x0 binaries/memcmp.o
 .note.GNU-stack
                0x0000000000000000        0x0 binaries/memcpy.o
 .note.GNU-stack
                0x0000000000000000        0x0 binaries/memset.o
 .note.GNU-stack
                0x0000000000000000        0x0 binaries/printf.o
 .note.GNU-stack
                0x0000000000000000        0x0 binaries/putchar.o
 .note.GNU-stack
                0x0000000000000000        0x0 binaries/qsort.o
 .note.GNU-stack
                0x0000000000000000        0x0 binaries/rand.o
 .note.GNU-stack
                0x0000000000000000        0x0 binaries/sprintf.o
 .note.GNU-stack
                0x0000000000000000        0x0 binaries/sscanf.o
 .note.GNU-stack
                0x0000000000000000        0x0 binaries/strchr.o
 .note.GNU-stack
                0x0000000000000000        0x0 binaries/strcmp.o
 .note.GNU-stack
                0x0000000000000000        0x0 binaries/strcpy.o
 .note.GNU-stack
                0x0000000000000000        0x0 binaries/strlen.o
 .note.GNU-stack
                0x0000000000000000        0x0 binaries/strncat.o
 .note.GNU-stack
                0x0000000000000000        0x0 binaries/strncmp.o
 .note.GNU-stack
                0x0000000000000000        0x0 binaries/strncpy.o
 .note.GNU-stack
                0x0000000000000000        0x0 binaries/strnlen.o
 .note.GNU-stack
                0x0000000000000000        0x0 binaries/strrchr.o
 .note.GNU-stack
                0x0000000000000000        0x0 binaries/strstr.o
 .note.GNU-stack
                0x0000000000000000        0x0 binaries/ttycontrol.o
 .note.GNU-stack
                0x0000000000000000        0x0 binaries/ttygetc.o
 .note.GNU-stack
                0x0000000000000000        0x0 binaries/ttyhandle_in.o
 .note.GNU-stack
                0x0000000000000000        0x0 binaries/ttyhandle_out.o
 .note.GNU-stack
                0x0000000000000000        0x0 binaries/ttyhandler.o
 .note.GNU-stack
                0x0000000000000000        0x0 binaries/ttyinit.o
 .note.GNU-stack
                0x0000000000000000        0x0 binaries/ttykickout.o
 .note.GNU-stack
                0x0000000000000000        0x0 binaries/ttyputc.o
 .note.GNU-stack
                0x0000000000000000        0x0 binaries/ttyread.o
 .note.GNU-stack
                0x0000000000000000        0x0 binaries/ttywrite.o
 .note.GNU-stack
                0x0000000000000000        0x0 binaries/mount.o
 .note.GNU-stack
                0x0000000000000000        0x0 binaries/naminit.o
 .note.GNU-stack
                0x0000000000000000        0x0 binaries/nammap.o
 .note.GNU-stack
                0x0000000000000000        0x0 binaries/namopen.o
 .note.GNU-stack
                0x0000000000000000        0x0 binaries/82545EMInit.o
 .note.GNU-stack
                0x0000000000000000        0x0 binaries/ethcontrol.o
 .note.GNU-stack
                0x0000000000000000        0x0 binaries/ethhandler.o
 .note.GNU-stack
                0x0000000000000000        0x0 binaries/ethinit.o
 .note.GNU-stack
                0x0000000000000000        0x0 binaries/ethread.o
 .note.GNU-stack
                0x0000000000000000        0x0 binaries/ethwrite.o
 .note.GNU-stack
                0x0000000000000000        0x0 binaries/rdscomm.o
 .note.GNU-stack
                0x0000000000000000        0x0 binaries/rdscontrol.o
 .note.GNU-stack
                0x0000000000000000        0x0 binaries/rdsinit.o
 .note.GNU-stack
                0x0000000000000000        0x0 binaries/rdsopen.o
 .note.GNU-stack
                0x0000000000000000        0x0 binaries/rdsprocess.o
 .note.GNU-stack
                0x0000000000000000        0x0 binaries/rdsqfcns.o
 .note.GNU-stack
                0x0000000000000000        0x0 binaries/rdsread.o
 .note.GNU-stack
                0x0000000000000000        0x0 binaries/rdssetprio.o
 .note.GNU-stack
                0x0000000000000000        0x0 binaries/rdswrite.o
 .note.GNU-stack
                0x0000000000000000        0x0 binaries/ramclose.o
 .note.GNU-stack
                0x0000000000000000        0x0 binaries/raminit.o
 .note.GNU-stack
                0x0000000000000000        0x0 binaries/ramopen.o
 .note.GNU-stack
                0x0000000000000000        0x0 binaries/ramread.o
 .note.GNU-stack
                0x0000000000000000        0x0 binaries/ramwrite.o
 .note.GNU-stack
                0x0000000000000000        0x0 binaries/lfdballoc.o
 .note.GNU-stack
                0x0000000000000000        0x0 binaries/lfdbfree.o
 .note.GNU-stack
                0x0000000000000000        0x0 binaries/lfflush.o
 .note.GNU-stack
                0x0000000000000000        0x0 binaries/lfgetmode.o
 .note.GNU-stack
                0x0000000000000000        0x0 binaries/lfiballoc.o
 .note.GNU-stack
                0x0000000000000000        0x0 binaries/lfibclear.o
 .note.GNU-stack
                0x0000000000000000        0x0 binaries/lfibget.o
 .note.GNU-stack
                0x0000000000000000        0x0 binaries/lfibput.o
 .note.GNU-stack
                0x0000000000000000        0x0 binaries/lflclose.o
 .note.GNU-stack
                0x0000000000000000        0x0 binaries/lflcontrol.o
 .note.GNU-stack
                0x0000000000000000        0x0 binaries/lflgetc.o
 .note.GNU-stack
                0x0000000000000000        0x0 binaries/lflinit.o
 .note.GNU-stack
                0x0000000000000000        0x0 binaries/lflputc.o
 .note.GNU-stack
                0x0000000000000000        0x0 binaries/lflread.o
 .note.GNU-stack
                0x0000000000000000        0x0 binaries/lflseek.o
 .note.GNU-stack
                0x0000000000000000        0x0 binaries/lflwrite.o
 .note.GNU-stack
                0x0000000000000000        0x0 binaries/lfscheck.o
 .note.GNU-stack
                0x0000000000000000        0x0 binaries/lfsckfmt.o
 .note.GNU-stack
                0x0000000000000000        0x0 binaries/lfscreate.o
 .note.GNU-stack
                0x0000000000000000        0x0 binaries/lfsetup.o
 .note.GNU-stack
                0x0000000000000000        0x0 binaries/lfsinit.o
 .note.GNU-stack
                0x0000000000000000        0x0 binaries/lfsopen.o
 .note.GNU-stack
                0x0000000000000000        0x0 binaries/lftruncate.o
 .note.GNU-stack
                0x0000000000000000        0x0 binaries/rflclose.o
 .note.GNU-stack
                0x0000000000000000        0x0 binaries/rflgetc.o
 .note.GNU-stack
                0x0000000000000000        0x0 binaries/rflinit.o
 .note.GNU-stack
                0x0000000000000000        0x0 binaries/rflputc.o
 .note.GNU-stack
                0x0000000000000000        0x0 binaries/rflread.o
 .note.GNU-stack
                0x0000000000000000        0x0 binaries/rflseek.o
 .note.GNU-stack
                0x0000000000000000        0x0 binaries/rflwrite.o
 .note.GNU-stack
                0x0000000000000000        0x0 binaries/rfscomm.o
 .note.GNU-stack
                0x0000000000000000        0x0 binaries/rfscontrol.o
 .note.GNU-stack
                0x0000000000000000        0x0 binaries/rfsgetmode.o
 .note.GNU-stack
                0x0000000000000000        0x0 binaries/rfsinit.o
 .note.GNU-stack
                0x0000000000000000        0x0 binaries/rfsndmsg.o
 .note.GNU-stack
                0x0000000000000000        0x0 binaries/rfsopen.o
 .note.GNU-stack
                0x0000000000000000        0x0 binaries/arp.o
 .note.GNU-stack
                0x0000000000000000        0x0 binaries/dhcp.o
 .note.GNU-stack
                0x0000000000000000        0x0 binaries/dns.o
 .note.GNU-stack
                0x0000000000000000        0x0 binaries/dot2ip.o
 .note.GNU-stack
                0x0000000000000000        0x0 binaries/hexdump.o
 .note.GNU-stack
                0x0000000000000000        0x0 binaries/icmp.o
 .note.GNU-stack
                0x0000000000000000        0x0 binaries/ip.o
 .note.GNU-stack
                0x0000000000000000        0x0 binaries/net.o
 .note.GNU-stack
                0x0000000000000000        0x0 binaries/pdump.o
 .note.GNU-stack
                0x0000000000000000        0x0 binaries/tftp.o
 .note.GNU-stack
                0x0000000000000000        0x0 binaries/udp.o
 .note.GNU-stack
                0x0000000000000000        0x0 binaries/addargs.o
 .note.GNU-stack
                0x0000000000000000        0x0 binaries/lexan.o
 .note.GNU-stack
                0x0000000000000000        0x0 binaries/shell.o
 .note.GNU-stack
                0x0000000000000000        0x0 binaries/xsh_argecho.o
 .note.GNU-stack
                0x0000000000000000        0x0 binaries/xsh_arp.o
 .note.GNU-stack
                0x0000000000000000        0x0 binaries/xsh_cat.o
 .note.GNU-stack
                0x0000000000000000        0x0 binaries/xsh_clear.o
 .note.GNU-stack
                0x0000000000000000        0x0 binaries/xsh_date.o
 .note.GNU-stack
                0x0000000000000000        0x0 binaries/xsh_devdump.o
 .note.GNU-stack
                0x0000000000000000        0x0 binaries/xsh_echo.o
 .note.GNU-stack
                0x0000000000000000        0x0 binaries/xsh_exit.o
 .note.GNU-stack
                0x0000000000000000        0x0 binaries/xsh_help.o
 .note.GNU-stack
                0x0000000000000000        0x0 binaries/xsh_kill.o
 .note.GNU-stack
                0x0000000000000000        0x0 binaries/xsh_ls.o
 .note.GNU-stack
                0x0000000000000000        0x0 binaries/xsh_memdump.o
 .note.GNU-stack
                0x0000000000000000        0x0 binaries/xsh_memstat.o
 .note.GNU-stack
                0x0000000000000000        0x0 binaries/xsh_netinfo.o
 .note.GNU-stack
                0x0000000000000000        0x0 binaries/xsh_ns.o
 .note.GNU-stack
                0x0000000000000000        0x0 binaries/xsh_ping.o
 .note.GNU-stack
                0x0000000000000000        0x0 binaries/xsh_ps.o
 .note.GNU-stack
                0x0000000000000000        0x0 binaries/xsh_sleep.o
 .note.GNU-stack
                0x0000000000000000        0x0 binaries/xsh_udpdump.o
 .note.GNU-stack
                0x0000000000000000        0x0 binaries/xsh_udpecho.o
 .note.GNU-stack
                0x0000000000000000        0x0 binaries/xsh_udpserver.o
 .note.GNU-stack
                0x0000000000000000        0x0 binaries/xsh_uptime.o
